Archive member included to satisfy reference by file (symbol)

C:/devkitPro/libnds/lib\libnds9.a(background.o)
                              arm9.o (bgState)
C:/devkitPro/libnds/lib\libnds9.a(trig.o)
                              C:/devkitPro/libnds/lib\libnds9.a(background.o) (sinLerp)
C:/devkitPro/libnds/lib\libnds9.a(touch.o)
                              arm9.o (touchRead)
C:/devkitPro/libnds/lib\libnds9.a(sprite_alloc.o)
                              arm9.o (oamAllocateGfx)
C:/devkitPro/libnds/lib\libnds9.a(system.o)
                              arm9.o (enableSlot1)
C:/devkitPro/libnds/lib\libnds9.a(console.o)
                              arm9.o (consoleDemoInit)
C:/devkitPro/libnds/lib\libnds9.a(sprite.o)
                              arm9.o (oamInit)
C:/devkitPro/libnds/lib\libnds9.a(keys.o)
                              arm9.o (scanKeys)
C:/devkitPro/libnds/lib\libnds9.a(initSystem.o)
                              C:/devkitPro/devkitARM/bin/../lib/gcc/arm-none-eabi/14.1.0/../../../../arm-none-eabi/lib/thumb/ds_arm9_crt0.o (initSystem)
C:/devkitPro/libnds/lib\libnds9.a(securearea.o)
                              C:/devkitPro/devkitARM/bin/../lib/gcc/arm-none-eabi/14.1.0/../../../../arm-none-eabi/lib/thumb/ds_arm9_crt0.o (__secure_area__)
C:/devkitPro/libnds/lib\libnds9.a(interrupts.o)
                              C:/devkitPro/libnds/lib\libnds9.a(initSystem.o) (irqInit)
C:/devkitPro/libnds/lib\libnds9.a(libnds_exit.arm.o)
                              C:/devkitPro/devkitARM/bin/../lib/gcc/arm-none-eabi/14.1.0/../../../../arm-none-eabi/lib/thumb/ds_arm9_crt0.o (__libnds_exit)
C:/devkitPro/libnds/lib\libnds9.a(fifosystem.o)
                              C:/devkitPro/libnds/lib\libnds9.a(initSystem.o) (fifoSetValue32Handler)
C:/devkitPro/libnds/lib\libnds9.a(dcache.o)
                              C:/devkitPro/libnds/lib\libnds9.a(sprite.o) (DC_FlushRange)
C:/devkitPro/libnds/lib\libnds9.a(mpu_setup.o)
                              C:/devkitPro/devkitARM/bin/../lib/gcc/arm-none-eabi/14.1.0/../../../../arm-none-eabi/lib/thumb/ds_arm9_crt0.o (__libnds_mpu_setup)
C:/devkitPro/libnds/lib\libnds9.a(IntrWait.o)
                              arm9.o (swiWaitForVBlank)
C:/devkitPro/libnds/lib\libnds9.a(cpu_clock.o)
                              C:/devkitPro/libnds/lib\libnds9.a(initSystem.o) (setCpuClock)
C:/devkitPro/libnds/lib\libnds9.a(interruptDispatcher.o)
                              C:/devkitPro/libnds/lib\libnds9.a(interrupts.o) (IntrMain)
C:/devkitPro/libnds/lib\libnds9.a(biosCalls.o)
                              arm9.o (swiDelay)
C:/devkitPro/libnds/lib\libnds9.a(debugprint.o)
                              C:/devkitPro/libnds/lib\libnds9.a(console.o) (nocashWrite)
C:/devkitPro/libnds/lib\libnds9.a(swiSoftReset.o)
                              C:/devkitPro/libnds/lib\libnds9.a(fifosystem.o) (swiSoftReset)
C:/devkitPro/libnds/lib\libnds9.a(default_font.bin.o)
                              C:/devkitPro/libnds/lib\libnds9.a(console.o) (default_font_bin)
C:/devkitPro/libnds/lib\libnds9.a(video.o)
                              C:/devkitPro/libnds/lib\libnds9.a(initSystem.o) (vramDefault)
C:\devkitPro\libcamera/lib\libcamera9.a(cam9.o)
                              arm9.o (camInit)
C:\devkitPro\libcamera/lib\libcamera9.a(cam_dma.o)
                              C:\devkitPro\libcamera/lib\libcamera9.a(cam9.o) (camDMAStart)
C:/devkitPro/devkitARM/bin/../lib/gcc/arm-none-eabi/14.1.0/thumb\libgcc.a(_divsi3.o)
                              arm9.o (__aeabi_idivmod)
C:/devkitPro/devkitARM/bin/../lib/gcc/arm-none-eabi/14.1.0/thumb\libgcc.a(_dvmd_tls.o)
                              C:/devkitPro/devkitARM/bin/../lib/gcc/arm-none-eabi/14.1.0/thumb\libgcc.a(_divsi3.o) (__aeabi_idiv0)
C:/devkitPro/devkitARM/bin/../lib/gcc/arm-none-eabi/14.1.0/thumb\libgcc.a(_sync_none.o)
                              (__sync_synchronize_none)
C:/devkitPro/devkitARM/bin/../lib/gcc/arm-none-eabi/14.1.0/thumb\libgcc.a(unwind-arm.o)
                              arm9.o (__aeabi_unwind_cpp_pr1)
C:/devkitPro/devkitARM/bin/../lib/gcc/arm-none-eabi/14.1.0/thumb\libgcc.a(libunwind.o)
                              C:/devkitPro/devkitARM/bin/../lib/gcc/arm-none-eabi/14.1.0/thumb\libgcc.a(unwind-arm.o) (restore_core_regs)
C:/devkitPro/devkitARM/bin/../lib/gcc/arm-none-eabi/14.1.0/thumb\libgcc.a(pr-support.o)
                              C:/devkitPro/devkitARM/bin/../lib/gcc/arm-none-eabi/14.1.0/thumb\libgcc.a(unwind-arm.o) (__gnu_unwind_execute)
C:/devkitPro/devkitARM/bin/../lib/gcc/arm-none-eabi/14.1.0/../../../../arm-none-eabi/lib/thumb\libg.a(libc_a-fwrite.o)
                              C:\devkitPro\libcamera/lib\libcamera9.a(cam9.o) (fwrite)
C:/devkitPro/devkitARM/bin/../lib/gcc/arm-none-eabi/14.1.0/../../../../arm-none-eabi/lib/thumb\libg.a(libc_a-fvwrite.o)
                              C:/devkitPro/devkitARM/bin/../lib/gcc/arm-none-eabi/14.1.0/../../../../arm-none-eabi/lib/thumb\libg.a(libc_a-fwrite.o) (__sfvwrite_r)
[...]
Memory Configuration

Name             Origin             Length             Attributes
ewram            0x02000000         0x00380000
dtcm             0x02ff0000         0x00004000
vectors          0x01000000         0x00000100
itcm             0x01000100         0x00007f00
*default*        0x00000000         0xffffffff

Linker script and memory map

                0x00000000                        __sync_synchronize = __sync_synchronize_none
                0x02380000                        __ewram_end = (ORIGIN (ewram) + LENGTH (ewram))
                0x02380000                        __eheap_end = (ORIGIN (ewram) + LENGTH (ewram))
                0x02ff4000                        __dtcm_top = (ORIGIN (dtcm) + LENGTH (dtcm))
                0x02ff3ff8                        __irq_flags = (__dtcm_top - 0x8)
                0x02ff3ffc                        __irq_vector = (__dtcm_top - 0x4)
                0x02ff3f00                        __sp_svc = (__dtcm_top - 0x100)
                0x02ff3e00                        __sp_irq = (__sp_svc - 0x100)
                0x02ff3d00                        __sp_usr = (__sp_irq - 0x100)

.secure         0x02000000      0x800
 *(.secure)
 .secure        0x02000000      0x800 C:/devkitPro/libnds/lib\libnds9.a(securearea.o)
                0x02000000                __secure_area__

.crt0           0x02000800      0x300
                0x02000800                        __text_start = .
 *(.crt0)
 .crt0          0x02000800      0x300 C:/devkitPro/devkitARM/bin/../lib/gcc/arm-none-eabi/14.1.0/../../../../arm-none-eabi/lib/thumb/ds_arm9_crt0.o
                0x02000800                _start
                0x02000b00                        . = ALIGN (0x4)

.plt
 *(.plt)

.init           0x02000b00        0xc
 *(SORT_NONE(.init))
 .init          0x02000b00        0x4 C:/devkitPro/devkitARM/bin/../lib/gcc/arm-none-eabi/14.1.0/thumb/crti.o
                0x02000b00                _init
 .init          0x02000b04        0x8 C:/devkitPro/devkitARM/bin/../lib/gcc/arm-none-eabi/14.1.0/thumb/crtn.o

.text           0x02000b10     0xb0e0
 *(EXCLUDE_FILE(*.twl* *.vectors* *.itcm*) .text)
 .text          0x02000b10      0x1fc C:\devkitPro\libcamera/lib\libcamera9.a(cam9.o)
                0x02000b10                waitForARM7
                0x02000b38                camInit
                0x02000c74                camFetch
                0x02000cac                camStop
                0x02000cdc                camSwitch
 .text          0x02000d0c       0x50 C:\devkitPro\libcamera/lib\libcamera9.a(cam_dma.o)
                0x02000d0c                camDMAStart
 .text          0x02000d5c      0x150 C:/devkitPro/devkitARM/bin/../lib/gcc/arm-none-eabi/14.1.0/thumb\libgcc.a(_divsi3.o)
                0x02000d5c                __divsi3
                0x02000d5c                __aeabi_idiv
                0x02000e8c                __aeabi_idivmod
 .text          0x02000eac        0x4 C:/devkitPro/devkitARM/bin/../lib/gcc/arm-none-eabi/14.1.0/thumb\libgcc.a(_dvmd_tls.o)
                0x02000eac                __aeabi_idiv0
                0x02000eac                __aeabi_ldiv0
 .text          0x02000eb0      0x1d8 C:/devkitPro/devkitARM/bin/../lib/gcc/arm-none-eabi/14.1.0/thumb\libgcc.a(libunwind.o)
                0x02000eb0                __restore_core_regs
                0x02000eb0                restore_core_regs
                0x02000ecc                __gnu_Unwind_Restore_VFP
                0x02000ed4                __gnu_Unwind_Save_VFP
                0x02000edc                __gnu_Unwind_Restore_VFP_D
                0x02000ee4                __gnu_Unwind_Save_VFP_D
                0x02000eec                __gnu_Unwind_Restore_VFP_D_16_to_31
                0x02000ef4                __gnu_Unwind_Save_VFP_D_16_to_31
                0x02000efc                __gnu_Unwind_Restore_WMMXD
                0x02000f40                __gnu_Unwind_Save_WMMXD
                0x02000f84                __gnu_Unwind_Restore_WMMXC
                0x02000f98                __gnu_Unwind_Save_WMMXC
                0x02000fac                ___Unwind_RaiseException
                0x02000fac                _Unwind_RaiseException
                0x02000fd8                _Unwind_Resume
                0x02000fd8                ___Unwind_Resume
                0x02001004                _Unwind_Resume_or_Rethrow
                0x02001004                ___Unwind_Resume_or_Rethrow
                0x02001030                _Unwind_ForcedUnwind
                0x02001030                ___Unwind_ForcedUnwind
                0x0200105c                ___Unwind_Backtrace
                0x0200105c                _Unwind_Backtrace
 .text          0x02001088       0x14 C:/devkitPro/devkitARM/bin/../lib/gcc/arm-none-eabi/14.1.0/thumb\libgcc.a(_thumb1_case_uqi.o)
                0x02001088                __gnu_thumb1_case_uqi
 .text          0x0200109c       0x14 C:/devkitPro/devkitARM/bin/../lib/gcc/arm-none-eabi/14.1.0/thumb\libgcc.a(_thumb1_case_uhi.o)
                0x0200109c                __gnu_thumb1_case_uhi
 .text          0x020010b0      0x11c C:/devkitPro/devkitARM/bin/../lib/gcc/arm-none-eabi/14.1.0/thumb\libgcc.a(_udivsi3.o)
                0x020010b0                __aeabi_uidiv
                0x020010b0                __udivsi3
                0x020011ac                __aeabi_uidivmod
 .text          0x020011cc       0x3c C:/devkitPro/devkitARM/bin/../lib/gcc/arm-none-eabi/14.1.0/thumb\libgcc.a(_aeabi_uldivmod.o)
                0x020011cc                __aeabi_uldivmod
 .text          0x02001208       0x28 C:/devkitPro/devkitARM/bin/../lib/gcc/arm-none-eabi/14.1.0/thumb\libgcc.a(_clzdi2.o)
                0x02001208                __clzdi2
 .text          0x02001230       0x48 C:/devkitPro/devkitARM/bin/../lib/gcc/arm-none-eabi/14.1.0/thumb\libgcc.a(_clzsi2.o)
                0x02001230                __clzsi2
 *(EXCLUDE_FILE(*.twl* *.vectors* *.itcm*) .stub)
 *(EXCLUDE_FILE(*.twl* *.vectors* *.itcm*) .text.*)
 .text.__do_global_dtors_aux
                0x02001278       0x2c C:/devkitPro/devkitARM/bin/../lib/gcc/arm-none-eabi/14.1.0/thumb/crtbegin.o
 .text.frame_dummy
                0x020012a4       0x24 C:/devkitPro/devkitARM/bin/../lib/gcc/arm-none-eabi/14.1.0/thumb/crtbegin.o
 .text.startup  0x020012c8      0x504 arm9.o
                0x020012c8                main
 .text.checkIfText
                0x020017cc       0x5c C:/devkitPro/libnds/lib\libnds9.a(background.o)
                0x020017cc                checkIfText
 .text.bgUpdate
                0x02001828       0xf4 C:/devkitPro/libnds/lib\libnds9.a(background.o)
                0x02001828                bgUpdate
 .text.bgInit_call
                0x0200191c       0xc4 C:/devkitPro/libnds/lib\libnds9.a(background.o)
                0x0200191c                bgInit_call
 .text.bgInitSub_call
                0x020019e0       0xcc C:/devkitPro/libnds/lib\libnds9.a(background.o)
                0x020019e0                bgInitSub_call
 .text.sinLutLookup
                0x02001aac       0x4c C:/devkitPro/libnds/lib\libnds9.a(trig.o)
                0x02001aac                sinLutLookup
 .text.sinLerp  0x02001af8       0x40 C:/devkitPro/libnds/lib\libnds9.a(trig.o)
                0x02001af8                sinLerp
 .text.cosLerp  0x02001b38       0x4c C:/devkitPro/libnds/lib\libnds9.a(trig.o)
                0x02001b38                cosLerp
 .text.touchRead
                0x02001b84       0x24 C:/devkitPro/libnds/lib\libnds9.a(touch.o)
                0x02001b84                touchRead
 .text.oamAllocReset
                0x02001ba8       0x1c C:/devkitPro/libnds/lib\libnds9.a(sprite_alloc.o)
                0x02001ba8                oamAllocReset
 .text.oamAllocateGfx
                0x02001bc4      0x50c C:/devkitPro/libnds/lib\libnds9.a(sprite_alloc.o)
                0x02001bc4                oamAllocateGfx
 .text.systemValueHandler
                0x020020d0       0x48 C:/devkitPro/libnds/lib\libnds9.a(system.o)
                0x020020d0                systemValueHandler
 .text.systemMsgHandler
                0x02002118       0x60 C:/devkitPro/libnds/lib\libnds9.a(system.o)
                0x02002118                systemMsgHandler
 .text.powerOn  0x02002178       0x2c C:/devkitPro/libnds/lib\libnds9.a(system.o)
                0x02002178                powerOn
 .text.enableSlot1
                0x020021a4       0x1c C:/devkitPro/libnds/lib\libnds9.a(system.o)
                0x020021a4                enableSlot1
 .text.newRow   0x020021c0       0xa8 C:/devkitPro/libnds/lib\libnds9.a(console.o)
 .text.consolePrintChar
                0x02002268       0xe0 C:/devkitPro/libnds/lib\libnds9.a(console.o)
                0x02002268                consolePrintChar
 .text.con_write
                0x02002348      0x36c C:/devkitPro/libnds/lib\libnds9.a(console.o)
                0x02002348                con_write
 .text.consoleLoadFont
                0x020026b4      0x2a0 C:/devkitPro/libnds/lib\libnds9.a(console.o)
                0x020026b4                consoleLoadFont
 .text.consoleInit
                0x02002954      0x18c C:/devkitPro/libnds/lib\libnds9.a(console.o)
                0x02002954                consoleInit
 .text.consoleDemoInit
                0x02002ae0       0x40 C:/devkitPro/libnds/lib\libnds9.a(console.o)
                0x02002ae0                consoleDemoInit
 .text.oamInit  0x02002b20      0x114 C:/devkitPro/libnds/lib\libnds9.a(sprite.o)
                0x02002b20                oamInit
 .text.oamGetGfxPtr
                0x02002c34       0x38 C:/devkitPro/libnds/lib\libnds9.a(sprite.o)
                0x02002c34                oamGetGfxPtr
 .text.oamGfxPtrToOffset
                0x02002c6c       0x34 C:/devkitPro/libnds/lib\libnds9.a(sprite.o)
                0x02002c6c                oamGfxPtrToOffset
 .text.oamSet   0x02002ca0      0x104 C:/devkitPro/libnds/lib\libnds9.a(sprite.o)
                0x02002ca0                oamSet
 .text.oamUpdate
                0x02002da4       0x60 C:/devkitPro/libnds/lib\libnds9.a(sprite.o)
                0x02002da4                oamUpdate
 .text.scanKeys
                0x02002e04       0x8c C:/devkitPro/libnds/lib\libnds9.a(keys.o)
                0x02002e04                scanKeys
 .text.keysDown
                0x02002e90       0x14 C:/devkitPro/libnds/lib\libnds9.a(keys.o)
                0x02002e90                keysDown
 .text.__syscall_exit
                0x02002ea4        0x8 C:/devkitPro/libnds/lib\libnds9.a(initSystem.o)
                0x02002ea4                __syscall_exit
 .text.initSystem
                0x02002eac      0x180 C:/devkitPro/libnds/lib\libnds9.a(initSystem.o)
                0x02002eac                initSystem
 .text.irqDummy
                0x0200302c        0x4 C:/devkitPro/libnds/lib\libnds9.a(interrupts.o)
                0x0200302c                irqDummy
 .text.irqSet   0x02003030       0x6c C:/devkitPro/libnds/lib\libnds9.a(interrupts.o)
                0x02003030                irqSet
 .text.irqInit  0x0200309c       0x50 C:/devkitPro/libnds/lib\libnds9.a(interrupts.o)
                0x0200309c                irqInit
 .text.irqEnable
                0x020030ec       0x64 C:/devkitPro/libnds/lib\libnds9.a(interrupts.o)
                0x020030ec                irqEnable
 .text.systemErrorExit
                0x02003150        0x4 C:/devkitPro/libnds/lib\libnds9.a(libnds_exit.arm.o)
                0x02003150                systemErrorExit
 .text.__libnds_exit
                0x02003154       0x5c C:/devkitPro/libnds/lib\libnds9.a(libnds_exit.arm.o)
                0x02003154                __libnds_exit
 .text.fifo_queueBlock
                0x020031b0       0x44 C:/devkitPro/libnds/lib\libnds9.a(fifosystem.o)
 .text.fifo_waitBlock
                0x020031f4       0x80 C:/devkitPro/libnds/lib\libnds9.a(fifosystem.o)
 .text.fifoInternalSend.part.0
                0x02003274       0xd4 C:/devkitPro/libnds/lib\libnds9.a(fifosystem.o)
 .text.fifoInternalSendInterrupt
                0x02003348       0xb0 C:/devkitPro/libnds/lib\libnds9.a(fifosystem.o)
 .text.fifoSetValue32Handler
                0x020033f8       0xd4 C:/devkitPro/libnds/lib\libnds9.a(fifosystem.o)
                0x020033f8                fifoSetValue32Handler
 .text.fifoSendValue32
                0x020034cc       0x4c C:/devkitPro/libnds/lib\libnds9.a(fifosystem.o)
                0x020034cc                fifoSendValue32
 .text.fifoGetValue32
                0x02003518       0x70 C:/devkitPro/libnds/lib\libnds9.a(fifosystem.o)
                0x02003518                fifoGetValue32
 .text.fifoGetDatamsg
                0x02003588       0xf4 C:/devkitPro/libnds/lib\libnds9.a(fifosystem.o)
                0x02003588                fifoGetDatamsg
 .text.fifoInternalRecvInterrupt
                0x0200367c      0x37c C:/devkitPro/libnds/lib\libnds9.a(fifosystem.o)
 .text.fifoSetDatamsgHandler
                0x020039f8       0x9c C:/devkitPro/libnds/lib\libnds9.a(fifosystem.o)
                0x020039f8                fifoSetDatamsgHandler
 .text.fifoCheckValue32
                0x02003a94       0x24 C:/devkitPro/libnds/lib\libnds9.a(fifosystem.o)
                0x02003a94                fifoCheckValue32
 .text.fifoInit
                0x02003ab8      0x108 C:/devkitPro/libnds/lib\libnds9.a(fifosystem.o)
                0x02003ab8                fifoInit
 .text.DC_FlushRange
                0x02003bc0       0x24 C:/devkitPro/libnds/lib\libnds9.a(dcache.o)
                0x02003bc0                DC_FlushRange
 .text.__libnds_mpu_setup
                0x02003be4      0x174 C:/devkitPro/libnds/lib\libnds9.a(mpu_setup.o)
                0x02003be4                __libnds_mpu_setup
 .text.memUncached
                0x02003d58       0x20 C:/devkitPro/libnds/lib\libnds9.a(mpu_setup.o)
                0x02003d58                memUncached
 .text.swiWaitForVBlank
                0x02003d78        0x8 C:/devkitPro/libnds/lib\libnds9.a(IntrWait.o)
                0x02003d78                swiWaitForVBlank
 .text.swiIntrWait
                0x02003d80       0x70 C:/devkitPro/libnds/lib\libnds9.a(IntrWait.o)
                0x02003d80                swiIntrWait
 .text.setCpuClock
                0x02003df0       0x50 C:/devkitPro/libnds/lib\libnds9.a(cpu_clock.o)
                0x02003df0                setCpuClock
 .text.swiDelay
                0x02003e40        0x4 C:/devkitPro/libnds/lib\libnds9.a(biosCalls.o)
                0x02003e40                swiDelay
 .text.swiSoftReset
                0x02003e44       0x2c C:/devkitPro/libnds/lib\libnds9.a(swiSoftReset.o)
                0x02003e44                swiSoftReset
 .text.vramDefault
                0x02003e70       0xd0 C:/devkitPro/libnds/lib\libnds9.a(video.o)
                0x02003e70                vramDefault
 .text.selfrel_offset31
                0x02003f40       0x18 C:/devkitPro/devkitARM/bin/../lib/gcc/arm-none-eabi/14.1.0/thumb\libgcc.a(unwind-arm.o)
 .text.search_EIT_table
                0x02003f58       0x74 C:/devkitPro/devkitARM/bin/../lib/gcc/arm-none-eabi/14.1.0/thumb\libgcc.a(unwind-arm.o)
 .text.__gnu_unwind_get_pr_addr
                0x02003fcc       0x28 C:/devkitPro/devkitARM/bin/../lib/gcc/arm-none-eabi/14.1.0/thumb\libgcc.a(unwind-arm.o)
 .text.get_eit_entry
                0x02003ff4       0x98 C:/devkitPro/devkitARM/bin/../lib/gcc/arm-none-eabi/14.1.0/thumb\libgcc.a(unwind-arm.o)
 .text.restore_non_core_regs
                0x0200408c       0x60 C:/devkitPro/devkitARM/bin/../lib/gcc/arm-none-eabi/14.1.0/thumb\libgcc.a(unwind-arm.o)
 .text._Unwind_decode_typeinfo_ptr.constprop.0
                0x020040ec        0xc C:/devkitPro/devkitARM/bin/../lib/gcc/arm-none-eabi/14.1.0/thumb\libgcc.a(unwind-arm.o)
 .text._Unwind_DebugHook
                0x020040f8        0x4 C:/devkitPro/devkitARM/bin/../lib/gcc/arm-none-eabi/14.1.0/thumb\libgcc.a(unwind-arm.o)
 .text.unwind_phase2
                0x020040fc       0x40 C:/devkitPro/devkitARM/bin/../lib/gcc/arm-none-eabi/14.1.0/thumb\libgcc.a(unwind-arm.o)
 .text.unwind_phase2_forced
                0x0200413c       0xe8 C:/devkitPro/devkitARM/bin/../lib/gcc/arm-none-eabi/14.1.0/thumb\libgcc.a(unwind-arm.o)
 .text.__gnu_Unwind_RaiseException
                0x02004224       0x5c C:/devkitPro/devkitARM/bin/../lib/gcc/arm-none-eabi/14.1.0/thumb\libgcc.a(unwind-arm.o)
                0x02004224                __gnu_Unwind_RaiseException
 .text.__gnu_Unwind_ForcedUnwind
                0x02004280       0x18 C:/devkitPro/devkitARM/bin/../lib/gcc/arm-none-eabi/14.1.0/thumb\libgcc.a(unwind-arm.o)
                0x02004280                __gnu_Unwind_ForcedUnwind
 .text.__gnu_Unwind_Resume
                0x02004298       0x4c C:/devkitPro/devkitARM/bin/../lib/gcc/arm-none-eabi/14.1.0/thumb\libgcc.a(unwind-arm.o)
                0x02004298                __gnu_Unwind_Resume
 .text.__gnu_Unwind_Resume_or_Rethrow
                0x020042e4       0x20 C:/devkitPro/devkitARM/bin/../lib/gcc/arm-none-eabi/14.1.0/thumb\libgcc.a(unwind-arm.o)
                0x020042e4                __gnu_Unwind_Resume_or_Rethrow
 .text._Unwind_VRS_Get
                0x02004304       0x44 C:/devkitPro/devkitARM/bin/../lib/gcc/arm-none-eabi/14.1.0/thumb\libgcc.a(unwind-arm.o)
                0x02004304                _Unwind_VRS_Get
 .text._Unwind_GetGR
                0x02004348       0x1c C:/devkitPro/devkitARM/bin/../lib/gcc/arm-none-eabi/14.1.0/thumb\libgcc.a(unwind-arm.o)
 .text._Unwind_VRS_Set
                0x02004364       0x44 C:/devkitPro/devkitARM/bin/../lib/gcc/arm-none-eabi/14.1.0/thumb\libgcc.a(unwind-arm.o)
                0x02004364                _Unwind_VRS_Set
 .text._Unwind_SetGR
                0x020043a8       0x1c C:/devkitPro/devkitARM/bin/../lib/gcc/arm-none-eabi/14.1.0/thumb\libgcc.a(unwind-arm.o)
 .text.__gnu_Unwind_Backtrace
                0x020043c4       0x8c C:/devkitPro/devkitARM/bin/../lib/gcc/arm-none-eabi/14.1.0/thumb\libgcc.a(unwind-arm.o)
                0x020043c4                __gnu_Unwind_Backtrace
 .text.__gnu_unwind_pr_common
                0x02004450      0x2cc C:/devkitPro/devkitARM/bin/../lib/gcc/arm-none-eabi/14.1.0/thumb\libgcc.a(unwind-arm.o)
 .text.__aeabi_unwind_cpp_pr0
                0x0200471c       0x10 C:/devkitPro/devkitARM/bin/../lib/gcc/arm-none-eabi/14.1.0/thumb\libgcc.a(unwind-arm.o)
                0x0200471c                __aeabi_unwind_cpp_pr0
 .text.__aeabi_unwind_cpp_pr1
                0x0200472c       0x10 C:/devkitPro/devkitARM/bin/../lib/gcc/arm-none-eabi/14.1.0/thumb\libgcc.a(unwind-arm.o)
                0x0200472c                __aeabi_unwind_cpp_pr1
 .text.__aeabi_unwind_cpp_pr2
                0x0200473c       0x10 C:/devkitPro/devkitARM/bin/../lib/gcc/arm-none-eabi/14.1.0/thumb\libgcc.a(unwind-arm.o)
                0x0200473c                __aeabi_unwind_cpp_pr2
 .text._Unwind_VRS_Pop
                0x0200474c      0x2e4 C:/devkitPro/devkitARM/bin/../lib/gcc/arm-none-eabi/14.1.0/thumb\libgcc.a(unwind-arm.o)
                0x0200474c                _Unwind_VRS_Pop
 .text.next_unwind_byte
                0x02004a30       0x34 C:/devkitPro/devkitARM/bin/../lib/gcc/arm-none-eabi/14.1.0/thumb\libgcc.a(pr-support.o)
 .text.__gnu_unwind_execute
                0x02004a64      0x30c C:/devkitPro/devkitARM/bin/../lib/gcc/arm-none-eabi/14.1.0/thumb\libgcc.a(pr-support.o)
                0x02004a64                __gnu_unwind_execute
 .text._fwrite_r
                0x02004d70       0xa4 C:/devkitPro/devkitARM/bin/../lib/gcc/arm-none-eabi/14.1.0/../../../../arm-none-eabi/lib/thumb\libg.a(libc_a-fwrite.o)
                0x02004d70                _fwrite_r
 .text.fwrite   0x02004e14       0x24 C:/devkitPro/devkitARM/bin/../lib/gcc/arm-none-eabi/14.1.0/../../../../arm-none-eabi/lib/thumb\libg.a(libc_a-fwrite.o)
                0x02004e14                fwrite
 .text.__sfvwrite_r
                0x02004e38      0x304 C:/devkitPro/devkitARM/bin/../lib/gcc/arm-none-eabi/14.1.0/../../../../arm-none-eabi/lib/thumb\libg.a(libc_a-fvwrite.o)
                0x02004e38                __sfvwrite_r
 .text.memchr   0x0200513c       0x80 C:/devkitPro/devkitARM/bin/../lib/gcc/arm-none-eabi/14.1.0/../../../../arm-none-eabi/lib/thumb\libg.a(libc_a-memchr-stub.o)
                0x0200513c                memchr
 .text.siscanf  0x020051bc       0x50 C:/devkitPro/devkitARM/bin/../lib/gcc/arm-none-eabi/14.1.0/../../../../arm-none-eabi/lib/thumb\libg.a(libc_a-siscanf.o)
                0x020051bc                siscanf
 .text.__sread  0x0200520c       0x34 C:/devkitPro/devkitARM/bin/../lib/gcc/arm-none-eabi/14.1.0/../../../../arm-none-eabi/lib/thumb\libg.a(libc_a-stdio.o)
                0x0200520c                __sread
 .text.__seofread
                0x02005240        0x4 C:/devkitPro/devkitARM/bin/../lib/gcc/arm-none-eabi/14.1.0/../../../../arm-none-eabi/lib/thumb\libg.a(libc_a-stdio.o)
                0x02005240                __seofread
 .text.__swrite
                0x02005244       0x4c C:/devkitPro/devkitARM/bin/../lib/gcc/arm-none-eabi/14.1.0/../../../../arm-none-eabi/lib/thumb\libg.a(libc_a-stdio.o)
                0x02005244                __swrite
 .text.__sseek  0x02005290       0x3c C:/devkitPro/devkitARM/bin/../lib/gcc/arm-none-eabi/14.1.0/../../../../arm-none-eabi/lib/thumb\libg.a(libc_a-stdio.o)
                0x02005290                __sseek
 .text.__sclose
                0x020052cc       0x10 C:/devkitPro/devkitARM/bin/../lib/gcc/arm-none-eabi/14.1.0/../../../../arm-none-eabi/lib/thumb\libg.a(libc_a-stdio.o)
                0x020052cc                __sclose
 .text.abort    0x020052dc       0x10 C:/devkitPro/devkitARM/bin/../lib/gcc/arm-none-eabi/14.1.0/../../../../arm-none-eabi/lib/thumb\libg.a(libc_a-abort.o)
                0x020052dc                abort
 .text.realloc  0x020052ec       0x18 C:/devkitPro/devkitARM/bin/../lib/gcc/arm-none-eabi/14.1.0/../../../../arm-none-eabi/lib/thumb\libg.a(libc_a-realloc.o)
                0x020052ec                realloc
 .text.stdio_exit_handler
                0x02005304       0x20 C:/devkitPro/devkitARM/bin/../lib/gcc/arm-none-eabi/14.1.0/../../../../arm-none-eabi/lib/thumb\libg.a(libc_a-findfp.o)
 .text.cleanup_stdio
                0x02005324       0x40 C:/devkitPro/devkitARM/bin/../lib/gcc/arm-none-eabi/14.1.0/../../../../arm-none-eabi/lib/thumb\libg.a(libc_a-findfp.o)
 .text.global_stdio_init.part.0
                0x02005364      0x128 C:/devkitPro/devkitARM/bin/../lib/gcc/arm-none-eabi/14.1.0/../../../../arm-none-eabi/lib/thumb\libg.a(libc_a-findfp.o)
 .text.__sinit  0x0200548c       0x3c C:/devkitPro/devkitARM/bin/../lib/gcc/arm-none-eabi/14.1.0/../../../../arm-none-eabi/lib/thumb\libg.a(libc_a-findfp.o)
                0x0200548c                __sinit
 .text.__sfp_lock_acquire
                0x020054c8       0x14 C:/devkitPro/devkitARM/bin/../lib/gcc/arm-none-eabi/14.1.0/../../../../arm-none-eabi/lib/thumb\libg.a(libc_a-findfp.o)
                0x020054c8                __sfp_lock_acquire
 .text.__sfp_lock_release
                0x020054dc       0x14 C:/devkitPro/devkitARM/bin/../lib/gcc/arm-none-eabi/14.1.0/../../../../arm-none-eabi/lib/thumb\libg.a(libc_a-findfp.o)
                0x020054dc                __sfp_lock_release
 .text._malloc_r
                0x020054f0      0x588 C:/devkitPro/devkitARM/bin/../lib/gcc/arm-none-eabi/14.1.0/../../../../arm-none-eabi/lib/thumb\libg.a(libc_a-mallocr.o)
                0x020054f0                _malloc_r
 .text._malloc_trim_r
                0x02005a78       0xac C:/devkitPro/devkitARM/bin/../lib/gcc/arm-none-eabi/14.1.0/../../../../arm-none-eabi/lib/thumb\libg.a(libc_a-freer.o)
                0x02005a78                _malloc_trim_r
 .text._free_r  0x02005b24      0x1f4 C:/devkitPro/devkitARM/bin/../lib/gcc/arm-none-eabi/14.1.0/../../../../arm-none-eabi/lib/thumb\libg.a(libc_a-freer.o)
                0x02005b24                _free_r
 .text.setvbuf  0x02005d18      0x1ac C:/devkitPro/devkitARM/bin/../lib/gcc/arm-none-eabi/14.1.0/../../../../arm-none-eabi/lib/thumb\libg.a(libc_a-setvbuf.o)
                0x02005d18                setvbuf
 .text.malloc   0x02005ec4       0x28 C:/devkitPro/devkitARM/bin/../lib/gcc/arm-none-eabi/14.1.0/../../../../arm-none-eabi/lib/thumb\libg.a(libc_a-malloc.o)
                0x02005ec4                malloc
 .text.free     0x02005eec       0x14 C:/devkitPro/devkitARM/bin/../lib/gcc/arm-none-eabi/14.1.0/../../../../arm-none-eabi/lib/thumb\libg.a(libc_a-malloc.o)
                0x02005eec                free
 .text.memcpy   0x02005f00       0xb0 C:/devkitPro/devkitARM/bin/../lib/gcc/arm-none-eabi/14.1.0/../../../../arm-none-eabi/lib/thumb\libg.a(libc_a-memcpy-stub.o)
                0x02005f00                memcpy
 .text.memset   0x02005fb0       0x98 C:/devkitPro/devkitARM/bin/../lib/gcc/arm-none-eabi/14.1.0/../../../../arm-none-eabi/lib/thumb\libg.a(libc_a-memset.o)
                0x02005fb0                memset
 .text._realloc_r
                0x02006048      0x384 C:/devkitPro/devkitARM/bin/../lib/gcc/arm-none-eabi/14.1.0/../../../../arm-none-eabi/lib/thumb\libg.a(libc_a-reallocr.o)
                0x02006048                _realloc_r
 .text._fwalk_sglue
                0x020063cc       0x4c C:/devkitPro/devkitARM/bin/../lib/gcc/arm-none-eabi/14.1.0/../../../../arm-none-eabi/lib/thumb\libg.a(libc_a-fwalk.o)
                0x020063cc                _fwalk_sglue
 .text.__malloc_lock
                0x02006418       0x14 C:/devkitPro/devkitARM/bin/../lib/gcc/arm-none-eabi/14.1.0/../../../../arm-none-eabi/lib/thumb\libg.a(libc_a-mlock.o)
                0x02006418                __malloc_lock
 .text.__malloc_unlock
                0x0200642c       0x14 C:/devkitPro/devkitARM/bin/../lib/gcc/arm-none-eabi/14.1.0/../../../../arm-none-eabi/lib/thumb\libg.a(libc_a-mlock.o)
                0x0200642c                __malloc_unlock
 .text.iprintf  0x02006440       0x24 C:/devkitPro/devkitARM/bin/../lib/gcc/arm-none-eabi/14.1.0/../../../../arm-none-eabi/lib/thumb\libg.a(libc_a-iprintf.o)
                0x02006440                iprintf
 .text.__libc_init_array
                0x02006464       0x54 C:/devkitPro/devkitARM/bin/../lib/gcc/arm-none-eabi/14.1.0/../../../../arm-none-eabi/lib/thumb\libg.a(libc_a-init.o)
                0x02006464                __libc_init_array
 .text.__swsetup_r
                0x020064b8      0x100 C:/devkitPro/devkitARM/bin/../lib/gcc/arm-none-eabi/14.1.0/../../../../arm-none-eabi/lib/thumb\libg.a(libc_a-wsetup.o)
                0x020064b8                __swsetup_r
 .text.__sflush_r
                0x020065b8      0x194 C:/devkitPro/devkitARM/bin/../lib/gcc/arm-none-eabi/14.1.0/../../../../arm-none-eabi/lib/thumb\libg.a(libc_a-fflush.o)
                0x020065b8                __sflush_r
 .text._fflush_r
                0x0200674c       0x70 C:/devkitPro/devkitARM/bin/../lib/gcc/arm-none-eabi/14.1.0/../../../../arm-none-eabi/lib/thumb\libg.a(libc_a-fflush.o)
                0x0200674c                _fflush_r
 .text.strlen   0x020067bc       0x60 C:/devkitPro/devkitARM/bin/../lib/gcc/arm-none-eabi/14.1.0/../../../../arm-none-eabi/lib/thumb\libg.a(libc_a-strlen-stub.o)
                0x020067bc                strlen
 .text.memmove  0x0200681c       0xcc C:/devkitPro/devkitARM/bin/../lib/gcc/arm-none-eabi/14.1.0/../../../../arm-none-eabi/lib/thumb\libg.a(libc_a-memmove.o)
                0x0200681c                memmove
 .text._raise_r
                0x020068e8       0x60 C:/devkitPro/devkitARM/bin/../lib/gcc/arm-none-eabi/14.1.0/../../../../arm-none-eabi/lib/thumb\libg.a(libc_a-signal.o)
                0x020068e8                _raise_r
 .text.raise    0x02006948       0x14 C:/devkitPro/devkitARM/bin/../lib/gcc/arm-none-eabi/14.1.0/../../../../arm-none-eabi/lib/thumb\libg.a(libc_a-signal.o)
                0x02006948                raise
 .text.get_arg  0x0200695c      0x428 C:/devkitPro/devkitARM/bin/../lib/gcc/arm-none-eabi/14.1.0/../../../../arm-none-eabi/lib/thumb\libg.a(libc_a-vfiprintf.o)
 .text._vfiprintf_r
                0x02006d84     0x170c C:/devkitPro/devkitARM/bin/../lib/gcc/arm-none-eabi/14.1.0/../../../../arm-none-eabi/lib/thumb\libg.a(libc_a-vfiprintf.o)
                0x02006d84                _vfiprintf_r
 .text.__sbprintf
                0x02008490       0x7c C:/devkitPro/devkitARM/bin/../lib/gcc/arm-none-eabi/14.1.0/../../../../arm-none-eabi/lib/thumb\libg.a(libc_a-vfiprintf.o)
 .text._memalign_r
                0x0200850c      0x128 C:/devkitPro/devkitARM/bin/../lib/gcc/arm-none-eabi/14.1.0/../../../../arm-none-eabi/lib/thumb\libg.a(libc_a-malignr.o)
                0x0200850c                _memalign_r
 .text.get_arg  0x02008634       0x3e C:/devkitPro/devkitARM/bin/../lib/gcc/arm-none-eabi/14.1.0/../../../../arm-none-eabi/lib/thumb\libg.a(libc_a-svfiscanf.o)
 .text._sungetc_r
                0x02008672       0x7e C:/devkitPro/devkitARM/bin/../lib/gcc/arm-none-eabi/14.1.0/../../../../arm-none-eabi/lib/thumb\libg.a(libc_a-svfiscanf.o)
                0x02008672                _sungetc_r
 .text.__ssrefill_r
                0x020086f0       0x42 C:/devkitPro/devkitARM/bin/../lib/gcc/arm-none-eabi/14.1.0/../../../../arm-none-eabi/lib/thumb\libg.a(libc_a-svfiscanf.o)
                0x020086f0                __ssrefill_r
 .text._sfread_r
                0x02008732       0x88 C:/devkitPro/devkitARM/bin/../lib/gcc/arm-none-eabi/14.1.0/../../../../arm-none-eabi/lib/thumb\libg.a(libc_a-svfiscanf.o)
                0x02008732                _sfread_r
 *fill*         0x020087ba        0x2 ff
 .text.__ssvfiscanf_r
                0x020087bc     0x1a78 C:/devkitPro/devkitARM/bin/../lib/gcc/arm-none-eabi/14.1.0/../../../../arm-none-eabi/lib/thumb\libg.a(libc_a-svfiscanf.o)
                0x020087bc                __ssvfiscanf_r
 .text._strtoul_l.isra.0
                0x0200a234      0x154 C:/devkitPro/devkitARM/bin/../lib/gcc/arm-none-eabi/14.1.0/../../../../arm-none-eabi/lib/thumb\libg.a(libc_a-strtoul.o)
 .text._strtoul_r
                0x0200a388       0x20 C:/devkitPro/devkitARM/bin/../lib/gcc/arm-none-eabi/14.1.0/../../../../arm-none-eabi/lib/thumb\libg.a(libc_a-strtoul.o)
                0x0200a388                _strtoul_r
 .text.__sprint_r
                0x0200a3a8       0x24 C:/devkitPro/devkitARM/bin/../lib/gcc/arm-none-eabi/14.1.0/../../../../arm-none-eabi/lib/thumb\libg.a(libc_a-sprint_r.o)
                0x0200a3a8                __sprint_r
 .text.iswspace
                0x0200a3cc       0x10 C:/devkitPro/devkitARM/bin/../lib/gcc/arm-none-eabi/14.1.0/../../../../arm-none-eabi/lib/thumb\libg.a(libc_a-iswspace.o)
                0x0200a3cc                iswspace
 .text.__sccl   0x0200a3dc       0xa0 C:/devkitPro/devkitARM/bin/../lib/gcc/arm-none-eabi/14.1.0/../../../../arm-none-eabi/lib/thumb\libg.a(libc_a-sccl.o)
                0x0200a3dc                __sccl
 .text._fclose_r
                0x0200a47c       0xd4 C:/devkitPro/devkitARM/bin/../lib/gcc/arm-none-eabi/14.1.0/../../../../arm-none-eabi/lib/thumb\libg.a(libc_a-fclose.o)
                0x0200a47c                _fclose_r
 .text._localeconv_r
                0x0200a550       0x1c C:/devkitPro/devkitARM/bin/../lib/gcc/arm-none-eabi/14.1.0/../../../../arm-none-eabi/lib/thumb\libg.a(libc_a-localeconv.o)
                0x0200a550                _localeconv_r
 .text.__smakebuf_r
                0x0200a56c       0xdc C:/devkitPro/devkitARM/bin/../lib/gcc/arm-none-eabi/14.1.0/../../../../arm-none-eabi/lib/thumb\libg.a(libc_a-makebuf.o)
                0x0200a56c                __smakebuf_r
 .text.__swhatbuf_r
                0x0200a648       0x5c C:/devkitPro/devkitARM/bin/../lib/gcc/arm-none-eabi/14.1.0/../../../../arm-none-eabi/lib/thumb\libg.a(libc_a-makebuf.o)
                0x0200a648                __swhatbuf_r
 .text._wcrtomb_r
                0x0200a6a4       0x84 C:/devkitPro/devkitARM/bin/../lib/gcc/arm-none-eabi/14.1.0/../../../../arm-none-eabi/lib/thumb\libg.a(libc_a-wcrtomb.o)
                0x0200a6a4                _wcrtomb_r
 .text._strtol_l.part.0
                0x0200a728      0x25c C:/devkitPro/devkitARM/bin/../lib/gcc/arm-none-eabi/14.1.0/../../../../arm-none-eabi/lib/thumb\libg.a(libc_a-strtol.o)
 .text._strtol_r
                0x0200a984       0x34 C:/devkitPro/devkitARM/bin/../lib/gcc/arm-none-eabi/14.1.0/../../../../arm-none-eabi/lib/thumb\libg.a(libc_a-strtol.o)
                0x0200a984                _strtol_r
 .text.__errno  0x0200a9b8        0xc C:/devkitPro/devkitARM/bin/../lib/gcc/arm-none-eabi/14.1.0/../../../../arm-none-eabi/lib/thumb\libg.a(libc_a-errno.o)
                0x0200a9b8                __errno
 .text.strncpy  0x0200a9c4       0x68 C:/devkitPro/devkitARM/bin/../lib/gcc/arm-none-eabi/14.1.0/../../../../arm-none-eabi/lib/thumb\libg.a(libc_a-strncpy.o)
                0x0200a9c4                strncpy
 .text._strtoull_l.isra.0
                0x0200aa2c      0x1bc C:/devkitPro/devkitARM/bin/../lib/gcc/arm-none-eabi/14.1.0/../../../../arm-none-eabi/lib/thumb\libg.a(libc_a-strtoull.o)
 .text._strtoull_r
                0x0200abe8       0x20 C:/devkitPro/devkitARM/bin/../lib/gcc/arm-none-eabi/14.1.0/../../../../arm-none-eabi/lib/thumb\libg.a(libc_a-strtoull.o)
                0x0200abe8                _strtoull_r
 .text._wcsrtombs_r
                0x0200ac08       0x1c C:/devkitPro/devkitARM/bin/../lib/gcc/arm-none-eabi/14.1.0/../../../../arm-none-eabi/lib/thumb\libg.a(libc_a-wcsrtombs.o)
                0x0200ac08                _wcsrtombs_r
 .text._mbrtowc_r
                0x0200ac24       0x90 C:/devkitPro/devkitARM/bin/../lib/gcc/arm-none-eabi/14.1.0/../../../../arm-none-eabi/lib/thumb\libg.a(libc_a-mbrtowc.o)
                0x0200ac24                _mbrtowc_r
 .text.__submore
                0x0200acb4       0x88 C:/devkitPro/devkitARM/bin/../lib/gcc/arm-none-eabi/14.1.0/../../../../arm-none-eabi/lib/thumb\libg.a(libc_a-ungetc.o)
                0x0200acb4                __submore
 .text.iswspace_l
                0x0200ad3c       0x28 C:/devkitPro/devkitARM/bin/../lib/gcc/arm-none-eabi/14.1.0/../../../../arm-none-eabi/lib/thumb\libg.a(libc_a-iswspace_l.o)
                0x0200ad3c                iswspace_l
 .text._strtoll_l.isra.0
                0x0200ad64      0x30c C:/devkitPro/devkitARM/bin/../lib/gcc/arm-none-eabi/14.1.0/../../../../arm-none-eabi/lib/thumb\libg.a(libc_a-strtoll.o)
 .text._strtoll_r
                0x0200b070       0x20 C:/devkitPro/devkitARM/bin/../lib/gcc/arm-none-eabi/14.1.0/../../../../arm-none-eabi/lib/thumb\libg.a(libc_a-strtoll.o)
                0x0200b070                _strtoll_r
 .text.__locale_mb_cur_max
                0x0200b090       0x20 C:/devkitPro/devkitARM/bin/../lib/gcc/arm-none-eabi/14.1.0/../../../../arm-none-eabi/lib/thumb\libg.a(libc_a-locale.o)
                0x0200b090                __locale_mb_cur_max
 .text._wcsnrtombs_l
                0x0200b0b0      0x10c C:/devkitPro/devkitARM/bin/../lib/gcc/arm-none-eabi/14.1.0/../../../../arm-none-eabi/lib/thumb\libg.a(libc_a-wcsnrtombs.o)
                0x0200b0b0                _wcsnrtombs_l
 .text._wcsnrtombs_r
                0x0200b1bc       0x40 C:/devkitPro/devkitARM/bin/../lib/gcc/arm-none-eabi/14.1.0/../../../../arm-none-eabi/lib/thumb\libg.a(libc_a-wcsnrtombs.o)
                0x0200b1bc                _wcsnrtombs_r
 .text.__utf8_mbtowc
                0x0200b1fc      0x234 C:/devkitPro/devkitARM/bin/../lib/gcc/arm-none-eabi/14.1.0/../../../../arm-none-eabi/lib/thumb\libg.a(libc_a-mbtowc_r.o)
                0x0200b1fc                __utf8_mbtowc
 .text.category
                0x0200b430       0x58 C:/devkitPro/devkitARM/bin/../lib/gcc/arm-none-eabi/14.1.0/../../../../arm-none-eabi/lib/thumb\libg.a(libc_a-categories.o)
                0x0200b430                category
 .text.__utf8_wctomb
                0x0200b488       0xb4 C:/devkitPro/devkitARM/bin/../lib/gcc/arm-none-eabi/14.1.0/../../../../arm-none-eabi/lib/thumb\libg.a(libc_a-wctomb_r.o)
                0x0200b488                __utf8_wctomb
 .text._exit    0x0200b53c       0x14 C:/devkitPro/devkitARM/bin/../lib/gcc/arm-none-eabi/14.1.0/../../../../arm-none-eabi/lib/thumb\libsysbase.a(libsysbase_libsysbase_a-_exit.o)
                0x0200b53c                _exit
 .text.build_argv
                0x0200b550       0x54 C:/devkitPro/devkitARM/bin/../lib/gcc/arm-none-eabi/14.1.0/../../../../arm-none-eabi/lib/thumb\libsysbase.a(libsysbase_libsysbase_a-build_argv.o)
                0x0200b550                build_argv
 .text._fstat_r
                0x0200b5a4       0x58 C:/devkitPro/devkitARM/bin/../lib/gcc/arm-none-eabi/14.1.0/../../../../arm-none-eabi/lib/thumb\libsysbase.a(libsysbase_libsysbase_a-fstat.o)
                0x0200b5a4                _fstat_r
 .text._getpid_r
                0x0200b5fc        0xc C:/devkitPro/devkitARM/bin/../lib/gcc/arm-none-eabi/14.1.0/../../../../arm-none-eabi/lib/thumb\libsysbase.a(libsysbase_libsysbase_a-getpid.o)
                0x0200b5fc                _getpid_r
 .text.__getreent
                0x0200b608       0x20 C:/devkitPro/devkitARM/bin/../lib/gcc/arm-none-eabi/14.1.0/../../../../arm-none-eabi/lib/thumb\libsysbase.a(libsysbase_libsysbase_a-getreent.o)
                0x0200b608                __getreent
 .text.__get_handle
                0x0200b628       0x34 C:/devkitPro/devkitARM/bin/../lib/gcc/arm-none-eabi/14.1.0/../../../../arm-none-eabi/lib/thumb\libsysbase.a(libsysbase_libsysbase_a-handle_manager.o)
                0x0200b628                __get_handle
 .text._close_r
                0x0200b65c       0xb8 C:/devkitPro/devkitARM/bin/../lib/gcc/arm-none-eabi/14.1.0/../../../../arm-none-eabi/lib/thumb\libsysbase.a(libsysbase_libsysbase_a-handle_manager.o)
                0x0200b65c                _close_r
 .text.null_write
                0x0200b714        0x4 C:/devkitPro/devkitARM/bin/../lib/gcc/arm-none-eabi/14.1.0/../../../../arm-none-eabi/lib/thumb\libsysbase.a(libsysbase_libsysbase_a-iosupport.o)
 .text._isatty_r
                0x0200b718        0x4 C:/devkitPro/devkitARM/bin/../lib/gcc/arm-none-eabi/14.1.0/../../../../arm-none-eabi/lib/thumb\libsysbase.a(libsysbase_libsysbase_a-isatty.o)
                0x0200b718                _isatty_r
 .text._kill_r  0x0200b71c        0xc C:/devkitPro/devkitARM/bin/../lib/gcc/arm-none-eabi/14.1.0/../../../../arm-none-eabi/lib/thumb\libsysbase.a(libsysbase_libsysbase_a-kill.o)
                0x0200b71c                _kill_r
 .text._lseek_r
                0x0200b728       0x60 C:/devkitPro/devkitARM/bin/../lib/gcc/arm-none-eabi/14.1.0/../../../../arm-none-eabi/lib/thumb\libsysbase.a(libsysbase_libsysbase_a-lseek.o)
                0x0200b728                _lseek_r
 .text._read_r  0x0200b788       0x58 C:/devkitPro/devkitARM/bin/../lib/gcc/arm-none-eabi/14.1.0/../../../../arm-none-eabi/lib/thumb\libsysbase.a(libsysbase_libsysbase_a-read.o)
                0x0200b788                _read_r
 .text._sbrk_r  0x0200b7e0       0x54 C:/devkitPro/devkitARM/bin/../lib/gcc/arm-none-eabi/14.1.0/../../../../arm-none-eabi/lib/thumb\libsysbase.a(libsysbase_libsysbase_a-sbrk.o)
                0x0200b7e0                _sbrk_r
 .text.__libc_lock_acquire
                0x0200b834       0x18 C:/devkitPro/devkitARM/bin/../lib/gcc/arm-none-eabi/14.1.0/../../../../arm-none-eabi/lib/thumb\libsysbase.a(libsysbase_libsysbase_a-syscall_support.o)
                0x0200b834                __libc_lock_acquire
 .text.__libc_lock_release
                0x0200b84c       0x18 C:/devkitPro/devkitARM/bin/../lib/gcc/arm-none-eabi/14.1.0/../../../../arm-none-eabi/lib/thumb\libsysbase.a(libsysbase_libsysbase_a-syscall_support.o)
                0x0200b84c                __libc_lock_release
 .text.__libc_lock_acquire_recursive
                0x0200b864       0x18 C:/devkitPro/devkitARM/bin/../lib/gcc/arm-none-eabi/14.1.0/../../../../arm-none-eabi/lib/thumb\libsysbase.a(libsysbase_libsysbase_a-syscall_support.o)
                0x0200b864                __libc_lock_acquire_recursive
 .text.__libc_lock_release_recursive
                0x0200b87c       0x18 C:/devkitPro/devkitARM/bin/../lib/gcc/arm-none-eabi/14.1.0/../../../../arm-none-eabi/lib/thumb\libsysbase.a(libsysbase_libsysbase_a-syscall_support.o)
                0x0200b87c                __libc_lock_release_recursive
 .text._write_r
                0x0200b894       0x58 C:/devkitPro/devkitARM/bin/../lib/gcc/arm-none-eabi/14.1.0/../../../../arm-none-eabi/lib/thumb\libsysbase.a(libsysbase_libsysbase_a-write.o)
                0x0200b894                _write_r
 .text.__muldi3
                0x0200b8ec       0x64 C:/devkitPro/devkitARM/bin/../lib/gcc/arm-none-eabi/14.1.0/thumb\libgcc.a(_muldi3.o)
                0x0200b8ec                __muldi3
                0x0200b8ec                __aeabi_lmul
 .text.__udivmoddi4
                0x0200b950      0x19c C:/devkitPro/devkitARM/bin/../lib/gcc/arm-none-eabi/14.1.0/thumb\libgcc.a(_udivmoddi4.o)
                0x0200b950                __udivmoddi4
 *fill*         0x0200baec        0x4 ff
 .text.__udivmoddi4.__stub
                0x0200baf0       0xf0 linker stubs
 *(EXCLUDE_FILE(*.twl*) .gnu.warning)
 *(EXCLUDE_FILE(*.twl*) .gnu.linkonce.t*)
 *(.glue_7)
 .glue_7        0x0200bbf0        0x0 linker stubs
 *(.glue_7t)
 .glue_7t       0x0200bbf0        0x0 linker stubs
                0x0200bbf0                        . = ALIGN (0x4)

.vfp11_veneer   0x0200bbf0        0x0
 .vfp11_veneer  0x0200bbf0        0x0 linker stubs

.v4_bx          0x0200bbf0        0x0
 .v4_bx         0x0200bbf0        0x0 linker stubs

.iplt           0x0200bbf0        0x0
 .iplt          0x0200bbf0        0x0 C:/devkitPro/devkitARM/bin/../lib/gcc/arm-none-eabi/14.1.0/../../../../arm-none-eabi/lib/thumb/ds_arm9_crt0.o

.fini           0x0200bbf0        0xc
 *(.fini)
 .fini          0x0200bbf0        0x4 C:/devkitPro/devkitARM/bin/../lib/gcc/arm-none-eabi/14.1.0/thumb/crti.o
                0x0200bbf0                _fini
 .fini          0x0200bbf4        0x8 C:/devkitPro/devkitARM/bin/../lib/gcc/arm-none-eabi/14.1.0/thumb/crtn.o
                0x0200bbfc                        __text_end = .

.rodata         0x0200bbfc     0x7b60
 *(EXCLUDE_FILE(*.twl*) .rodata)
 .rodata        0x0200bbfc      0x600 ball.o
                0x0200bbfc                ballTiles
                0x0200bffc                ballPal
 .rodata        0x0200c1fc      0x600 dandelion.o
                0x0200c1fc                dandelionTiles
                0x0200c5fc                dandelionPal
 .rodata        0x0200c7fc      0x600 penguin.o
                0x0200c7fc                penguinTiles
                0x0200cbfc                penguinPal
 .rodata        0x0200cdfc      0x600 puffle.o
                0x0200cdfc                puffleTiles
                0x0200d1fc                pufflePal
 .rodata        0x0200d3fc      0x600 rose.o
                0x0200d3fc                roseTiles
                0x0200d7fc                rosePal
 .rodata        0x0200d9fc       0x18 arm9.o
 *all.rodata*(*)
 *(EXCLUDE_FILE(*.twl*) .roda)
 *(EXCLUDE_FILE(*.twl*) .rodata.*)
 .rodata.str1.4
                0x0200da14      0x12c arm9.o
                                 0x77 (size before relaxing)
 .rodata.SIN_LUT
                0x0200db40      0x102 C:/devkitPro/libnds/lib\libnds9.a(trig.o)
                0x0200db40                SIN_LUT
 .rodata.con_write.str1.4
                0x0200dc42       0x30 C:/devkitPro/libnds/lib\libnds9.a(console.o)
 *fill*         0x0200dc42        0x2 ff
 .rodata.con_write
                0x0200dc44       0xd4 C:/devkitPro/libnds/lib\libnds9.a(console.o)
 .rodata.str1.4
                0x0200dd18       0x14 C:/devkitPro/libnds/lib\libnds9.a(console.o)
 .rodata.dotab_stdout
                0x0200dd18       0x70 C:/devkitPro/libnds/lib\libnds9.a(console.o)
 .rodata.default_font_bin
                0x0200dd88     0x2000 C:/devkitPro/libnds/lib\libnds9.a(default_font.bin.o)
                0x0200dd88                default_font_bin
                0x0200fd88                default_font_bin_end
 .rodata.str1.4
                0x0200fd88       0x20 C:\devkitPro\libcamera/lib\libcamera9.a(cam9.o)
 .rodata._Unwind_VRS_Pop
                0x0200fd88       0x18 C:/devkitPro/devkitARM/bin/../lib/gcc/arm-none-eabi/14.1.0/thumb\libgcc.a(unwind-arm.o)
 .rodata.__gnu_unwind_execute
                0x0200fda0       0x14 C:/devkitPro/devkitARM/bin/../lib/gcc/arm-none-eabi/14.1.0/thumb\libgcc.a(pr-support.o)
 .rodata._vfiprintf_r.str1.1
                0x0200fdb4       0x29 C:/devkitPro/devkitARM/bin/../lib/gcc/arm-none-eabi/14.1.0/../../../../arm-none-eabi/lib/thumb\libg.a(libc_a-vfiprintf.o)
 *fill*         0x0200fddd        0x3 ff
 .rodata.zeroes.0
                0x0200fde0       0x10 C:/devkitPro/devkitARM/bin/../lib/gcc/arm-none-eabi/14.1.0/../../../../arm-none-eabi/lib/thumb\libg.a(libc_a-vfiprintf.o)
 .rodata.blanks.1
                0x0200fdf0       0x10 C:/devkitPro/devkitARM/bin/../lib/gcc/arm-none-eabi/14.1.0/../../../../arm-none-eabi/lib/thumb\libg.a(libc_a-vfiprintf.o)
 .rodata.basefix.0
                0x0200fe00       0x22 C:/devkitPro/devkitARM/bin/../lib/gcc/arm-none-eabi/14.1.0/../../../../arm-none-eabi/lib/thumb\libg.a(libc_a-svfiscanf.o)
 *fill*         0x0200fe22        0x2 ff
 .rodata._ctype_
                0x0200fe24      0x101 C:/devkitPro/devkitARM/bin/../lib/gcc/arm-none-eabi/14.1.0/../../../../arm-none-eabi/lib/thumb\libg.a(libc_a-ctype_.o)
                0x0200fe24                _ctype_
 *fill*         0x0200ff25        0x3 ff
 .rodata.__action_table
                0x0200ff28       0x6c C:/devkitPro/devkitARM/bin/../lib/gcc/arm-none-eabi/14.1.0/../../../../arm-none-eabi/lib/thumb\libg.a(libc_a-svfiprintf.o)
                0x0200ff28                __action_table
 .rodata.__state_table
                0x0200ff94       0x6c C:/devkitPro/devkitARM/bin/../lib/gcc/arm-none-eabi/14.1.0/../../../../arm-none-eabi/lib/thumb\libg.a(libc_a-svfiprintf.o)
                0x0200ff94                __state_table
 .rodata.__chclass
                0x02010000      0x100 C:/devkitPro/devkitARM/bin/../lib/gcc/arm-none-eabi/14.1.0/../../../../arm-none-eabi/lib/thumb\libg.a(libc_a-svfiprintf.o)
                0x02010000                __chclass
 .rodata._mbrtowc_r.str1.4
                0x02010100        0x1 C:/devkitPro/devkitARM/bin/../lib/gcc/arm-none-eabi/14.1.0/../../../../arm-none-eabi/lib/thumb\libg.a(libc_a-mbrtowc.o)
 .rodata.str1.4
                0x02010100       0x4c C:/devkitPro/devkitARM/bin/../lib/gcc/arm-none-eabi/14.1.0/../../../../arm-none-eabi/lib/thumb\libg.a(libc_a-locale.o)
 .rodata.categories
                0x02010100     0x35dc C:/devkitPro/devkitARM/bin/../lib/gcc/arm-none-eabi/14.1.0/../../../../arm-none-eabi/lib/thumb\libg.a(libc_a-categories.o)
 .rodata.AddDevice.str1.4
                0x020136dc        0x8 C:/devkitPro/devkitARM/bin/../lib/gcc/arm-none-eabi/14.1.0/../../../../arm-none-eabi/lib/thumb\libsysbase.a(libsysbase_libsysbase_a-iosupport.o)
 .rodata.dotab_stdnull
                0x020136dc       0x80 C:/devkitPro/devkitARM/bin/../lib/gcc/arm-none-eabi/14.1.0/../../../../arm-none-eabi/lib/thumb\libsysbase.a(libsysbase_libsysbase_a-iosupport.o)
                0x020136dc                dotab_stdnull
 *(EXCLUDE_FILE(*.twl*) .gnu.linkonce.r*)
                0x0201375c                        . = ALIGN (0x4)

.ARM.extab      0x0201375c       0x48
 *(.ARM.extab* .gnu.linkonce.armextab.*)
 .ARM.extab.text.startup
                0x0201375c        0xc arm9.o
 .ARM.extab.text.unwind_phase2_forced
                0x02013768        0xc C:/devkitPro/devkitARM/bin/../lib/gcc/arm-none-eabi/14.1.0/thumb\libgcc.a(unwind-arm.o)
 .ARM.extab.text.__gnu_Unwind_Backtrace
                0x02013774        0xc C:/devkitPro/devkitARM/bin/../lib/gcc/arm-none-eabi/14.1.0/thumb\libgcc.a(unwind-arm.o)
 .ARM.extab.text.__gnu_unwind_pr_common
                0x02013780        0xc C:/devkitPro/devkitARM/bin/../lib/gcc/arm-none-eabi/14.1.0/thumb\libgcc.a(unwind-arm.o)
 .ARM.extab.text._Unwind_VRS_Pop
                0x0201378c        0xc C:/devkitPro/devkitARM/bin/../lib/gcc/arm-none-eabi/14.1.0/thumb\libgcc.a(unwind-arm.o)
 .ARM.extab.text.__gnu_unwind_execute
                0x02013798        0xc C:/devkitPro/devkitARM/bin/../lib/gcc/arm-none-eabi/14.1.0/thumb\libgcc.a(pr-support.o)
                0x020137a4                        __exidx_start = .

ARM.exidx       0x020137a4       0x98
 *(.ARM.exidx* .gnu.linkonce.armexidx.*)
 .ARM.exidx.text.startup
                0x020137a4       0x10 arm9.o
                                  0x8 (size before relaxing)
 .ARM.exidx.text.selfrel_offset31
                0x020137b4        0x0 C:/devkitPro/devkitARM/bin/../lib/gcc/arm-none-eabi/14.1.0/thumb\libgcc.a(unwind-arm.o)
                                  0x8 (size before relaxing)
 .ARM.exidx.text.search_EIT_table
                0x020137b4        0x0 C:/devkitPro/devkitARM/bin/../lib/gcc/arm-none-eabi/14.1.0/thumb\libgcc.a(unwind-arm.o)
                                  0x8 (size before relaxing)
 .ARM.exidx.text.__gnu_unwind_get_pr_addr
                0x020137b4        0x0 C:/devkitPro/devkitARM/bin/../lib/gcc/arm-none-eabi/14.1.0/thumb\libgcc.a(unwind-arm.o)
                                  0x8 (size before relaxing)
 .ARM.exidx.text.get_eit_entry
                0x020137b4        0x8 C:/devkitPro/devkitARM/bin/../lib/gcc/arm-none-eabi/14.1.0/thumb\libgcc.a(unwind-arm.o)
 .ARM.exidx.text.restore_non_core_regs
                0x020137bc        0x8 C:/devkitPro/devkitARM/bin/../lib/gcc/arm-none-eabi/14.1.0/thumb\libgcc.a(unwind-arm.o)
 .ARM.exidx.text._Unwind_decode_typeinfo_ptr.constprop.0
                0x020137c4        0x8 C:/devkitPro/devkitARM/bin/../lib/gcc/arm-none-eabi/14.1.0/thumb\libgcc.a(unwind-arm.o)
 .ARM.exidx.text._Unwind_DebugHook
                0x020137cc        0x0 C:/devkitPro/devkitARM/bin/../lib/gcc/arm-none-eabi/14.1.0/thumb\libgcc.a(unwind-arm.o)
                                  0x8 (size before relaxing)
 .ARM.exidx.text.unwind_phase2
                0x020137cc        0x8 C:/devkitPro/devkitARM/bin/../lib/gcc/arm-none-eabi/14.1.0/thumb\libgcc.a(unwind-arm.o)
 .ARM.exidx.text.unwind_phase2_forced
                0x020137d4        0x8 C:/devkitPro/devkitARM/bin/../lib/gcc/arm-none-eabi/14.1.0/thumb\libgcc.a(unwind-arm.o)
 .ARM.exidx.text.__gnu_Unwind_RaiseException
                0x020137dc        0x8 C:/devkitPro/devkitARM/bin/../lib/gcc/arm-none-eabi/14.1.0/thumb\libgcc.a(unwind-arm.o)
 .ARM.exidx.text.__gnu_Unwind_ForcedUnwind
                0x020137e4        0x8 C:/devkitPro/devkitARM/bin/../lib/gcc/arm-none-eabi/14.1.0/thumb\libgcc.a(unwind-arm.o)
 .ARM.exidx.text.__gnu_Unwind_Resume
                0x020137ec        0x8 C:/devkitPro/devkitARM/bin/../lib/gcc/arm-none-eabi/14.1.0/thumb\libgcc.a(unwind-arm.o)
 .ARM.exidx.text.__gnu_Unwind_Resume_or_Rethrow
                0x020137f4        0x8 C:/devkitPro/devkitARM/bin/../lib/gcc/arm-none-eabi/14.1.0/thumb\libgcc.a(unwind-arm.o)
 .ARM.exidx.text._Unwind_VRS_Get
                0x020137fc        0x8 C:/devkitPro/devkitARM/bin/../lib/gcc/arm-none-eabi/14.1.0/thumb\libgcc.a(unwind-arm.o)
 .ARM.exidx.text._Unwind_GetGR
                0x02013804        0x0 C:/devkitPro/devkitARM/bin/../lib/gcc/arm-none-eabi/14.1.0/thumb\libgcc.a(unwind-arm.o)
                                  0x8 (size before relaxing)
 .ARM.exidx.text._Unwind_VRS_Set
                0x02013804        0x0 C:/devkitPro/devkitARM/bin/../lib/gcc/arm-none-eabi/14.1.0/thumb\libgcc.a(unwind-arm.o)
                                  0x8 (size before relaxing)
 .ARM.exidx.text._Unwind_SetGR
                0x02013804        0x0 C:/devkitPro/devkitARM/bin/../lib/gcc/arm-none-eabi/14.1.0/thumb\libgcc.a(unwind-arm.o)
                                  0x8 (size before relaxing)
 .ARM.exidx.text.__gnu_Unwind_Backtrace
                0x02013804        0x8 C:/devkitPro/devkitARM/bin/../lib/gcc/arm-none-eabi/14.1.0/thumb\libgcc.a(unwind-arm.o)
 .ARM.exidx.text.__gnu_unwind_pr_common
                0x0201380c        0x8 C:/devkitPro/devkitARM/bin/../lib/gcc/arm-none-eabi/14.1.0/thumb\libgcc.a(unwind-arm.o)
 .ARM.exidx.text.__aeabi_unwind_cpp_pr0
                0x02013814        0x8 C:/devkitPro/devkitARM/bin/../lib/gcc/arm-none-eabi/14.1.0/thumb\libgcc.a(unwind-arm.o)
 .ARM.exidx.text.__aeabi_unwind_cpp_pr1
                0x0201381c        0x0 C:/devkitPro/devkitARM/bin/../lib/gcc/arm-none-eabi/14.1.0/thumb\libgcc.a(unwind-arm.o)
                                  0x8 (size before relaxing)
 .ARM.exidx.text.__aeabi_unwind_cpp_pr2
                0x0201381c        0x0 C:/devkitPro/devkitARM/bin/../lib/gcc/arm-none-eabi/14.1.0/thumb\libgcc.a(unwind-arm.o)
                                  0x8 (size before relaxing)
 .ARM.exidx.text._Unwind_VRS_Pop
                0x0201381c        0x8 C:/devkitPro/devkitARM/bin/../lib/gcc/arm-none-eabi/14.1.0/thumb\libgcc.a(unwind-arm.o)
 .ARM.exidx.text.next_unwind_byte
                0x02013824        0x8 C:/devkitPro/devkitARM/bin/../lib/gcc/arm-none-eabi/14.1.0/thumb\libgcc.a(pr-support.o)
 .ARM.exidx.text.__gnu_unwind_execute
                0x0201382c       0x10 C:/devkitPro/devkitARM/bin/../lib/gcc/arm-none-eabi/14.1.0/thumb\libgcc.a(pr-support.o)
                                  0x8 (size before relaxing)
                0x0201383c                        __exidx_end = .
                0x0201383c                        . = ALIGN (0x4)
                0x0201383c                        PROVIDE (__preinit_array_start = .)

.preinit_array
 *(.preinit_array)
                0x0201383c                        PROVIDE (__preinit_array_end = .)
                0x0201383c                        PROVIDE (__init_array_start = .)

.init_array     0x0201383c        0x4
 *(SORT_BY_NAME(.init_array.*))
 *(.init_array)
 .init_array    0x0201383c        0x4 C:/devkitPro/devkitARM/bin/../lib/gcc/arm-none-eabi/14.1.0/thumb/crtbegin.o
                0x02013840                        PROVIDE (__init_array_end = .)
                [!provide]                        PROVIDE (__fini_array_start = .)

.fini_array     0x02013840        0x4
 *(.fini_array)
 .fini_array    0x02013840        0x4 C:/devkitPro/devkitARM/bin/../lib/gcc/arm-none-eabi/14.1.0/thumb/crtbegin.o
 *(SORT_BY_NAME(.fini_array.*))
                [!provide]                        PROVIDE (__fini_array_end = .)

.ctors          0x02013844        0x0
 *crtbegin.o(.ctors)
 *(EXCLUDE_FILE(*crtend.o) .ctors)
 *(SORT_BY_NAME(.ctors.*))
 *(.ctors)
                0x02013844                        . = ALIGN (0x4)

.dtors          0x02013844        0x0
 *crtbegin.o(.dtors)
 *(EXCLUDE_FILE(*crtend.o) .dtors)
 *(SORT_BY_NAME(.dtors.*))
 *(.dtors)
                0x02013844                        . = ALIGN (0x4)

.eh_frame       0x02013844        0x4
 *(.eh_frame)
 .eh_frame      0x02013844        0x0 C:/devkitPro/devkitARM/bin/../lib/gcc/arm-none-eabi/14.1.0/thumb/crtbegin.o
 .eh_frame      0x02013844        0x4 C:/devkitPro/devkitARM/bin/../lib/gcc/arm-none-eabi/14.1.0/thumb/crtend.o
                0x02013848                        . = ALIGN (0x4)

.rel.dyn        0x02013848        0x0
 .rel.iplt      0x02013848        0x0 C:/devkitPro/devkitARM/bin/../lib/gcc/arm-none-eabi/14.1.0/../../../../arm-none-eabi/lib/thumb/ds_arm9_crt0.o

.gcc_except_table
                0x02013848        0x0
 *(.gcc_except_table)
                0x02013848                        . = ALIGN (0x4)

.jcr
 *(.jcr)

.got
 *(.got.plt)
 *(.got)
 *(.rel.got)

.ewram          0x02013848        0x0
                0x02013848                        __ewram_start = ABSOLUTE (.)
 *(.ewram)
 *ewram.*(.text)
                0x02013848                        . = ALIGN (0x4)

.data           0x02013848     0x1880
                0x02013848                        __data_start = ABSOLUTE (.)
 *(EXCLUDE_FILE(*.twl*) .data)
 .data          0x02013848       0x28 C:/devkitPro/libnds/lib\libnds9.a(mpu_setup.o)
 *(EXCLUDE_FILE(*.twl*) .data.*)
 .data.bgControl
                0x02013870       0x20 C:/devkitPro/libnds/lib\libnds9.a(background.o)
                0x02013870                bgControl
 .data.bgScrollTable
                0x02013890       0x20 C:/devkitPro/libnds/lib\libnds9.a(background.o)
                0x02013890                bgScrollTable
 .data.bgTransform
                0x020138b0       0x20 C:/devkitPro/libnds/lib\libnds9.a(background.o)
                0x020138b0                bgTransform
 .data.currentConsole
                0x020138d0        0x4 C:/devkitPro/libnds/lib\libnds9.a(console.o)
                0x020138d0                currentConsole
 .data.defaultConsole
                0x020138d4       0x5c C:/devkitPro/libnds/lib\libnds9.a(console.o)
                0x020138d4                defaultConsole
 .data.firstConsoleInit.0
                0x02013930        0x1 C:/devkitPro/libnds/lib\libnds9.a(console.o)
 *fill*         0x02013931        0x3 ff
 .data.oamMain  0x02013934       0x18 C:/devkitPro/libnds/lib\libnds9.a(sprite.o)
                0x02013934                oamMain
 .data.count    0x0201394c        0x1 C:/devkitPro/libnds/lib\libnds9.a(keys.o)
 .data.delay    0x0201394d        0x1 C:/devkitPro/libnds/lib\libnds9.a(keys.o)
 .data.repeat   0x0201394e        0x1 C:/devkitPro/libnds/lib\libnds9.a(keys.o)
 *fill*         0x0201394f        0x1 ff
 .data.fifo_buffer_free
                0x02013950        0x4 C:/devkitPro/libnds/lib\libnds9.a(fifosystem.o)
                0x02013950                fifo_buffer_free
 .data.fifo_freewords
                0x02013954        0x4 C:/devkitPro/libnds/lib\libnds9.a(fifosystem.o)
                0x02013954                fifo_freewords
 .data.fifo_receive_queue
                0x02013958        0x4 C:/devkitPro/libnds/lib\libnds9.a(fifosystem.o)
                0x02013958                fifo_receive_queue
 .data.fifo_send_queue
                0x0201395c        0x4 C:/devkitPro/libnds/lib\libnds9.a(fifosystem.o)
                0x0201395c                fifo_send_queue
 .data.__sglue  0x02013960        0xc C:/devkitPro/devkitARM/bin/../lib/gcc/arm-none-eabi/14.1.0/../../../../arm-none-eabi/lib/thumb\libg.a(libc_a-findfp.o)
                0x02013960                __sglue
 .data.__malloc_sbrk_base
                0x0201396c        0x4 C:/devkitPro/devkitARM/bin/../lib/gcc/arm-none-eabi/14.1.0/../../../../arm-none-eabi/lib/thumb\libg.a(libc_a-mallocr.o)
                0x0201396c                __malloc_sbrk_base
 .data.__malloc_trim_threshold
                0x02013970        0x4 C:/devkitPro/devkitARM/bin/../lib/gcc/arm-none-eabi/14.1.0/../../../../arm-none-eabi/lib/thumb\libg.a(libc_a-mallocr.o)
                0x02013970                __malloc_trim_threshold
 *fill*         0x02013974        0x4 ff
 .data.__malloc_av_
                0x02013978      0x408 C:/devkitPro/devkitARM/bin/../lib/gcc/arm-none-eabi/14.1.0/../../../../arm-none-eabi/lib/thumb\libg.a(libc_a-mallocr.o)
                0x02013978                __malloc_av_
 .data._impure_ptr
                0x02013d80        0x4 C:/devkitPro/devkitARM/bin/../lib/gcc/arm-none-eabi/14.1.0/../../../../arm-none-eabi/lib/thumb\libg.a(libc_a-impure.o)
                0x02013d80                _impure_ptr
 *fill*         0x02013d84        0x4 ff
 .data._impure_data
                0x02013d88      0x120 C:/devkitPro/devkitARM/bin/../lib/gcc/arm-none-eabi/14.1.0/../../../../arm-none-eabi/lib/thumb\libg.a(libc_a-impure.o)
                0x02013d88                _impure_data
 .data.__global_locale
                0x02013ea8      0x16c C:/devkitPro/devkitARM/bin/../lib/gcc/arm-none-eabi/14.1.0/../../../../arm-none-eabi/lib/thumb\libg.a(libc_a-locale.o)
                0x02013ea8                __global_locale
 *fill*         0x02014014        0x4 ff
 .data.handles  0x02014018     0x1000 C:/devkitPro/devkitARM/bin/../lib/gcc/arm-none-eabi/14.1.0/../../../../arm-none-eabi/lib/thumb\libsysbase.a(libsysbase_libsysbase_a-handle_manager.o)
 .data.__stderr_handle
                0x02015018        0xc C:/devkitPro/devkitARM/bin/../lib/gcc/arm-none-eabi/14.1.0/../../../../arm-none-eabi/lib/thumb\libsysbase.a(libsysbase_libsysbase_a-handle_manager.o)
 .data.__stdout_handle
                0x02015024        0xc C:/devkitPro/devkitARM/bin/../lib/gcc/arm-none-eabi/14.1.0/../../../../arm-none-eabi/lib/thumb\libsysbase.a(libsysbase_libsysbase_a-handle_manager.o)
 .data.__stdin_handle
                0x02015030        0xc C:/devkitPro/devkitARM/bin/../lib/gcc/arm-none-eabi/14.1.0/../../../../arm-none-eabi/lib/thumb\libsysbase.a(libsysbase_libsysbase_a-handle_manager.o)
 .data.devoptab_list
                0x0201503c       0x8c C:/devkitPro/devkitARM/bin/../lib/gcc/arm-none-eabi/14.1.0/../../../../arm-none-eabi/lib/thumb\libsysbase.a(libsysbase_libsysbase_a-iosupport.o)
                0x0201503c                devoptab_list
 *(EXCLUDE_FILE(*.twl*) .gnu.linkonce.d*)
                0x020150c8                        . = ALIGN (0x4)
                0x020150c8                        __data_end = ABSOLUTE (.)
                0x020150c8                        __bss_vma = .

.igot.plt       0x020150c8        0x0
 .igot.plt      0x020150c8        0x0 C:/devkitPro/devkitARM/bin/../lib/gcc/arm-none-eabi/14.1.0/../../../../arm-none-eabi/lib/thumb/ds_arm9_crt0.o

.dtcm           0x02ff0000        0x0 load address 0x020150c8
                0x020150c8                        __dtcm_lma = LOADADDR (.dtcm)
                0x02ff0000                        __dtcm_start = ABSOLUTE (.)
 *(.dtcm)
 *(.dtcm.*)
                0x02ff0000                        . = ALIGN (0x4)
                0x02ff0000                        __dtcm_end = ABSOLUTE (.)

.itcm           0x01000100      0x194 load address 0x020150c8
                0x020150c8                        __itcm_lma = LOADADDR (.itcm)
                0x01000100                        __itcm_start = ABSOLUTE (.)
 *(.itcm)
 .itcm          0x01000100       0xc8 C:/devkitPro/libnds/lib\libnds9.a(interrupts.o)
                0x01000100                irqTable
 .itcm          0x010001c8       0xcc C:/devkitPro/libnds/lib\libnds9.a(interruptDispatcher.o)
                0x010001c8                IntrMain
 *.itcm*(.text .stub .text.*)
                0x01000294                        . = ALIGN (0x4)
                0x01000294                        __itcm_end = ABSOLUTE (.)

.vectors        0x01000000        0x0 load address 0x0201525c
                0x0201525c                        __vectors_lma = LOADADDR (.vectors)
                0x01000000                        __vectors_start = ABSOLUTE (.)
 *(.vectors .vectors.*)
                0x01000000                        . = ALIGN (0x4)
                0x01000000                        __vectors_end = ABSOLUTE (.)

.sbss           0x02ff0000        0x0
                0x02ff0000                        __sbss_start = ABSOLUTE (.)
                0x02ff0000                        __sbss_start__ = ABSOLUTE (.)
 *(.sbss)
                0x02ff0000                        . = ALIGN (0x4)
                0x02ff0000                        __sbss_end = ABSOLUTE (.)

.bss            0x020150c8     0x15e4
                0x020150c8                        __bss_start = ABSOLUTE (.)
                0x020150c8                        __bss_start__ = ABSOLUTE (.)
 *(EXCLUDE_FILE(*.twl*) .dynbss)
 *(EXCLUDE_FILE(*.twl*) .gnu.linkonce.b*)
 *(EXCLUDE_FILE(*.twl*) .bss*)
 .bss.completed.1
                0x020150c8        0x1 C:/devkitPro/devkitARM/bin/../lib/gcc/arm-none-eabi/14.1.0/thumb/crtbegin.o
 *fill*         0x020150c9        0x3 
 .bss.object.0  0x020150cc       0x18 C:/devkitPro/devkitARM/bin/../lib/gcc/arm-none-eabi/14.1.0/thumb/crtbegin.o
 *fill*         0x020150e4        0x4 
 .bss           0x020150e8      0x400 arm9.o
                0x020150e8                OAMCopy
 .bss.bgIsTextLut
                0x020154e8        0x8 C:/devkitPro/libnds/lib\libnds9.a(background.o)
                0x020154e8                bgIsTextLut
 .bss.bgState   0x020154f0      0x140 C:/devkitPro/libnds/lib\libnds9.a(background.o)
                0x020154f0                bgState
 .bss.SDcallback
                0x02015630        0x4 C:/devkitPro/libnds/lib\libnds9.a(system.o)
 .bss.currentCopy
                0x02015634       0x5c C:/devkitPro/libnds/lib\libnds9.a(console.o)
                0x02015634                currentCopy
 .bss.OamMemory
                0x02015690      0x400 C:/devkitPro/libnds/lib\libnds9.a(sprite.o)
                0x02015690                OamMemory
 .bss.keys      0x02015a90        0x2 C:/devkitPro/libnds/lib\libnds9.a(keys.o)
 .bss.keysold   0x02015a92        0x2 C:/devkitPro/libnds/lib\libnds9.a(keys.o)
 .bss.keysrepeat
                0x02015a94        0x2 C:/devkitPro/libnds/lib\libnds9.a(keys.o)
 .bss.__dsimode
                0x02015a96        0x1 C:/devkitPro/libnds/lib\libnds9.a(initSystem.o)
                0x02015a96                __dsimode
 *fill*         0x02015a97        0x1 
 .bss.punixTime
                0x02015a98        0x4 C:/devkitPro/libnds/lib\libnds9.a(initSystem.o)
                0x02015a98                punixTime
 .bss.fifo_address_data
                0x02015a9c       0x40 C:/devkitPro/libnds/lib\libnds9.a(fifosystem.o)
                0x02015a9c                fifo_address_data
 .bss.fifo_address_func
                0x02015adc       0x40 C:/devkitPro/libnds/lib\libnds9.a(fifosystem.o)
                0x02015adc                fifo_address_func
 .bss.fifo_address_queue
                0x02015b1c       0x40 C:/devkitPro/libnds/lib\libnds9.a(fifosystem.o)
                0x02015b1c                fifo_address_queue
 .bss.fifo_buffer
                0x02015b5c      0x800 C:/devkitPro/libnds/lib\libnds9.a(fifosystem.o)
                0x02015b5c                fifo_buffer
 .bss.fifo_data_queue
                0x0201635c       0x40 C:/devkitPro/libnds/lib\libnds9.a(fifosystem.o)
                0x0201635c                fifo_data_queue
 .bss.fifo_datamsg_data
                0x0201639c       0x40 C:/devkitPro/libnds/lib\libnds9.a(fifosystem.o)
                0x0201639c                fifo_datamsg_data
 .bss.fifo_datamsg_func
                0x020163dc       0x40 C:/devkitPro/libnds/lib\libnds9.a(fifosystem.o)
                0x020163dc                fifo_datamsg_func
 .bss.fifo_value32_data
                0x0201641c       0x40 C:/devkitPro/libnds/lib\libnds9.a(fifosystem.o)
                0x0201641c                fifo_value32_data
 .bss.fifo_value32_func
                0x0201645c       0x40 C:/devkitPro/libnds/lib\libnds9.a(fifosystem.o)
                0x0201645c                fifo_value32_func
 .bss.fifo_value32_queue
                0x0201649c       0x40 C:/devkitPro/libnds/lib\libnds9.a(fifosystem.o)
                0x0201649c                fifo_value32_queue
 .bss.processing
                0x020164dc        0x4 C:/devkitPro/libnds/lib\libnds9.a(fifosystem.o)
                0x020164dc                processing
 .bss           0x020164e0        0x4 C:\devkitPro\libcamera/lib\libcamera9.a(cam9.o)
                0x020164e0                CAM_FIFO_CHANNEL
 .bss.__sfp_recursive_mutex
                0x020164e4        0xc C:/devkitPro/devkitARM/bin/../lib/gcc/arm-none-eabi/14.1.0/../../../../arm-none-eabi/lib/thumb\libg.a(libc_a-findfp.o)
 .bss.__sf      0x020164f0      0x168 C:/devkitPro/devkitARM/bin/../lib/gcc/arm-none-eabi/14.1.0/../../../../arm-none-eabi/lib/thumb\libg.a(libc_a-findfp.o)
                0x020164f0                __sf
 .bss.__stdio_exit_handler
                0x02016658        0x4 C:/devkitPro/devkitARM/bin/../lib/gcc/arm-none-eabi/14.1.0/../../../../arm-none-eabi/lib/thumb\libg.a(libc_a-findfp.o)
                0x02016658                __stdio_exit_handler
 .bss.__malloc_current_mallinfo
                0x0201665c       0x28 C:/devkitPro/devkitARM/bin/../lib/gcc/arm-none-eabi/14.1.0/../../../../arm-none-eabi/lib/thumb\libg.a(libc_a-mallocr.o)
                0x0201665c                __malloc_current_mallinfo
 .bss.__malloc_max_total_mem
                0x02016684        0x4 C:/devkitPro/devkitARM/bin/../lib/gcc/arm-none-eabi/14.1.0/../../../../arm-none-eabi/lib/thumb\libg.a(libc_a-mallocr.o)
                0x02016684                __malloc_max_total_mem
 .bss.__malloc_max_sbrked_mem
                0x02016688        0x4 C:/devkitPro/devkitARM/bin/../lib/gcc/arm-none-eabi/14.1.0/../../../../arm-none-eabi/lib/thumb\libg.a(libc_a-mallocr.o)
                0x02016688                __malloc_max_sbrked_mem
 .bss.__malloc_top_pad
                0x0201668c        0x4 C:/devkitPro/devkitARM/bin/../lib/gcc/arm-none-eabi/14.1.0/../../../../arm-none-eabi/lib/thumb\libg.a(libc_a-mallocr.o)
                0x0201668c                __malloc_top_pad
 .bss.__malloc_recursive_mutex
                0x02016690        0xc C:/devkitPro/devkitARM/bin/../lib/gcc/arm-none-eabi/14.1.0/../../../../arm-none-eabi/lib/thumb\libg.a(libc_a-mlock.o)
 .bss.__hndl_lock
                0x0201669c        0x4 C:/devkitPro/devkitARM/bin/../lib/gcc/arm-none-eabi/14.1.0/../../../../arm-none-eabi/lib/thumb\libsysbase.a(libsysbase_libsysbase_a-handle_manager.o)
 .bss.fake_heap_start
                0x020166a0        0x4 C:/devkitPro/devkitARM/bin/../lib/gcc/arm-none-eabi/14.1.0/../../../../arm-none-eabi/lib/thumb\libsysbase.a(libsysbase_libsysbase_a-malloc_vars.o)
                0x020166a0                fake_heap_start
 .bss.fake_heap_end
                0x020166a4        0x4 C:/devkitPro/devkitARM/bin/../lib/gcc/arm-none-eabi/14.1.0/../../../../arm-none-eabi/lib/thumb\libsysbase.a(libsysbase_libsysbase_a-malloc_vars.o)
                0x020166a4                fake_heap_end
 .bss.heap_start.0
                0x020166a8        0x4 C:/devkitPro/devkitARM/bin/../lib/gcc/arm-none-eabi/14.1.0/../../../../arm-none-eabi/lib/thumb\libsysbase.a(libsysbase_libsysbase_a-sbrk.o)
 *(EXCLUDE_FILE(*.twl*) COMMON)
                0x020166ac                        . = ALIGN (0x4)
                0x020166ac                        __bss_end__ = ABSOLUTE (.)
                0x020166ac                        __end__ = ABSOLUTE (.)

.twl            0x020166ac        0x0 load address 0x02400000
                0x02400000                        __arm9i_lma__ = LOADADDR (.twl)
                0x020166ac                        __arm9i_start__ = ABSOLUTE (.)
 *(.twl)
 *.twl*(.text .stub .text.* .gnu.linkonce.t.*)
 *.twl*(.rodata)
 *.twl*(.roda)
 *.twl*(.rodata.*)
 *.twl*(.data)
 *.twl*(.data.*)
 *.twl*(.gnu.linkonce.d*)
                0x020166ac                        __arm9i_end__ = ABSOLUTE (.)

.twl_bss        0x020166ac        0x0
                0x020166ac                        __twl_bss_start__ = ABSOLUTE (.)
 *(.twl_bss)
 *.twl*(.dynbss)
 *.twl*(.gnu.linkonce.b*)
 *.twl*(.bss*)
 *.twl*(COMMON)
                0x020166ac                        . = ALIGN (0x4)
                0x020166ac                        __twl_bss_end__ = ABSOLUTE (.)
                0x020166ac                        __twl_end__ = ABSOLUTE (.)

.stab
 *(.stab)

.stabstr
 *(.stabstr)

.stab.excl
 *(.stab.excl)

.stab.exclstr
 *(.stab.exclstr)

.stab.index
 *(.stab.index)

.stab.indexstr
 *(.stab.indexstr)

.comment        0x00000000       0x69
 *(.comment)
 .comment       0x00000000       0x69 C:/devkitPro/devkitARM/bin/../lib/gcc/arm-none-eabi/14.1.0/thumb/crtbegin.o
                                 0x24 (size before relaxing)
 .comment       0x00000069       0x24 arm9.o
 .comment       0x00000069       0x24 C:/devkitPro/libnds/lib\libnds9.a(background.o)
 .comment       0x00000069       0x24 C:/devkitPro/libnds/lib\libnds9.a(trig.o)
 .comment       0x00000069       0x24 C:/devkitPro/libnds/lib\libnds9.a(touch.o)
 .comment       0x00000069       0x24 C:/devkitPro/libnds/lib\libnds9.a(sprite_alloc.o)
 .comment       0x00000069       0x24 C:/devkitPro/libnds/lib\libnds9.a(system.o)
 .comment       0x00000069       0x24 C:/devkitPro/libnds/lib\libnds9.a(console.o)
 .comment       0x00000069       0x24 C:/devkitPro/libnds/lib\libnds9.a(sprite.o)
 .comment       0x00000069       0x24 C:/devkitPro/libnds/lib\libnds9.a(keys.o)
 .comment       0x00000069       0x24 C:/devkitPro/libnds/lib\libnds9.a(initSystem.o)
 .comment       0x00000069       0x24 C:/devkitPro/libnds/lib\libnds9.a(securearea.o)
 .comment       0x00000069       0x24 C:/devkitPro/libnds/lib\libnds9.a(interrupts.o)
 .comment       0x00000069       0x24 C:/devkitPro/libnds/lib\libnds9.a(libnds_exit.arm.o)
 .comment       0x00000069       0x24 C:/devkitPro/libnds/lib\libnds9.a(fifosystem.o)
 .comment       0x00000069       0x24 C:/devkitPro/libnds/lib\libnds9.a(video.o)
 .comment       0x00000069       0x24 C:\devkitPro\libcamera/lib\libcamera9.a(cam9.o)
 .comment       0x00000069       0x24 C:\devkitPro\libcamera/lib\libcamera9.a(cam_dma.o)
 .comment       0x00000069       0x24 C:/devkitPro/devkitARM/bin/../lib/gcc/arm-none-eabi/14.1.0/thumb\libgcc.a(unwind-arm.o)
 .comment       0x00000069       0x24 C:/devkitPro/devkitARM/bin/../lib/gcc/arm-none-eabi/14.1.0/thumb\libgcc.a(pr-support.o)
 .comment       0x00000069       0x24 C:/devkitPro/devkitARM/bin/../lib/gcc/arm-none-eabi/14.1.0/../../../../arm-none-eabi/lib/thumb\libg.a(libc_a-fwrite.o)
 .comment       0x00000069       0x24 C:/devkitPro/devkitARM/bin/../lib/gcc/arm-none-eabi/14.1.0/../../../../arm-none-eabi/lib/thumb\libg.a(libc_a-fvwrite.o)
 .comment       0x00000069       0x24 C:/devkitPro/devkitARM/bin/../lib/gcc/arm-none-eabi/14.1.0/../../../../arm-none-eabi/lib/thumb\libg.a(libc_a-memchr-stub.o)
 .comment       0x00000069       0x24 C:/devkitPro/devkitARM/bin/../lib/gcc/arm-none-eabi/14.1.0/../../../../arm-none-eabi/lib/thumb\libg.a(libc_a-siscanf.o)
 .comment       0x00000069       0x24 C:/devkitPro/devkitARM/bin/../lib/gcc/arm-none-eabi/14.1.0/../../../../arm-none-eabi/lib/thumb\libg.a(libc_a-stdio.o)
 .comment       0x00000069       0x24 C:/devkitPro/devkitARM/bin/../lib/gcc/arm-none-eabi/14.1.0/../../../../arm-none-eabi/lib/thumb\libg.a(libc_a-abort.o)
 .comment       0x00000069       0x24 C:/devkitPro/devkitARM/bin/../lib/gcc/arm-none-eabi/14.1.0/../../../../arm-none-eabi/lib/thumb\libg.a(libc_a-realloc.o)
 .comment       0x00000069       0x24 C:/devkitPro/devkitARM/bin/../lib/gcc/arm-none-eabi/14.1.0/../../../../arm-none-eabi/lib/thumb\libg.a(libc_a-findfp.o)
 .comment       0x00000069       0x24 C:/devkitPro/devkitARM/bin/../lib/gcc/arm-none-eabi/14.1.0/../../../../arm-none-eabi/lib/thumb\libg.a(libc_a-mallocr.o)
 .comment       0x00000069       0x24 C:/devkitPro/devkitARM/bin/../lib/gcc/arm-none-eabi/14.1.0/../../../../arm-none-eabi/lib/thumb\libg.a(libc_a-freer.o)
 .comment       0x00000069       0x24 C:/devkitPro/devkitARM/bin/../lib/gcc/arm-none-eabi/14.1.0/../../../../arm-none-eabi/lib/thumb\libg.a(libc_a-setvbuf.o)
 .comment       0x00000069       0x24 C:/devkitPro/devkitARM/bin/../lib/gcc/arm-none-eabi/14.1.0/../../../../arm-none-eabi/lib/thumb\libg.a(libc_a-malloc.o)
 .comment       0x00000069       0x24 C:/devkitPro/devkitARM/bin/../lib/gcc/arm-none-eabi/14.1.0/../../../../arm-none-eabi/lib/thumb\libg.a(libc_a-memcpy-stub.o)
 .comment       0x00000069       0x24 C:/devkitPro/devkitARM/bin/../lib/gcc/arm-none-eabi/14.1.0/../../../../arm-none-eabi/lib/thumb\libg.a(libc_a-memset.o)
 .comment       0x00000069       0x24 C:/devkitPro/devkitARM/bin/../lib/gcc/arm-none-eabi/14.1.0/../../../../arm-none-eabi/lib/thumb\libg.a(libc_a-reallocr.o)
 .comment       0x00000069       0x24 C:/devkitPro/devkitARM/bin/../lib/gcc/arm-none-eabi/14.1.0/../../../../arm-none-eabi/lib/thumb\libg.a(libc_a-fwalk.o)
 .comment       0x00000069       0x24 C:/devkitPro/devkitARM/bin/../lib/gcc/arm-none-eabi/14.1.0/../../../../arm-none-eabi/lib/thumb\libg.a(libc_a-mlock.o)
 .comment       0x00000069       0x24 C:/devkitPro/devkitARM/bin/../lib/gcc/arm-none-eabi/14.1.0/../../../../arm-none-eabi/lib/thumb\libg.a(libc_a-iprintf.o)
 .comment       0x00000069       0x24 C:/devkitPro/devkitARM/bin/../lib/gcc/arm-none-eabi/14.1.0/../../../../arm-none-eabi/lib/thumb\libg.a(libc_a-init.o)
 .comment       0x00000069       0x24 C:/devkitPro/devkitARM/bin/../lib/gcc/arm-none-eabi/14.1.0/../../../../arm-none-eabi/lib/thumb\libg.a(libc_a-wsetup.o)
 .comment       0x00000069       0x24 C:/devkitPro/devkitARM/bin/../lib/gcc/arm-none-eabi/14.1.0/../../../../arm-none-eabi/lib/thumb\libg.a(libc_a-fflush.o)
 .comment       0x00000069       0x24 C:/devkitPro/devkitARM/bin/../lib/gcc/arm-none-eabi/14.1.0/../../../../arm-none-eabi/lib/thumb\libg.a(libc_a-strlen-stub.o)
 .comment       0x00000069       0x24 C:/devkitPro/devkitARM/bin/../lib/gcc/arm-none-eabi/14.1.0/../../../../arm-none-eabi/lib/thumb\libg.a(libc_a-memmove.o)
 .comment       0x00000069       0x24 C:/devkitPro/devkitARM/bin/../lib/gcc/arm-none-eabi/14.1.0/../../../../arm-none-eabi/lib/thumb\libg.a(libc_a-signal.o)
 .comment       0x00000069       0x24 C:/devkitPro/devkitARM/bin/../lib/gcc/arm-none-eabi/14.1.0/../../../../arm-none-eabi/lib/thumb\libg.a(libc_a-impure.o)
 .comment       0x00000069       0x24 C:/devkitPro/devkitARM/bin/../lib/gcc/arm-none-eabi/14.1.0/../../../../arm-none-eabi/lib/thumb\libg.a(libc_a-vfiprintf.o)
 .comment       0x00000069       0x24 C:/devkitPro/devkitARM/bin/../lib/gcc/arm-none-eabi/14.1.0/../../../../arm-none-eabi/lib/thumb\libg.a(libc_a-malignr.o)
 .comment       0x00000069       0x24 C:/devkitPro/devkitARM/bin/../lib/gcc/arm-none-eabi/14.1.0/../../../../arm-none-eabi/lib/thumb\libg.a(libc_a-svfiscanf.o)
 .comment       0x00000069       0x24 C:/devkitPro/devkitARM/bin/../lib/gcc/arm-none-eabi/14.1.0/../../../../arm-none-eabi/lib/thumb\libg.a(libc_a-strtoul.o)
 .comment       0x00000069       0x24 C:/devkitPro/devkitARM/bin/../lib/gcc/arm-none-eabi/14.1.0/../../../../arm-none-eabi/lib/thumb\libg.a(libc_a-sprint_r.o)
 .comment       0x00000069       0x24 C:/devkitPro/devkitARM/bin/../lib/gcc/arm-none-eabi/14.1.0/../../../../arm-none-eabi/lib/thumb\libg.a(libc_a-iswspace.o)
 .comment       0x00000069       0x24 C:/devkitPro/devkitARM/bin/../lib/gcc/arm-none-eabi/14.1.0/../../../../arm-none-eabi/lib/thumb\libg.a(libc_a-sccl.o)
 .comment       0x00000069       0x24 C:/devkitPro/devkitARM/bin/../lib/gcc/arm-none-eabi/14.1.0/../../../../arm-none-eabi/lib/thumb\libg.a(libc_a-fclose.o)
 .comment       0x00000069       0x24 C:/devkitPro/devkitARM/bin/../lib/gcc/arm-none-eabi/14.1.0/../../../../arm-none-eabi/lib/thumb\libg.a(libc_a-localeconv.o)
 .comment       0x00000069       0x24 C:/devkitPro/devkitARM/bin/../lib/gcc/arm-none-eabi/14.1.0/../../../../arm-none-eabi/lib/thumb\libg.a(libc_a-makebuf.o)
 .comment       0x00000069       0x24 C:/devkitPro/devkitARM/bin/../lib/gcc/arm-none-eabi/14.1.0/../../../../arm-none-eabi/lib/thumb\libg.a(libc_a-wcrtomb.o)
 .comment       0x00000069       0x24 C:/devkitPro/devkitARM/bin/../lib/gcc/arm-none-eabi/14.1.0/../../../../arm-none-eabi/lib/thumb\libg.a(libc_a-strtol.o)
 .comment       0x00000069       0x24 C:/devkitPro/devkitARM/bin/../lib/gcc/arm-none-eabi/14.1.0/../../../../arm-none-eabi/lib/thumb\libg.a(libc_a-errno.o)
 .comment       0x00000069       0x24 C:/devkitPro/devkitARM/bin/../lib/gcc/arm-none-eabi/14.1.0/../../../../arm-none-eabi/lib/thumb\libg.a(libc_a-ctype_.o)
 .comment       0x00000069       0x24 C:/devkitPro/devkitARM/bin/../lib/gcc/arm-none-eabi/14.1.0/../../../../arm-none-eabi/lib/thumb\libg.a(libc_a-strncpy.o)
 .comment       0x00000069       0x24 C:/devkitPro/devkitARM/bin/../lib/gcc/arm-none-eabi/14.1.0/../../../../arm-none-eabi/lib/thumb\libg.a(libc_a-strtoull.o)
 .comment       0x00000069       0x24 C:/devkitPro/devkitARM/bin/../lib/gcc/arm-none-eabi/14.1.0/../../../../arm-none-eabi/lib/thumb\libg.a(libc_a-wcsrtombs.o)
 .comment       0x00000069       0x24 C:/devkitPro/devkitARM/bin/../lib/gcc/arm-none-eabi/14.1.0/../../../../arm-none-eabi/lib/thumb\libg.a(libc_a-svfiprintf.o)
 .comment       0x00000069       0x24 C:/devkitPro/devkitARM/bin/../lib/gcc/arm-none-eabi/14.1.0/../../../../arm-none-eabi/lib/thumb\libg.a(libc_a-mbrtowc.o)
 .comment       0x00000069       0x24 C:/devkitPro/devkitARM/bin/../lib/gcc/arm-none-eabi/14.1.0/../../../../arm-none-eabi/lib/thumb\libg.a(libc_a-ungetc.o)
 .comment       0x00000069       0x24 C:/devkitPro/devkitARM/bin/../lib/gcc/arm-none-eabi/14.1.0/../../../../arm-none-eabi/lib/thumb\libg.a(libc_a-iswspace_l.o)
 .comment       0x00000069       0x24 C:/devkitPro/devkitARM/bin/../lib/gcc/arm-none-eabi/14.1.0/../../../../arm-none-eabi/lib/thumb\libg.a(libc_a-strtoll.o)
 .comment       0x00000069       0x24 C:/devkitPro/devkitARM/bin/../lib/gcc/arm-none-eabi/14.1.0/../../../../arm-none-eabi/lib/thumb\libg.a(libc_a-locale.o)
 .comment       0x00000069       0x24 C:/devkitPro/devkitARM/bin/../lib/gcc/arm-none-eabi/14.1.0/../../../../arm-none-eabi/lib/thumb\libg.a(libc_a-wcsnrtombs.o)
 .comment       0x00000069       0x24 C:/devkitPro/devkitARM/bin/../lib/gcc/arm-none-eabi/14.1.0/../../../../arm-none-eabi/lib/thumb\libg.a(libc_a-mbtowc_r.o)
 .comment       0x00000069       0x24 C:/devkitPro/devkitARM/bin/../lib/gcc/arm-none-eabi/14.1.0/../../../../arm-none-eabi/lib/thumb\libg.a(libc_a-categories.o)
 .comment       0x00000069       0x24 C:/devkitPro/devkitARM/bin/../lib/gcc/arm-none-eabi/14.1.0/../../../../arm-none-eabi/lib/thumb\libg.a(libc_a-wctomb_r.o)
 .comment       0x00000069       0x24 C:/devkitPro/devkitARM/bin/../lib/gcc/arm-none-eabi/14.1.0/../../../../arm-none-eabi/lib/thumb\libsysbase.a(libsysbase_libsysbase_a-_exit.o)
 .comment       0x00000069       0x24 C:/devkitPro/devkitARM/bin/../lib/gcc/arm-none-eabi/14.1.0/../../../../arm-none-eabi/lib/thumb\libsysbase.a(libsysbase_libsysbase_a-build_argv.o)
 .comment       0x00000069       0x24 C:/devkitPro/devkitARM/bin/../lib/gcc/arm-none-eabi/14.1.0/../../../../arm-none-eabi/lib/thumb\libsysbase.a(libsysbase_libsysbase_a-fstat.o)
 .comment       0x00000069       0x24 C:/devkitPro/devkitARM/bin/../lib/gcc/arm-none-eabi/14.1.0/../../../../arm-none-eabi/lib/thumb\libsysbase.a(libsysbase_libsysbase_a-getpid.o)
 .comment       0x00000069       0x24 C:/devkitPro/devkitARM/bin/../lib/gcc/arm-none-eabi/14.1.0/../../../../arm-none-eabi/lib/thumb\libsysbase.a(libsysbase_libsysbase_a-getreent.o)
 .comment       0x00000069       0x24 C:/devkitPro/devkitARM/bin/../lib/gcc/arm-none-eabi/14.1.0/../../../../arm-none-eabi/lib/thumb\libsysbase.a(libsysbase_libsysbase_a-handle_manager.o)
 .comment       0x00000069       0x24 C:/devkitPro/devkitARM/bin/../lib/gcc/arm-none-eabi/14.1.0/../../../../arm-none-eabi/lib/thumb\libsysbase.a(libsysbase_libsysbase_a-iosupport.o)
 .comment       0x00000069       0x24 C:/devkitPro/devkitARM/bin/../lib/gcc/arm-none-eabi/14.1.0/../../../../arm-none-eabi/lib/thumb\libsysbase.a(libsysbase_libsysbase_a-isatty.o)
 .comment       0x00000069       0x24 C:/devkitPro/devkitARM/bin/../lib/gcc/arm-none-eabi/14.1.0/../../../../arm-none-eabi/lib/thumb\libsysbase.a(libsysbase_libsysbase_a-kill.o)
 .comment       0x00000069       0x24 C:/devkitPro/devkitARM/bin/../lib/gcc/arm-none-eabi/14.1.0/../../../../arm-none-eabi/lib/thumb\libsysbase.a(libsysbase_libsysbase_a-lseek.o)
 .comment       0x00000069       0x24 C:/devkitPro/devkitARM/bin/../lib/gcc/arm-none-eabi/14.1.0/../../../../arm-none-eabi/lib/thumb\libsysbase.a(libsysbase_libsysbase_a-malloc_vars.o)
 .comment       0x00000069       0x24 C:/devkitPro/devkitARM/bin/../lib/gcc/arm-none-eabi/14.1.0/../../../../arm-none-eabi/lib/thumb\libsysbase.a(libsysbase_libsysbase_a-read.o)
 .comment       0x00000069       0x24 C:/devkitPro/devkitARM/bin/../lib/gcc/arm-none-eabi/14.1.0/../../../../arm-none-eabi/lib/thumb\libsysbase.a(libsysbase_libsysbase_a-sbrk.o)
 .comment       0x00000069       0x24 C:/devkitPro/devkitARM/bin/../lib/gcc/arm-none-eabi/14.1.0/../../../../arm-none-eabi/lib/thumb\libsysbase.a(libsysbase_libsysbase_a-syscall_support.o)
 .comment       0x00000069       0x24 C:/devkitPro/devkitARM/bin/../lib/gcc/arm-none-eabi/14.1.0/../../../../arm-none-eabi/lib/thumb\libsysbase.a(libsysbase_libsysbase_a-write.o)
 .comment       0x00000069       0x24 C:/devkitPro/devkitARM/bin/../lib/gcc/arm-none-eabi/14.1.0/thumb\libgcc.a(_muldi3.o)
 .comment       0x00000069       0x24 C:/devkitPro/devkitARM/bin/../lib/gcc/arm-none-eabi/14.1.0/thumb\libgcc.a(_udivmoddi4.o)
 .comment       0x00000069       0x24 C:/devkitPro/devkitARM/bin/../lib/gcc/arm-none-eabi/14.1.0/thumb/crtend.o

.ARM.attributes
                0x00000000       0x2d
 .ARM.attributes
                0x00000000       0x21 C:/devkitPro/devkitARM/bin/../lib/gcc/arm-none-eabi/14.1.0/../../../../arm-none-eabi/lib/thumb/ds_arm9_crt0.o
 .ARM.attributes
                0x00000021       0x1c C:/devkitPro/devkitARM/bin/../lib/gcc/arm-none-eabi/14.1.0/thumb/crti.o
 .ARM.attributes
                0x0000003d       0x2a C:/devkitPro/devkitARM/bin/../lib/gcc/arm-none-eabi/14.1.0/thumb/crtbegin.o
 .ARM.attributes
                0x00000067       0x1b ball.o
 .ARM.attributes
                0x00000082       0x1b dandelion.o
 .ARM.attributes
                0x0000009d       0x1b penguin.o
 .ARM.attributes
                0x000000b8       0x1b puffle.o
 .ARM.attributes
                0x000000d3       0x1b rose.o
 .ARM.attributes
                0x000000ee       0x27 arm9.o
 .ARM.attributes
                0x00000115       0x2b C:/devkitPro/libnds/lib\libnds9.a(background.o)
 .ARM.attributes
                0x00000140       0x2b C:/devkitPro/libnds/lib\libnds9.a(trig.o)
 .ARM.attributes
                0x0000016b       0x2b C:/devkitPro/libnds/lib\libnds9.a(touch.o)
 .ARM.attributes
                0x00000196       0x2b C:/devkitPro/libnds/lib\libnds9.a(sprite_alloc.o)
 .ARM.attributes
                0x000001c1       0x2b C:/devkitPro/libnds/lib\libnds9.a(system.o)
 .ARM.attributes
                0x000001ec       0x2b C:/devkitPro/libnds/lib\libnds9.a(console.o)
 .ARM.attributes
                0x00000217       0x2b C:/devkitPro/libnds/lib\libnds9.a(sprite.o)
 .ARM.attributes
                0x00000242       0x2b C:/devkitPro/libnds/lib\libnds9.a(keys.o)
 .ARM.attributes
                0x0000026d       0x2b C:/devkitPro/libnds/lib\libnds9.a(initSystem.o)
 .ARM.attributes
                0x00000298       0x2b C:/devkitPro/libnds/lib\libnds9.a(securearea.o)
 .ARM.attributes
                0x000002c3       0x2b C:/devkitPro/libnds/lib\libnds9.a(interrupts.o)
 .ARM.attributes
                0x000002ee       0x2b C:/devkitPro/libnds/lib\libnds9.a(libnds_exit.arm.o)
 .ARM.attributes
                0x00000319       0x2b C:/devkitPro/libnds/lib\libnds9.a(fifosystem.o)
 .ARM.attributes
                0x00000344       0x1b C:/devkitPro/libnds/lib\libnds9.a(dcache.o)
 .ARM.attributes
                0x0000035f       0x21 C:/devkitPro/libnds/lib\libnds9.a(mpu_setup.o)
 .ARM.attributes
                0x00000380       0x21 C:/devkitPro/libnds/lib\libnds9.a(IntrWait.o)
 .ARM.attributes
                0x000003a1       0x21 C:/devkitPro/libnds/lib\libnds9.a(cpu_clock.o)
 .ARM.attributes
                0x000003c2       0x1b C:/devkitPro/libnds/lib\libnds9.a(interruptDispatcher.o)
 .ARM.attributes
                0x000003dd       0x1b C:/devkitPro/libnds/lib\libnds9.a(biosCalls.o)
 .ARM.attributes
                0x000003f8       0x21 C:/devkitPro/libnds/lib\libnds9.a(swiSoftReset.o)
 .ARM.attributes
                0x00000419       0x14 C:/devkitPro/libnds/lib\libnds9.a(default_font.bin.o)
 .ARM.attributes
                0x0000042d       0x2b C:/devkitPro/libnds/lib\libnds9.a(video.o)
 .ARM.attributes
                0x00000458       0x27 C:\devkitPro\libcamera/lib\libcamera9.a(cam9.o)
 .ARM.attributes
                0x0000047f       0x27 C:\devkitPro\libcamera/lib\libcamera9.a(cam_dma.o)
 .ARM.attributes
                0x000004a6       0x1c C:/devkitPro/devkitARM/bin/../lib/gcc/arm-none-eabi/14.1.0/thumb\libgcc.a(_divsi3.o)
 .ARM.attributes
                0x000004c2       0x1c C:/devkitPro/devkitARM/bin/../lib/gcc/arm-none-eabi/14.1.0/thumb\libgcc.a(_dvmd_tls.o)
 .ARM.attributes
                0x000004de       0x2a C:/devkitPro/devkitARM/bin/../lib/gcc/arm-none-eabi/14.1.0/thumb\libgcc.a(unwind-arm.o)
 .ARM.attributes
                0x00000508       0x1c C:/devkitPro/devkitARM/bin/../lib/gcc/arm-none-eabi/14.1.0/thumb\libgcc.a(libunwind.o)
 .ARM.attributes
                0x00000524       0x2a C:/devkitPro/devkitARM/bin/../lib/gcc/arm-none-eabi/14.1.0/thumb\libgcc.a(pr-support.o)
 .ARM.attributes
                0x0000054e       0x2a C:/devkitPro/devkitARM/bin/../lib/gcc/arm-none-eabi/14.1.0/../../../../arm-none-eabi/lib/thumb\libg.a(libc_a-fwrite.o)
 .ARM.attributes
                0x00000578       0x2a C:/devkitPro/devkitARM/bin/../lib/gcc/arm-none-eabi/14.1.0/../../../../arm-none-eabi/lib/thumb\libg.a(libc_a-fvwrite.o)
 .ARM.attributes
                0x000005a2       0x2a C:/devkitPro/devkitARM/bin/../lib/gcc/arm-none-eabi/14.1.0/../../../../arm-none-eabi/lib/thumb\libg.a(libc_a-memchr-stub.o)
 .ARM.attributes
                0x000005cc       0x2a C:/devkitPro/devkitARM/bin/../lib/gcc/arm-none-eabi/14.1.0/../../../../arm-none-eabi/lib/thumb\libg.a(libc_a-siscanf.o)
 .ARM.attributes
                0x000005f6       0x2a C:/devkitPro/devkitARM/bin/../lib/gcc/arm-none-eabi/14.1.0/../../../../arm-none-eabi/lib/thumb\libg.a(libc_a-stdio.o)
 .ARM.attributes
                0x00000620       0x2a C:/devkitPro/devkitARM/bin/../lib/gcc/arm-none-eabi/14.1.0/../../../../arm-none-eabi/lib/thumb\libg.a(libc_a-abort.o)
 .ARM.attributes
                0x0000064a       0x2a C:/devkitPro/devkitARM/bin/../lib/gcc/arm-none-eabi/14.1.0/../../../../arm-none-eabi/lib/thumb\libg.a(libc_a-realloc.o)
 .ARM.attributes
                0x00000674       0x2a C:/devkitPro/devkitARM/bin/../lib/gcc/arm-none-eabi/14.1.0/../../../../arm-none-eabi/lib/thumb\libg.a(libc_a-findfp.o)
 .ARM.attributes
                0x0000069e       0x2a C:/devkitPro/devkitARM/bin/../lib/gcc/arm-none-eabi/14.1.0/../../../../arm-none-eabi/lib/thumb\libg.a(libc_a-mallocr.o)
 .ARM.attributes
                0x000006c8       0x2a C:/devkitPro/devkitARM/bin/../lib/gcc/arm-none-eabi/14.1.0/../../../../arm-none-eabi/lib/thumb\libg.a(libc_a-freer.o)
 .ARM.attributes
                0x000006f2       0x2a C:/devkitPro/devkitARM/bin/../lib/gcc/arm-none-eabi/14.1.0/../../../../arm-none-eabi/lib/thumb\libg.a(libc_a-setvbuf.o)
 .ARM.attributes
                0x0000071c       0x2a C:/devkitPro/devkitARM/bin/../lib/gcc/arm-none-eabi/14.1.0/../../../../arm-none-eabi/lib/thumb\libg.a(libc_a-malloc.o)
 .ARM.attributes
                0x00000746       0x2a C:/devkitPro/devkitARM/bin/../lib/gcc/arm-none-eabi/14.1.0/../../../../arm-none-eabi/lib/thumb\libg.a(libc_a-memcpy-stub.o)
 .ARM.attributes
                0x00000770       0x2a C:/devkitPro/devkitARM/bin/../lib/gcc/arm-none-eabi/14.1.0/../../../../arm-none-eabi/lib/thumb\libg.a(libc_a-memset.o)
 .ARM.attributes
                0x0000079a       0x2a C:/devkitPro/devkitARM/bin/../lib/gcc/arm-none-eabi/14.1.0/../../../../arm-none-eabi/lib/thumb\libg.a(libc_a-reallocr.o)
 .ARM.attributes
                0x000007c4       0x2a C:/devkitPro/devkitARM/bin/../lib/gcc/arm-none-eabi/14.1.0/../../../../arm-none-eabi/lib/thumb\libg.a(libc_a-fwalk.o)
 .ARM.attributes
                0x000007ee       0x2a C:/devkitPro/devkitARM/bin/../lib/gcc/arm-none-eabi/14.1.0/../../../../arm-none-eabi/lib/thumb\libg.a(libc_a-mlock.o)
 .ARM.attributes
                0x00000818       0x2a C:/devkitPro/devkitARM/bin/../lib/gcc/arm-none-eabi/14.1.0/../../../../arm-none-eabi/lib/thumb\libg.a(libc_a-iprintf.o)
 .ARM.attributes
                0x00000842       0x2a C:/devkitPro/devkitARM/bin/../lib/gcc/arm-none-eabi/14.1.0/../../../../arm-none-eabi/lib/thumb\libg.a(libc_a-init.o)
 .ARM.attributes
                0x0000086c       0x2a C:/devkitPro/devkitARM/bin/../lib/gcc/arm-none-eabi/14.1.0/../../../../arm-none-eabi/lib/thumb\libg.a(libc_a-wsetup.o)
 .ARM.attributes
                0x00000896       0x2a C:/devkitPro/devkitARM/bin/../lib/gcc/arm-none-eabi/14.1.0/../../../../arm-none-eabi/lib/thumb\libg.a(libc_a-fflush.o)
 .ARM.attributes
                0x000008c0       0x2a C:/devkitPro/devkitARM/bin/../lib/gcc/arm-none-eabi/14.1.0/../../../../arm-none-eabi/lib/thumb\libg.a(libc_a-strlen-stub.o)
 .ARM.attributes
                0x000008ea       0x2a C:/devkitPro/devkitARM/bin/../lib/gcc/arm-none-eabi/14.1.0/../../../../arm-none-eabi/lib/thumb\libg.a(libc_a-memmove.o)
 .ARM.attributes
                0x00000914       0x2a C:/devkitPro/devkitARM/bin/../lib/gcc/arm-none-eabi/14.1.0/../../../../arm-none-eabi/lib/thumb\libg.a(libc_a-signal.o)
 .ARM.attributes
                0x0000093e       0x2a C:/devkitPro/devkitARM/bin/../lib/gcc/arm-none-eabi/14.1.0/../../../../arm-none-eabi/lib/thumb\libg.a(libc_a-impure.o)
 .ARM.attributes
                0x00000968       0x2a C:/devkitPro/devkitARM/bin/../lib/gcc/arm-none-eabi/14.1.0/../../../../arm-none-eabi/lib/thumb\libg.a(libc_a-vfiprintf.o)
 .ARM.attributes
                0x00000992       0x2a C:/devkitPro/devkitARM/bin/../lib/gcc/arm-none-eabi/14.1.0/../../../../arm-none-eabi/lib/thumb\libg.a(libc_a-malignr.o)
 .ARM.attributes
                0x000009bc       0x2a C:/devkitPro/devkitARM/bin/../lib/gcc/arm-none-eabi/14.1.0/../../../../arm-none-eabi/lib/thumb\libg.a(libc_a-svfiscanf.o)
 .ARM.attributes
                0x000009e6       0x2a C:/devkitPro/devkitARM/bin/../lib/gcc/arm-none-eabi/14.1.0/../../../../arm-none-eabi/lib/thumb\libg.a(libc_a-strtoul.o)
 .ARM.attributes
                0x00000a10       0x2a C:/devkitPro/devkitARM/bin/../lib/gcc/arm-none-eabi/14.1.0/../../../../arm-none-eabi/lib/thumb\libg.a(libc_a-sprint_r.o)
 .ARM.attributes
                0x00000a3a       0x2a C:/devkitPro/devkitARM/bin/../lib/gcc/arm-none-eabi/14.1.0/../../../../arm-none-eabi/lib/thumb\libg.a(libc_a-iswspace.o)
 .ARM.attributes
                0x00000a64       0x2a C:/devkitPro/devkitARM/bin/../lib/gcc/arm-none-eabi/14.1.0/../../../../arm-none-eabi/lib/thumb\libg.a(libc_a-sccl.o)
 .ARM.attributes
                0x00000a8e       0x2a C:/devkitPro/devkitARM/bin/../lib/gcc/arm-none-eabi/14.1.0/../../../../arm-none-eabi/lib/thumb\libg.a(libc_a-fclose.o)
 .ARM.attributes
                0x00000ab8       0x2a C:/devkitPro/devkitARM/bin/../lib/gcc/arm-none-eabi/14.1.0/../../../../arm-none-eabi/lib/thumb\libg.a(libc_a-localeconv.o)
 .ARM.attributes
                0x00000ae2       0x2a C:/devkitPro/devkitARM/bin/../lib/gcc/arm-none-eabi/14.1.0/../../../../arm-none-eabi/lib/thumb\libg.a(libc_a-makebuf.o)
 .ARM.attributes
                0x00000b0c       0x2a C:/devkitPro/devkitARM/bin/../lib/gcc/arm-none-eabi/14.1.0/../../../../arm-none-eabi/lib/thumb\libg.a(libc_a-wcrtomb.o)
 .ARM.attributes