Archive member included to satisfy reference by file (symbol)

C:/devkitPro/libnds/lib\libnds9.a(background.o)
                              arm9.o (bgState)
C:/devkitPro/libnds/lib\libnds9.a(trig.o)
                              C:/devkitPro/libnds/lib\libnds9.a(background.o) (sinLerp)
C:/devkitPro/libnds/lib\libnds9.a(touch.o)
                              arm9.o (touchRead)
C:/devkitPro/libnds/lib\libnds9.a(sprite_alloc.o)
                              arm9.o (oamAllocateGfx)
C:/devkitPro/libnds/lib\libnds9.a(system.o)
                              arm9.o (enableSlot1)
C:/devkitPro/libnds/lib\libnds9.a(console.o)
                              arm9.o (consoleDemoInit)
C:/devkitPro/libnds/lib\libnds9.a(sprite.o)
                              arm9.o (oamInit)
C:/devkitPro/libnds/lib\libnds9.a(keys.o)
                              arm9.o (scanKeys)
C:/devkitPro/libnds/lib\libnds9.a(initSystem.o)
                              C:/devkitPro/devkitARM/bin/../lib/gcc/arm-none-eabi/13.1.0/../../../../arm-none-eabi/lib/thumb/ds_arm9_crt0.o (initSystem)
C:/devkitPro/libnds/lib\libnds9.a(securearea.o)
                              C:/devkitPro/devkitARM/bin/../lib/gcc/arm-none-eabi/13.1.0/../../../../arm-none-eabi/lib/thumb/ds_arm9_crt0.o (__secure_area__)
C:/devkitPro/libnds/lib\libnds9.a(interrupts.o)
                              C:/devkitPro/libnds/lib\libnds9.a(initSystem.o) (irqInit)
C:/devkitPro/libnds/lib\libnds9.a(libnds_exit.arm.o)
                              C:/devkitPro/devkitARM/bin/../lib/gcc/arm-none-eabi/13.1.0/../../../../arm-none-eabi/lib/thumb/ds_arm9_crt0.o (__libnds_exit)
C:/devkitPro/libnds/lib\libnds9.a(fifosystem.o)
                              C:/devkitPro/libnds/lib\libnds9.a(initSystem.o) (fifoSetValue32Handler)
C:/devkitPro/libnds/lib\libnds9.a(dcache.o)
                              C:/devkitPro/libnds/lib\libnds9.a(sprite.o) (DC_FlushRange)
C:/devkitPro/libnds/lib\libnds9.a(mpu_setup.o)
                              C:/devkitPro/devkitARM/bin/../lib/gcc/arm-none-eabi/13.1.0/../../../../arm-none-eabi/lib/thumb/ds_arm9_crt0.o (__libnds_mpu_setup)
C:/devkitPro/libnds/lib\libnds9.a(IntrWait.o)
                              arm9.o (swiWaitForVBlank)
C:/devkitPro/libnds/lib\libnds9.a(cpu_clock.o)
                              C:/devkitPro/libnds/lib\libnds9.a(initSystem.o) (setCpuClock)
C:/devkitPro/libnds/lib\libnds9.a(interruptDispatcher.o)
                              C:/devkitPro/libnds/lib\libnds9.a(interrupts.o) (IntrMain)
C:/devkitPro/libnds/lib\libnds9.a(biosCalls.o)
                              C:/devkitPro/libnds/lib\libnds9.a(system.o) (swiDelay)
C:/devkitPro/libnds/lib\libnds9.a(debugprint.o)
                              C:/devkitPro/libnds/lib\libnds9.a(console.o) (nocashWrite)
C:/devkitPro/libnds/lib\libnds9.a(swiSoftReset.o)
                              C:/devkitPro/libnds/lib\libnds9.a(fifosystem.o) (swiSoftReset)
C:/devkitPro/libnds/lib\libnds9.a(default_font.bin.o)
                              C:/devkitPro/libnds/lib\libnds9.a(console.o) (default_font_bin)
C:/devkitPro/libnds/lib\libnds9.a(video.o)
                              C:/devkitPro/libnds/lib\libnds9.a(initSystem.o) (vramDefault)
C:\devkitPro\libcamera/lib\libcamera9.a(cam9.o)
                              arm9.o (camInit)
C:\devkitPro\libcamera/lib\libcamera9.a(cam_dma.o)
                              C:\devkitPro\libcamera/lib\libcamera9.a(cam9.o) (camDMAStart)
C:/devkitPro/devkitARM/bin/../lib/gcc/arm-none-eabi/13.1.0/thumb\libgcc.a(_divsi3.o)
                              C:/devkitPro/libnds/lib\libnds9.a(console.o) (__aeabi_idivmod)
C:/devkitPro/devkitARM/bin/../lib/gcc/arm-none-eabi/13.1.0/thumb\libgcc.a(_dvmd_tls.o)
                              C:/devkitPro/devkitARM/bin/../lib/gcc/arm-none-eabi/13.1.0/thumb\libgcc.a(_divsi3.o) (__aeabi_idiv0)
C:/devkitPro/devkitARM/bin/../lib/gcc/arm-none-eabi/13.1.0/thumb\libgcc.a(unwind-arm.o)
                              arm9.o (__aeabi_unwind_cpp_pr1)
C:/devkitPro/devkitARM/bin/../lib/gcc/arm-none-eabi/13.1.0/thumb\libgcc.a(libunwind.o)
                              C:/devkitPro/devkitARM/bin/../lib/gcc/arm-none-eabi/13.1.0/thumb\libgcc.a(unwind-arm.o) (restore_core_regs)
C:/devkitPro/devkitARM/bin/../lib/gcc/arm-none-eabi/13.1.0/thumb\libgcc.a(pr-support.o)
                              C:/devkitPro/devkitARM/bin/../lib/gcc/arm-none-eabi/13.1.0/thumb\libgcc.a(unwind-arm.o) (__gnu_unwind_execute)
C:/devkitPro/devkitARM/bin/../lib/gcc/arm-none-eabi/13.1.0/../../../../arm-none-eabi/lib/thumb\libg.a(libc_a-bsearch.o)
                              C:/devkitPro/libnds/lib\libnds9.a(trig.o) (bsearch)
C:/devkitPro/devkitARM/bin/../lib/gcc/arm-none-eabi/13.1.0/../../../../arm-none-eabi/lib/thumb\libg.a(libc_a-abort.o)
                              C:/devkitPro/devkitARM/bin/../lib/gcc/arm-none-eabi/13.1.0/thumb\libgcc.a(unwind-arm.o) (abort)
C:/devkitPro/devkitARM/bin/../lib/gcc/arm-none-eabi/13.1.0/../../../../arm-none-eabi/lib/thumb\libg.a(libc_a-siscanf.o)
[...]
Memory Configuration

Name             Origin             Length             Attributes
ewram            0x02000000         0x00380000
dtcm             0x02ff0000         0x00004000
vectors          0x01000000         0x00000100
itcm             0x01000100         0x00007f00
*default*        0x00000000         0xffffffff

Linker script and memory map

                0x02380000                        __ewram_end = (ORIGIN (ewram) + LENGTH (ewram))
                0x02380000                        __eheap_end = (ORIGIN (ewram) + LENGTH (ewram))
                0x02ff4000                        __dtcm_top = (ORIGIN (dtcm) + LENGTH (dtcm))
                0x02ff3ff8                        __irq_flags = (__dtcm_top - 0x8)
                0x02ff3ffc                        __irq_vector = (__dtcm_top - 0x4)
                0x02ff3f00                        __sp_svc = (__dtcm_top - 0x100)
                0x02ff3e00                        __sp_irq = (__sp_svc - 0x100)
                0x02ff3d00                        __sp_usr = (__sp_irq - 0x100)

.secure         0x02000000      0x800
 *(.secure)
 .secure        0x02000000      0x800 C:/devkitPro/libnds/lib\libnds9.a(securearea.o)
                0x02000000                __secure_area__

.crt0           0x02000800      0x300
                0x02000800                        __text_start = .
 *(.crt0)
 .crt0          0x02000800      0x300 C:/devkitPro/devkitARM/bin/../lib/gcc/arm-none-eabi/13.1.0/../../../../arm-none-eabi/lib/thumb/ds_arm9_crt0.o
                0x02000800                _start
                0x02000b00                        . = ALIGN (0x4)

.plt
 *(.plt)

.init           0x02000b00        0xc
 *(SORT_NONE(.init))
 .init          0x02000b00        0x4 C:/devkitPro/devkitARM/bin/../lib/gcc/arm-none-eabi/13.1.0/thumb/crti.o
                0x02000b00                _init
 .init          0x02000b04        0x8 C:/devkitPro/devkitARM/bin/../lib/gcc/arm-none-eabi/13.1.0/thumb/crtn.o

.text           0x02000b10     0xafa8
 *(EXCLUDE_FILE(*.twl* *.vectors* *.itcm*) .text)
 .text          0x02000b10      0x1b8 arm9.o
                0x02000b10                screenshot(unsigned char*)
                0x02000b5c                write16(void*, unsigned short)
                0x02000b64                write32(void*, unsigned long)
                0x02000b74                screenshotbmp(unsigned char*)
                0x02000c94                initOAM()
                0x02000cb0                updateOAM()
 .text          0x02000cc8      0x1fc C:\devkitPro\libcamera/lib\libcamera9.a(cam9.o)
                0x02000cc8                waitForARM7
                0x02000cf0                camInit
                0x02000e2c                camFetch
                0x02000e64                camStop
                0x02000e94                camSwitch
 .text          0x02000ec4       0x50 C:\devkitPro\libcamera/lib\libcamera9.a(cam_dma.o)
                0x02000ec4                camDMAStart
 .text          0x02000f14      0x150 C:/devkitPro/devkitARM/bin/../lib/gcc/arm-none-eabi/13.1.0/thumb\libgcc.a(_divsi3.o)
                0x02000f14                __divsi3
                0x02000f14                __aeabi_idiv
                0x02001044                __aeabi_idivmod
 .text          0x02001064        0x4 C:/devkitPro/devkitARM/bin/../lib/gcc/arm-none-eabi/13.1.0/thumb\libgcc.a(_dvmd_tls.o)
                0x02001064                __aeabi_idiv0
                0x02001064                __aeabi_ldiv0
 .text          0x02001068      0x1d8 C:/devkitPro/devkitARM/bin/../lib/gcc/arm-none-eabi/13.1.0/thumb\libgcc.a(libunwind.o)
                0x02001068                __restore_core_regs
                0x02001068                restore_core_regs
                0x02001084                __gnu_Unwind_Restore_VFP
                0x0200108c                __gnu_Unwind_Save_VFP
                0x02001094                __gnu_Unwind_Restore_VFP_D
                0x0200109c                __gnu_Unwind_Save_VFP_D
                0x020010a4                __gnu_Unwind_Restore_VFP_D_16_to_31
                0x020010ac                __gnu_Unwind_Save_VFP_D_16_to_31
                0x020010b4                __gnu_Unwind_Restore_WMMXD
                0x020010f8                __gnu_Unwind_Save_WMMXD
                0x0200113c                __gnu_Unwind_Restore_WMMXC
                0x02001150                __gnu_Unwind_Save_WMMXC
                0x02001164                ___Unwind_RaiseException
                0x02001164                _Unwind_RaiseException
                0x02001190                _Unwind_Resume
                0x02001190                ___Unwind_Resume
                0x020011bc                _Unwind_Resume_or_Rethrow
                0x020011bc                ___Unwind_Resume_or_Rethrow
                0x020011e8                _Unwind_ForcedUnwind
                0x020011e8                ___Unwind_ForcedUnwind
                0x02001214                ___Unwind_Backtrace
                0x02001214                _Unwind_Backtrace
 .text          0x02001240       0x14 C:/devkitPro/devkitARM/bin/../lib/gcc/arm-none-eabi/13.1.0/thumb\libgcc.a(_thumb1_case_uqi.o)
                0x02001240                __gnu_thumb1_case_uqi
 .text          0x02001254       0x14 C:/devkitPro/devkitARM/bin/../lib/gcc/arm-none-eabi/13.1.0/thumb\libgcc.a(_thumb1_case_uhi.o)
                0x02001254                __gnu_thumb1_case_uhi
 .text          0x02001268      0x11c C:/devkitPro/devkitARM/bin/../lib/gcc/arm-none-eabi/13.1.0/thumb\libgcc.a(_udivsi3.o)
                0x02001268                __aeabi_uidiv
                0x02001268                __udivsi3
                0x02001364                __aeabi_uidivmod
 .text          0x02001384       0x3c C:/devkitPro/devkitARM/bin/../lib/gcc/arm-none-eabi/13.1.0/thumb\libgcc.a(_aeabi_uldivmod.o)
                0x02001384                __aeabi_uldivmod
 .text          0x020013c0       0x28 C:/devkitPro/devkitARM/bin/../lib/gcc/arm-none-eabi/13.1.0/thumb\libgcc.a(_clzdi2.o)
                0x020013c0                __clzdi2
 .text          0x020013e8       0x48 C:/devkitPro/devkitARM/bin/../lib/gcc/arm-none-eabi/13.1.0/thumb\libgcc.a(_clzsi2.o)
                0x020013e8                __clzsi2
 *(EXCLUDE_FILE(*.twl* *.vectors* *.itcm*) .stub)
 *(EXCLUDE_FILE(*.twl* *.vectors* *.itcm*) .text.*)
 .text.__do_global_dtors_aux
                0x02001430       0x2c C:/devkitPro/devkitARM/bin/../lib/gcc/arm-none-eabi/13.1.0/thumb/crtbegin.o
 .text.frame_dummy
                0x0200145c       0x24 C:/devkitPro/devkitARM/bin/../lib/gcc/arm-none-eabi/13.1.0/thumb/crtbegin.o
 .text.startup  0x02001480      0x54c arm9.o
                0x02001480                main
 .text.checkIfText
                0x020019cc       0x5c C:/devkitPro/libnds/lib\libnds9.a(background.o)
                0x020019cc                checkIfText
 .text.bgUpdate
                0x02001a28       0xf4 C:/devkitPro/libnds/lib\libnds9.a(background.o)
                0x02001a28                bgUpdate
 .text.bgInit_call
                0x02001b1c       0xc4 C:/devkitPro/libnds/lib\libnds9.a(background.o)
                0x02001b1c                bgInit_call
 .text.bgInitSub_call
                0x02001be0       0xcc C:/devkitPro/libnds/lib\libnds9.a(background.o)
                0x02001be0                bgInitSub_call
 .text.sinLutLookup
                0x02001cac       0x4c C:/devkitPro/libnds/lib\libnds9.a(trig.o)
                0x02001cac                sinLutLookup
 .text.sinLerp  0x02001cf8       0x40 C:/devkitPro/libnds/lib\libnds9.a(trig.o)
                0x02001cf8                sinLerp
 .text.cosLerp  0x02001d38       0x4c C:/devkitPro/libnds/lib\libnds9.a(trig.o)
                0x02001d38                cosLerp
 .text.touchRead
                0x02001d84       0x24 C:/devkitPro/libnds/lib\libnds9.a(touch.o)
                0x02001d84                touchRead
 .text.oamAllocReset
                0x02001da8       0x1c C:/devkitPro/libnds/lib\libnds9.a(sprite_alloc.o)
                0x02001da8                oamAllocReset
 .text.oamAllocateGfx
                0x02001dc4      0x50c C:/devkitPro/libnds/lib\libnds9.a(sprite_alloc.o)
                0x02001dc4                oamAllocateGfx
 .text.systemValueHandler
                0x020022d0       0x48 C:/devkitPro/libnds/lib\libnds9.a(system.o)
                0x020022d0                systemValueHandler
 .text.systemMsgHandler
                0x02002318       0x60 C:/devkitPro/libnds/lib\libnds9.a(system.o)
                0x02002318                systemMsgHandler
 .text.powerOn  0x02002378       0x2c C:/devkitPro/libnds/lib\libnds9.a(system.o)
                0x02002378                powerOn
 .text.enableSlot1
                0x020023a4       0x1c C:/devkitPro/libnds/lib\libnds9.a(system.o)
                0x020023a4                enableSlot1
 .text.newRow   0x020023c0       0xa8 C:/devkitPro/libnds/lib\libnds9.a(console.o)
 .text.consolePrintChar
                0x02002468       0xe0 C:/devkitPro/libnds/lib\libnds9.a(console.o)
                0x02002468                consolePrintChar
 .text.con_write
                0x02002548      0x36c C:/devkitPro/libnds/lib\libnds9.a(console.o)
                0x02002548                con_write
 .text.consoleLoadFont
                0x020028b4      0x2a0 C:/devkitPro/libnds/lib\libnds9.a(console.o)
                0x020028b4                consoleLoadFont
 .text.consoleInit
                0x02002b54      0x18c C:/devkitPro/libnds/lib\libnds9.a(console.o)
                0x02002b54                consoleInit
 .text.consoleDemoInit
                0x02002ce0       0x40 C:/devkitPro/libnds/lib\libnds9.a(console.o)
                0x02002ce0                consoleDemoInit
 .text.oamInit  0x02002d20      0x114 C:/devkitPro/libnds/lib\libnds9.a(sprite.o)
                0x02002d20                oamInit
 .text.oamGetGfxPtr
                0x02002e34       0x38 C:/devkitPro/libnds/lib\libnds9.a(sprite.o)
                0x02002e34                oamGetGfxPtr
 .text.oamGfxPtrToOffset
                0x02002e6c       0x34 C:/devkitPro/libnds/lib\libnds9.a(sprite.o)
                0x02002e6c                oamGfxPtrToOffset
 .text.oamSet   0x02002ea0      0x104 C:/devkitPro/libnds/lib\libnds9.a(sprite.o)
                0x02002ea0                oamSet
 .text.oamUpdate
                0x02002fa4       0x60 C:/devkitPro/libnds/lib\libnds9.a(sprite.o)
                0x02002fa4                oamUpdate
 .text.scanKeys
                0x02003004       0x8c C:/devkitPro/libnds/lib\libnds9.a(keys.o)
                0x02003004                scanKeys
 .text.keysDown
                0x02003090       0x14 C:/devkitPro/libnds/lib\libnds9.a(keys.o)
                0x02003090                keysDown
 .text.__syscall_exit
                0x020030a4        0x8 C:/devkitPro/libnds/lib\libnds9.a(initSystem.o)
                0x020030a4                __syscall_exit
 .text.initSystem
                0x020030ac      0x180 C:/devkitPro/libnds/lib\libnds9.a(initSystem.o)
                0x020030ac                initSystem
 .text.irqDummy
                0x0200322c        0x4 C:/devkitPro/libnds/lib\libnds9.a(interrupts.o)
                0x0200322c                irqDummy
 .text.irqSet   0x02003230       0x6c C:/devkitPro/libnds/lib\libnds9.a(interrupts.o)
                0x02003230                irqSet
 .text.irqInit  0x0200329c       0x50 C:/devkitPro/libnds/lib\libnds9.a(interrupts.o)
                0x0200329c                irqInit
 .text.irqEnable
                0x020032ec       0x64 C:/devkitPro/libnds/lib\libnds9.a(interrupts.o)
                0x020032ec                irqEnable
 .text.systemErrorExit
                0x02003350        0x4 C:/devkitPro/libnds/lib\libnds9.a(libnds_exit.arm.o)
                0x02003350                systemErrorExit
 .text.__libnds_exit
                0x02003354       0x5c C:/devkitPro/libnds/lib\libnds9.a(libnds_exit.arm.o)
                0x02003354                __libnds_exit
 .text.fifo_queueBlock
                0x020033b0       0x44 C:/devkitPro/libnds/lib\libnds9.a(fifosystem.o)
 .text.fifo_waitBlock
                0x020033f4       0x80 C:/devkitPro/libnds/lib\libnds9.a(fifosystem.o)
 .text.fifoInternalSend.part.0
                0x02003474       0xd4 C:/devkitPro/libnds/lib\libnds9.a(fifosystem.o)
 .text.fifoInternalSendInterrupt
                0x02003548       0xb0 C:/devkitPro/libnds/lib\libnds9.a(fifosystem.o)
 .text.fifoSetValue32Handler
                0x020035f8       0xd4 C:/devkitPro/libnds/lib\libnds9.a(fifosystem.o)
                0x020035f8                fifoSetValue32Handler
 .text.fifoSendValue32
                0x020036cc       0x4c C:/devkitPro/libnds/lib\libnds9.a(fifosystem.o)
                0x020036cc                fifoSendValue32
 .text.fifoGetValue32
                0x02003718       0x70 C:/devkitPro/libnds/lib\libnds9.a(fifosystem.o)
                0x02003718                fifoGetValue32
 .text.fifoGetDatamsg
                0x02003788       0xf4 C:/devkitPro/libnds/lib\libnds9.a(fifosystem.o)
                0x02003788                fifoGetDatamsg
 .text.fifoInternalRecvInterrupt
                0x0200387c      0x37c C:/devkitPro/libnds/lib\libnds9.a(fifosystem.o)
 .text.fifoSetDatamsgHandler
                0x02003bf8       0x9c C:/devkitPro/libnds/lib\libnds9.a(fifosystem.o)
                0x02003bf8                fifoSetDatamsgHandler
 .text.fifoCheckValue32
                0x02003c94       0x24 C:/devkitPro/libnds/lib\libnds9.a(fifosystem.o)
                0x02003c94                fifoCheckValue32
 .text.fifoInit
                0x02003cb8      0x108 C:/devkitPro/libnds/lib\libnds9.a(fifosystem.o)
                0x02003cb8                fifoInit
 .text.DC_FlushRange
                0x02003dc0       0x24 C:/devkitPro/libnds/lib\libnds9.a(dcache.o)
                0x02003dc0                DC_FlushRange
 .text.__libnds_mpu_setup
                0x02003de4      0x174 C:/devkitPro/libnds/lib\libnds9.a(mpu_setup.o)
                0x02003de4                __libnds_mpu_setup
 .text.memUncached
                0x02003f58       0x20 C:/devkitPro/libnds/lib\libnds9.a(mpu_setup.o)
                0x02003f58                memUncached
 .text.swiWaitForVBlank
                0x02003f78        0x8 C:/devkitPro/libnds/lib\libnds9.a(IntrWait.o)
                0x02003f78                swiWaitForVBlank
 .text.swiIntrWait
                0x02003f80       0x70 C:/devkitPro/libnds/lib\libnds9.a(IntrWait.o)
                0x02003f80                swiIntrWait
 .text.setCpuClock
                0x02003ff0       0x50 C:/devkitPro/libnds/lib\libnds9.a(cpu_clock.o)
                0x02003ff0                setCpuClock
 .text.swiDelay
                0x02004040        0x4 C:/devkitPro/libnds/lib\libnds9.a(biosCalls.o)
                0x02004040                swiDelay
 .text.swiSoftReset
                0x02004044       0x2c C:/devkitPro/libnds/lib\libnds9.a(swiSoftReset.o)
                0x02004044                swiSoftReset
 .text.vramDefault
                0x02004070       0xd0 C:/devkitPro/libnds/lib\libnds9.a(video.o)
                0x02004070                vramDefault
 .text.selfrel_offset31
                0x02004140       0x18 C:/devkitPro/devkitARM/bin/../lib/gcc/arm-none-eabi/13.1.0/thumb\libgcc.a(unwind-arm.o)
 .text.search_EIT_table
                0x02004158       0x74 C:/devkitPro/devkitARM/bin/../lib/gcc/arm-none-eabi/13.1.0/thumb\libgcc.a(unwind-arm.o)
 .text.__gnu_unwind_get_pr_addr
                0x020041cc       0x28 C:/devkitPro/devkitARM/bin/../lib/gcc/arm-none-eabi/13.1.0/thumb\libgcc.a(unwind-arm.o)
 .text.get_eit_entry
                0x020041f4       0x98 C:/devkitPro/devkitARM/bin/../lib/gcc/arm-none-eabi/13.1.0/thumb\libgcc.a(unwind-arm.o)
 .text.restore_non_core_regs
                0x0200428c       0x60 C:/devkitPro/devkitARM/bin/../lib/gcc/arm-none-eabi/13.1.0/thumb\libgcc.a(unwind-arm.o)
 .text._Unwind_decode_typeinfo_ptr.constprop.0
                0x020042ec        0xc C:/devkitPro/devkitARM/bin/../lib/gcc/arm-none-eabi/13.1.0/thumb\libgcc.a(unwind-arm.o)
 .text._Unwind_DebugHook
                0x020042f8        0x4 C:/devkitPro/devkitARM/bin/../lib/gcc/arm-none-eabi/13.1.0/thumb\libgcc.a(unwind-arm.o)
 .text.unwind_phase2
                0x020042fc       0x40 C:/devkitPro/devkitARM/bin/../lib/gcc/arm-none-eabi/13.1.0/thumb\libgcc.a(unwind-arm.o)
 .text.unwind_phase2_forced
                0x0200433c       0xd8 C:/devkitPro/devkitARM/bin/../lib/gcc/arm-none-eabi/13.1.0/thumb\libgcc.a(unwind-arm.o)
 .text.__gnu_Unwind_RaiseException
                0x02004414       0x58 C:/devkitPro/devkitARM/bin/../lib/gcc/arm-none-eabi/13.1.0/thumb\libgcc.a(unwind-arm.o)
                0x02004414                __gnu_Unwind_RaiseException
 .text.__gnu_Unwind_ForcedUnwind
                0x0200446c       0x18 C:/devkitPro/devkitARM/bin/../lib/gcc/arm-none-eabi/13.1.0/thumb\libgcc.a(unwind-arm.o)
                0x0200446c                __gnu_Unwind_ForcedUnwind
 .text.__gnu_Unwind_Resume
                0x02004484       0x4c C:/devkitPro/devkitARM/bin/../lib/gcc/arm-none-eabi/13.1.0/thumb\libgcc.a(unwind-arm.o)
                0x02004484                __gnu_Unwind_Resume
 .text.__gnu_Unwind_Resume_or_Rethrow
                0x020044d0       0x20 C:/devkitPro/devkitARM/bin/../lib/gcc/arm-none-eabi/13.1.0/thumb\libgcc.a(unwind-arm.o)
                0x020044d0                __gnu_Unwind_Resume_or_Rethrow
 .text._Unwind_VRS_Get
                0x020044f0       0x44 C:/devkitPro/devkitARM/bin/../lib/gcc/arm-none-eabi/13.1.0/thumb\libgcc.a(unwind-arm.o)
                0x020044f0                _Unwind_VRS_Get
 .text._Unwind_GetGR
                0x02004534       0x1c C:/devkitPro/devkitARM/bin/../lib/gcc/arm-none-eabi/13.1.0/thumb\libgcc.a(unwind-arm.o)
 .text._Unwind_VRS_Set
                0x02004550       0x44 C:/devkitPro/devkitARM/bin/../lib/gcc/arm-none-eabi/13.1.0/thumb\libgcc.a(unwind-arm.o)
                0x02004550                _Unwind_VRS_Set
 .text._Unwind_SetGR
                0x02004594       0x1c C:/devkitPro/devkitARM/bin/../lib/gcc/arm-none-eabi/13.1.0/thumb\libgcc.a(unwind-arm.o)
 .text.__gnu_Unwind_Backtrace
                0x020045b0       0x78 C:/devkitPro/devkitARM/bin/../lib/gcc/arm-none-eabi/13.1.0/thumb\libgcc.a(unwind-arm.o)
                0x020045b0                __gnu_Unwind_Backtrace
 .text.__gnu_unwind_pr_common
                0x02004628      0x2e8 C:/devkitPro/devkitARM/bin/../lib/gcc/arm-none-eabi/13.1.0/thumb\libgcc.a(unwind-arm.o)
 .text.__aeabi_unwind_cpp_pr0
                0x02004910       0x10 C:/devkitPro/devkitARM/bin/../lib/gcc/arm-none-eabi/13.1.0/thumb\libgcc.a(unwind-arm.o)
                0x02004910                __aeabi_unwind_cpp_pr0
 .text.__aeabi_unwind_cpp_pr1
                0x02004920       0x10 C:/devkitPro/devkitARM/bin/../lib/gcc/arm-none-eabi/13.1.0/thumb\libgcc.a(unwind-arm.o)
                0x02004920                __aeabi_unwind_cpp_pr1
 .text.__aeabi_unwind_cpp_pr2
                0x02004930       0x10 C:/devkitPro/devkitARM/bin/../lib/gcc/arm-none-eabi/13.1.0/thumb\libgcc.a(unwind-arm.o)
                0x02004930                __aeabi_unwind_cpp_pr2
 .text._Unwind_VRS_Pop
                0x02004940      0x2b4 C:/devkitPro/devkitARM/bin/../lib/gcc/arm-none-eabi/13.1.0/thumb\libgcc.a(unwind-arm.o)
                0x02004940                _Unwind_VRS_Pop
 .text.next_unwind_byte
                0x02004bf4       0x34 C:/devkitPro/devkitARM/bin/../lib/gcc/arm-none-eabi/13.1.0/thumb\libgcc.a(pr-support.o)
 .text.__gnu_unwind_execute
                0x02004c28      0x310 C:/devkitPro/devkitARM/bin/../lib/gcc/arm-none-eabi/13.1.0/thumb\libgcc.a(pr-support.o)
                0x02004c28                __gnu_unwind_execute
 .text.abort    0x02004f38       0x10 C:/devkitPro/devkitARM/bin/../lib/gcc/arm-none-eabi/13.1.0/../../../../arm-none-eabi/lib/thumb\libg.a(libc_a-abort.o)
                0x02004f38                abort
 .text.siscanf  0x02004f48       0x4c C:/devkitPro/devkitARM/bin/../lib/gcc/arm-none-eabi/13.1.0/../../../../arm-none-eabi/lib/thumb\libg.a(libc_a-siscanf.o)
                0x02004f48                siscanf
 .text.setvbuf  0x02004f94      0x1a4 C:/devkitPro/devkitARM/bin/../lib/gcc/arm-none-eabi/13.1.0/../../../../arm-none-eabi/lib/thumb\libg.a(libc_a-setvbuf.o)
                0x02004f94                setvbuf
 .text.get_arg  0x02005138       0x3e C:/devkitPro/devkitARM/bin/../lib/gcc/arm-none-eabi/13.1.0/../../../../arm-none-eabi/lib/thumb\libg.a(libc_a-svfiscanf.o)
 .text._sungetc_r
                0x02005176       0x7e C:/devkitPro/devkitARM/bin/../lib/gcc/arm-none-eabi/13.1.0/../../../../arm-none-eabi/lib/thumb\libg.a(libc_a-svfiscanf.o)
                0x02005176                _sungetc_r
 .text.__ssrefill_r
                0x020051f4       0x42 C:/devkitPro/devkitARM/bin/../lib/gcc/arm-none-eabi/13.1.0/../../../../arm-none-eabi/lib/thumb\libg.a(libc_a-svfiscanf.o)
                0x020051f4                __ssrefill_r
 .text._sfread_r
                0x02005236       0x88 C:/devkitPro/devkitARM/bin/../lib/gcc/arm-none-eabi/13.1.0/../../../../arm-none-eabi/lib/thumb\libg.a(libc_a-svfiscanf.o)
                0x02005236                _sfread_r
 *fill*         0x020052be        0x2 ff
 .text.__ssvfiscanf_r
                0x020052c0     0x1ac4 C:/devkitPro/devkitARM/bin/../lib/gcc/arm-none-eabi/13.1.0/../../../../arm-none-eabi/lib/thumb\libg.a(libc_a-svfiscanf.o)
                0x020052c0                __ssvfiscanf_r
 .text._malloc_trim_r
                0x02006d84       0xac C:/devkitPro/devkitARM/bin/../lib/gcc/arm-none-eabi/13.1.0/../../../../arm-none-eabi/lib/thumb\libg.a(libc_a-freer.o)
                0x02006d84                _malloc_trim_r
 .text._free_r  0x02006e30      0x1d8 C:/devkitPro/devkitARM/bin/../lib/gcc/arm-none-eabi/13.1.0/../../../../arm-none-eabi/lib/thumb\libg.a(libc_a-freer.o)
                0x02006e30                _free_r
 .text.iprintf  0x02007008       0x24 C:/devkitPro/devkitARM/bin/../lib/gcc/arm-none-eabi/13.1.0/../../../../arm-none-eabi/lib/thumb\libg.a(libc_a-iprintf.o)
                0x02007008                iprintf
 .text.malloc   0x0200702c       0x14 C:/devkitPro/devkitARM/bin/../lib/gcc/arm-none-eabi/13.1.0/../../../../arm-none-eabi/lib/thumb\libg.a(libc_a-malloc.o)
                0x0200702c                malloc
 .text.free     0x02007040       0x14 C:/devkitPro/devkitARM/bin/../lib/gcc/arm-none-eabi/13.1.0/../../../../arm-none-eabi/lib/thumb\libg.a(libc_a-malloc.o)
                0x02007040                free
 .text._malloc_r
                0x02007054      0x558 C:/devkitPro/devkitARM/bin/../lib/gcc/arm-none-eabi/13.1.0/../../../../arm-none-eabi/lib/thumb\libg.a(libc_a-mallocr.o)
                0x02007054                _malloc_r
 .text.memset   0x020075ac       0xb0 C:/devkitPro/devkitARM/bin/../lib/gcc/arm-none-eabi/13.1.0/../../../../arm-none-eabi/lib/thumb\libg.a(libc_a-memset.o)
                0x020075ac                memset
 .text.__malloc_lock
                0x0200765c       0x14 C:/devkitPro/devkitARM/bin/../lib/gcc/arm-none-eabi/13.1.0/../../../../arm-none-eabi/lib/thumb\libg.a(libc_a-mlock.o)
                0x0200765c                __malloc_lock
 .text.__malloc_unlock
                0x02007670       0x14 C:/devkitPro/devkitARM/bin/../lib/gcc/arm-none-eabi/13.1.0/../../../../arm-none-eabi/lib/thumb\libg.a(libc_a-mlock.o)
                0x02007670                __malloc_unlock
 .text._raise_r
                0x02007684       0x60 C:/devkitPro/devkitARM/bin/../lib/gcc/arm-none-eabi/13.1.0/../../../../arm-none-eabi/lib/thumb\libg.a(libc_a-signal.o)
                0x02007684                _raise_r
 .text.raise    0x020076e4       0x14 C:/devkitPro/devkitARM/bin/../lib/gcc/arm-none-eabi/13.1.0/../../../../arm-none-eabi/lib/thumb\libg.a(libc_a-signal.o)
                0x020076e4                raise
 .text.strlen   0x020076f8       0x60 C:/devkitPro/devkitARM/bin/../lib/gcc/arm-none-eabi/13.1.0/../../../../arm-none-eabi/lib/thumb\libg.a(libc_a-strlen.o)
                0x020076f8                strlen
 .text.__sflush_r
                0x02007758      0x188 C:/devkitPro/devkitARM/bin/../lib/gcc/arm-none-eabi/13.1.0/../../../../arm-none-eabi/lib/thumb\libg.a(libc_a-fflush.o)
                0x02007758                __sflush_r
 .text._fflush_r
                0x020078e0       0x70 C:/devkitPro/devkitARM/bin/../lib/gcc/arm-none-eabi/13.1.0/../../../../arm-none-eabi/lib/thumb\libg.a(libc_a-fflush.o)
                0x020078e0                _fflush_r
 .text._fwalk_sglue
                0x02007950       0x4c C:/devkitPro/devkitARM/bin/../lib/gcc/arm-none-eabi/13.1.0/../../../../arm-none-eabi/lib/thumb\libg.a(libc_a-fwalk.o)
                0x02007950                _fwalk_sglue
 .text._fwrite_r
                0x0200799c       0x9c C:/devkitPro/devkitARM/bin/../lib/gcc/arm-none-eabi/13.1.0/../../../../arm-none-eabi/lib/thumb\libg.a(libc_a-fwrite.o)
                0x0200799c                _fwrite_r
 .text.fwrite   0x02007a38       0x24 C:/devkitPro/devkitARM/bin/../lib/gcc/arm-none-eabi/13.1.0/../../../../arm-none-eabi/lib/thumb\libg.a(libc_a-fwrite.o)
                0x02007a38                fwrite
 .text.stdio_exit_handler
                0x02007a5c       0x20 C:/devkitPro/devkitARM/bin/../lib/gcc/arm-none-eabi/13.1.0/../../../../arm-none-eabi/lib/thumb\libg.a(libc_a-findfp.o)
 .text.cleanup_stdio
                0x02007a7c       0x40 C:/devkitPro/devkitARM/bin/../lib/gcc/arm-none-eabi/13.1.0/../../../../arm-none-eabi/lib/thumb\libg.a(libc_a-findfp.o)
 .text.global_stdio_init.part.0
                0x02007abc      0x128 C:/devkitPro/devkitARM/bin/../lib/gcc/arm-none-eabi/13.1.0/../../../../arm-none-eabi/lib/thumb\libg.a(libc_a-findfp.o)
 .text.__sinit  0x02007be4       0x3c C:/devkitPro/devkitARM/bin/../lib/gcc/arm-none-eabi/13.1.0/../../../../arm-none-eabi/lib/thumb\libg.a(libc_a-findfp.o)
                0x02007be4                __sinit
 .text.__sfp_lock_acquire
                0x02007c20       0x14 C:/devkitPro/devkitARM/bin/../lib/gcc/arm-none-eabi/13.1.0/../../../../arm-none-eabi/lib/thumb\libg.a(libc_a-findfp.o)
                0x02007c20                __sfp_lock_acquire
 .text.__sfp_lock_release
                0x02007c34       0x14 C:/devkitPro/devkitARM/bin/../lib/gcc/arm-none-eabi/13.1.0/../../../../arm-none-eabi/lib/thumb\libg.a(libc_a-findfp.o)
                0x02007c34                __sfp_lock_release
 .text._strtol_l.part.0
                0x02007c48      0x13c C:/devkitPro/devkitARM/bin/../lib/gcc/arm-none-eabi/13.1.0/../../../../arm-none-eabi/lib/thumb\libg.a(libc_a-strtol.o)
 .text._strtol_r
                0x02007d84       0x34 C:/devkitPro/devkitARM/bin/../lib/gcc/arm-none-eabi/13.1.0/../../../../arm-none-eabi/lib/thumb\libg.a(libc_a-strtol.o)
                0x02007d84                _strtol_r
 .text.realloc  0x02007db8       0x18 C:/devkitPro/devkitARM/bin/../lib/gcc/arm-none-eabi/13.1.0/../../../../arm-none-eabi/lib/thumb\libg.a(libc_a-realloc.o)
                0x02007db8                realloc
 .text._strtoul_l.isra.0
                0x02007dd0      0x144 C:/devkitPro/devkitARM/bin/../lib/gcc/arm-none-eabi/13.1.0/../../../../arm-none-eabi/lib/thumb\libg.a(libc_a-strtoul.o)
 .text._strtoul_r
                0x02007f14       0x20 C:/devkitPro/devkitARM/bin/../lib/gcc/arm-none-eabi/13.1.0/../../../../arm-none-eabi/lib/thumb\libg.a(libc_a-strtoul.o)
                0x02007f14                _strtoul_r
 .text.__locale_mb_cur_max
                0x02007f34       0x20 C:/devkitPro/devkitARM/bin/../lib/gcc/arm-none-eabi/13.1.0/../../../../arm-none-eabi/lib/thumb\libg.a(libc_a-locale.o)
                0x02007f34                __locale_mb_cur_max
 .text.__utf8_wctomb
                0x02007f54       0xb4 C:/devkitPro/devkitARM/bin/../lib/gcc/arm-none-eabi/13.1.0/../../../../arm-none-eabi/lib/thumb\libg.a(libc_a-wctomb_r.o)
                0x02007f54                __utf8_wctomb
 .text.memcpy   0x02008008       0x90 C:/devkitPro/devkitARM/bin/../lib/gcc/arm-none-eabi/13.1.0/../../../../arm-none-eabi/lib/thumb\libg.a(libc_a-memcpy-stub.o)
                0x02008008                memcpy
 .text.__libc_init_array
                0x02008098       0x54 C:/devkitPro/devkitARM/bin/../lib/gcc/arm-none-eabi/13.1.0/../../../../arm-none-eabi/lib/thumb\libg.a(libc_a-init.o)
                0x02008098                __libc_init_array
 .text.__errno  0x020080ec        0xc C:/devkitPro/devkitARM/bin/../lib/gcc/arm-none-eabi/13.1.0/../../../../arm-none-eabi/lib/thumb\libg.a(libc_a-errno.o)
                0x020080ec                __errno
 .text._strtoll_l.isra.0
                0x020080f8      0x19c C:/devkitPro/devkitARM/bin/../lib/gcc/arm-none-eabi/13.1.0/../../../../arm-none-eabi/lib/thumb\libg.a(libc_a-strtoll.o)
 .text._strtoll_r
                0x02008294       0x20 C:/devkitPro/devkitARM/bin/../lib/gcc/arm-none-eabi/13.1.0/../../../../arm-none-eabi/lib/thumb\libg.a(libc_a-strtoll.o)
                0x02008294                _strtoll_r
 .text._strtoull_l.isra.0
                0x020082b4      0x1c4 C:/devkitPro/devkitARM/bin/../lib/gcc/arm-none-eabi/13.1.0/../../../../arm-none-eabi/lib/thumb\libg.a(libc_a-strtoull.o)
 .text._strtoull_r
                0x02008478       0x20 C:/devkitPro/devkitARM/bin/../lib/gcc/arm-none-eabi/13.1.0/../../../../arm-none-eabi/lib/thumb\libg.a(libc_a-strtoull.o)
                0x02008478                _strtoull_r
 .text.iswspace
                0x02008498       0x10 C:/devkitPro/devkitARM/bin/../lib/gcc/arm-none-eabi/13.1.0/../../../../arm-none-eabi/lib/thumb\libg.a(libc_a-iswspace.o)
                0x02008498                iswspace
 .text._mbrtowc_r
                0x020084a8       0x90 C:/devkitPro/devkitARM/bin/../lib/gcc/arm-none-eabi/13.1.0/../../../../arm-none-eabi/lib/thumb\libg.a(libc_a-mbrtowc.o)
                0x020084a8                _mbrtowc_r
 .text.__smakebuf_r
                0x02008538       0xe8 C:/devkitPro/devkitARM/bin/../lib/gcc/arm-none-eabi/13.1.0/../../../../arm-none-eabi/lib/thumb\libg.a(libc_a-makebuf.o)
                0x02008538                __smakebuf_r
 .text.__swhatbuf_r
                0x02008620       0x5c C:/devkitPro/devkitARM/bin/../lib/gcc/arm-none-eabi/13.1.0/../../../../arm-none-eabi/lib/thumb\libg.a(libc_a-makebuf.o)
                0x02008620                __swhatbuf_r
 .text.iswspace_l
                0x0200867c       0x28 C:/devkitPro/devkitARM/bin/../lib/gcc/arm-none-eabi/13.1.0/../../../../arm-none-eabi/lib/thumb\libg.a(libc_a-iswspace_l.o)
                0x0200867c                iswspace_l
 .text.__sccl   0x020086a4       0xa0 C:/devkitPro/devkitARM/bin/../lib/gcc/arm-none-eabi/13.1.0/../../../../arm-none-eabi/lib/thumb\libg.a(libc_a-sccl.o)
                0x020086a4                __sccl
 .text.__submore
                0x02008744       0x88 C:/devkitPro/devkitARM/bin/../lib/gcc/arm-none-eabi/13.1.0/../../../../arm-none-eabi/lib/thumb\libg.a(libc_a-ungetc.o)
                0x02008744                __submore
 .text.__sread  0x020087cc       0x34 C:/devkitPro/devkitARM/bin/../lib/gcc/arm-none-eabi/13.1.0/../../../../arm-none-eabi/lib/thumb\libg.a(libc_a-stdio.o)
                0x020087cc                __sread
 .text.__seofread
                0x02008800        0x4 C:/devkitPro/devkitARM/bin/../lib/gcc/arm-none-eabi/13.1.0/../../../../arm-none-eabi/lib/thumb\libg.a(libc_a-stdio.o)
                0x02008800                __seofread
 .text.__swrite
                0x02008804       0x4c C:/devkitPro/devkitARM/bin/../lib/gcc/arm-none-eabi/13.1.0/../../../../arm-none-eabi/lib/thumb\libg.a(libc_a-stdio.o)
                0x02008804                __swrite
 .text.__sseek  0x02008850       0x44 C:/devkitPro/devkitARM/bin/../lib/gcc/arm-none-eabi/13.1.0/../../../../arm-none-eabi/lib/thumb\libg.a(libc_a-stdio.o)
                0x02008850                __sseek
 .text.__sclose
                0x02008894       0x10 C:/devkitPro/devkitARM/bin/../lib/gcc/arm-none-eabi/13.1.0/../../../../arm-none-eabi/lib/thumb\libg.a(libc_a-stdio.o)
                0x02008894                __sclose
 .text.category
                0x020088a4       0x58 C:/devkitPro/devkitARM/bin/../lib/gcc/arm-none-eabi/13.1.0/../../../../arm-none-eabi/lib/thumb\libg.a(libc_a-categories.o)
                0x020088a4                category
 .text.get_arg  0x020088fc      0x434 C:/devkitPro/devkitARM/bin/../lib/gcc/arm-none-eabi/13.1.0/../../../../arm-none-eabi/lib/thumb\libg.a(libc_a-vfiprintf.o)
 .text.__sprint_r
                0x02008d30       0x24 C:/devkitPro/devkitARM/bin/../lib/gcc/arm-none-eabi/13.1.0/../../../../arm-none-eabi/lib/thumb\libg.a(libc_a-vfiprintf.o)
                0x02008d30                __sprint_r
 .text._vfiprintf_r
                0x02008d54     0x17cc C:/devkitPro/devkitARM/bin/../lib/gcc/arm-none-eabi/13.1.0/../../../../arm-none-eabi/lib/thumb\libg.a(libc_a-vfiprintf.o)
                0x02008d54                _vfiprintf_r
 .text.__sbprintf
                0x0200a520       0x7c C:/devkitPro/devkitARM/bin/../lib/gcc/arm-none-eabi/13.1.0/../../../../arm-none-eabi/lib/thumb\libg.a(libc_a-vfiprintf.o)
 .text.__swsetup_r
                0x0200a59c       0xcc C:/devkitPro/devkitARM/bin/../lib/gcc/arm-none-eabi/13.1.0/../../../../arm-none-eabi/lib/thumb\libg.a(libc_a-wsetup.o)
                0x0200a59c                __swsetup_r
 .text._fclose_r
                0x0200a668       0xd8 C:/devkitPro/devkitARM/bin/../lib/gcc/arm-none-eabi/13.1.0/../../../../arm-none-eabi/lib/thumb\libg.a(libc_a-fclose.o)
                0x0200a668                _fclose_r
 .text.memmove  0x0200a740       0xbc C:/devkitPro/devkitARM/bin/../lib/gcc/arm-none-eabi/13.1.0/../../../../arm-none-eabi/lib/thumb\libg.a(libc_a-memmove.o)
                0x0200a740                memmove
 .text.__sfvwrite_r
                0x0200a7fc      0x330 C:/devkitPro/devkitARM/bin/../lib/gcc/arm-none-eabi/13.1.0/../../../../arm-none-eabi/lib/thumb\libg.a(libc_a-fvwrite.o)
                0x0200a7fc                __sfvwrite_r
 .text._realloc_r
                0x0200ab2c      0x384 C:/devkitPro/devkitARM/bin/../lib/gcc/arm-none-eabi/13.1.0/../../../../arm-none-eabi/lib/thumb\libg.a(libc_a-reallocr.o)
                0x0200ab2c                _realloc_r
 .text.strncpy  0x0200aeb0       0x68 C:/devkitPro/devkitARM/bin/../lib/gcc/arm-none-eabi/13.1.0/../../../../arm-none-eabi/lib/thumb\libg.a(libc_a-strncpy.o)
                0x0200aeb0                strncpy
 .text.__utf8_mbtowc
                0x0200af18      0x27c C:/devkitPro/devkitARM/bin/../lib/gcc/arm-none-eabi/13.1.0/../../../../arm-none-eabi/lib/thumb\libg.a(libc_a-mbtowc_r.o)
                0x0200af18                __utf8_mbtowc
 .text._localeconv_r
                0x0200b194       0x1c C:/devkitPro/devkitARM/bin/../lib/gcc/arm-none-eabi/13.1.0/../../../../arm-none-eabi/lib/thumb\libg.a(libc_a-localeconv.o)
                0x0200b194                _localeconv_r
 .text.memchr   0x0200b1b0       0x78 C:/devkitPro/devkitARM/bin/../lib/gcc/arm-none-eabi/13.1.0/../../../../arm-none-eabi/lib/thumb\libg.a(libc_a-memchr-stub.o)
                0x0200b1b0                memchr
 .text._wcrtomb_r
                0x0200b228       0x84 C:/devkitPro/devkitARM/bin/../lib/gcc/arm-none-eabi/13.1.0/../../../../arm-none-eabi/lib/thumb\libg.a(libc_a-wcrtomb.o)
                0x0200b228                _wcrtomb_r
 .text._wcsrtombs_r
                0x0200b2ac       0x1c C:/devkitPro/devkitARM/bin/../lib/gcc/arm-none-eabi/13.1.0/../../../../arm-none-eabi/lib/thumb\libg.a(libc_a-wcsrtombs.o)
                0x0200b2ac                _wcsrtombs_r
 .text._wcsnrtombs_l
                0x0200b2c8      0x11c C:/devkitPro/devkitARM/bin/../lib/gcc/arm-none-eabi/13.1.0/../../../../arm-none-eabi/lib/thumb\libg.a(libc_a-wcsnrtombs.o)
                0x0200b2c8                _wcsnrtombs_l
 .text._wcsnrtombs_r
                0x0200b3e4       0x40 C:/devkitPro/devkitARM/bin/../lib/gcc/arm-none-eabi/13.1.0/../../../../arm-none-eabi/lib/thumb\libg.a(libc_a-wcsnrtombs.o)
                0x0200b3e4                _wcsnrtombs_r
 .text._exit    0x0200b424       0x14 C:/devkitPro/devkitARM/bin/../lib/gcc/arm-none-eabi/13.1.0/../../../../arm-none-eabi/lib/thumb\libsysbase.a(libsysbase_libsysbase_a-_exit.o)
                0x0200b424                _exit
 .text.build_argv
                0x0200b438       0x54 C:/devkitPro/devkitARM/bin/../lib/gcc/arm-none-eabi/13.1.0/../../../../arm-none-eabi/lib/thumb\libsysbase.a(libsysbase_libsysbase_a-build_argv.o)
                0x0200b438                build_argv
 .text._fstat_r
                0x0200b48c       0x4c C:/devkitPro/devkitARM/bin/../lib/gcc/arm-none-eabi/13.1.0/../../../../arm-none-eabi/lib/thumb\libsysbase.a(libsysbase_libsysbase_a-fstat.o)
                0x0200b48c                _fstat_r
 .text._getpid_r
                0x0200b4d8        0xc C:/devkitPro/devkitARM/bin/../lib/gcc/arm-none-eabi/13.1.0/../../../../arm-none-eabi/lib/thumb\libsysbase.a(libsysbase_libsysbase_a-getpid.o)
                0x0200b4d8                _getpid_r
 .text.__getreent
                0x0200b4e4       0x20 C:/devkitPro/devkitARM/bin/../lib/gcc/arm-none-eabi/13.1.0/../../../../arm-none-eabi/lib/thumb\libsysbase.a(libsysbase_libsysbase_a-getreent.o)
                0x0200b4e4                __getreent
 .text.__get_handle
                0x0200b504       0x34 C:/devkitPro/devkitARM/bin/../lib/gcc/arm-none-eabi/13.1.0/../../../../arm-none-eabi/lib/thumb\libsysbase.a(libsysbase_libsysbase_a-handle_manager.o)
                0x0200b504                __get_handle
 .text._close_r
                0x0200b538       0xb8 C:/devkitPro/devkitARM/bin/../lib/gcc/arm-none-eabi/13.1.0/../../../../arm-none-eabi/lib/thumb\libsysbase.a(libsysbase_libsysbase_a-handle_manager.o)
                0x0200b538                _close_r
 .text.null_write
                0x0200b5f0        0x4 C:/devkitPro/devkitARM/bin/../lib/gcc/arm-none-eabi/13.1.0/../../../../arm-none-eabi/lib/thumb\libsysbase.a(libsysbase_libsysbase_a-iosupport.o)
 .text._isatty_r
                0x0200b5f4        0x4 C:/devkitPro/devkitARM/bin/../lib/gcc/arm-none-eabi/13.1.0/../../../../arm-none-eabi/lib/thumb\libsysbase.a(libsysbase_libsysbase_a-isatty.o)
                0x0200b5f4                _isatty_r
 .text._kill_r  0x0200b5f8        0xc C:/devkitPro/devkitARM/bin/../lib/gcc/arm-none-eabi/13.1.0/../../../../arm-none-eabi/lib/thumb\libsysbase.a(libsysbase_libsysbase_a-kill.o)
                0x0200b5f8                _kill_r
 .text._lseek_r
                0x0200b604       0x5c C:/devkitPro/devkitARM/bin/../lib/gcc/arm-none-eabi/13.1.0/../../../../arm-none-eabi/lib/thumb\libsysbase.a(libsysbase_libsysbase_a-lseek.o)
                0x0200b604                _lseek_r
 .text._read_r  0x0200b660       0x50 C:/devkitPro/devkitARM/bin/../lib/gcc/arm-none-eabi/13.1.0/../../../../arm-none-eabi/lib/thumb\libsysbase.a(libsysbase_libsysbase_a-read.o)
                0x0200b660                _read_r
 .text._sbrk_r  0x0200b6b0       0x54 C:/devkitPro/devkitARM/bin/../lib/gcc/arm-none-eabi/13.1.0/../../../../arm-none-eabi/lib/thumb\libsysbase.a(libsysbase_libsysbase_a-sbrk.o)
                0x0200b6b0                _sbrk_r
 .text.__libc_lock_acquire
                0x0200b704       0x18 C:/devkitPro/devkitARM/bin/../lib/gcc/arm-none-eabi/13.1.0/../../../../arm-none-eabi/lib/thumb\libsysbase.a(libsysbase_libsysbase_a-syscall_support.o)
                0x0200b704                __libc_lock_acquire
 .text.__libc_lock_release
                0x0200b71c       0x18 C:/devkitPro/devkitARM/bin/../lib/gcc/arm-none-eabi/13.1.0/../../../../arm-none-eabi/lib/thumb\libsysbase.a(libsysbase_libsysbase_a-syscall_support.o)
                0x0200b71c                __libc_lock_release
 .text.__libc_lock_acquire_recursive
                0x0200b734       0x18 C:/devkitPro/devkitARM/bin/../lib/gcc/arm-none-eabi/13.1.0/../../../../arm-none-eabi/lib/thumb\libsysbase.a(libsysbase_libsysbase_a-syscall_support.o)
                0x0200b734                __libc_lock_acquire_recursive
 .text.__libc_lock_release_recursive
                0x0200b74c       0x18 C:/devkitPro/devkitARM/bin/../lib/gcc/arm-none-eabi/13.1.0/../../../../arm-none-eabi/lib/thumb\libsysbase.a(libsysbase_libsysbase_a-syscall_support.o)
                0x0200b74c                __libc_lock_release_recursive
 .text._write_r
                0x0200b764       0x50 C:/devkitPro/devkitARM/bin/../lib/gcc/arm-none-eabi/13.1.0/../../../../arm-none-eabi/lib/thumb\libsysbase.a(libsysbase_libsysbase_a-write.o)
                0x0200b764                _write_r
 .text.__muldi3
                0x0200b7b4       0x64 C:/devkitPro/devkitARM/bin/../lib/gcc/arm-none-eabi/13.1.0/thumb\libgcc.a(_muldi3.o)
                0x0200b7b4                __muldi3
                0x0200b7b4                __aeabi_lmul
 .text.__udivmoddi4
                0x0200b818      0x19c C:/devkitPro/devkitARM/bin/../lib/gcc/arm-none-eabi/13.1.0/thumb\libgcc.a(_udivmoddi4.o)
                0x0200b818                __udivmoddi4
 *fill*         0x0200b9b4        0x4 ff
 .text.__udivmoddi4.__stub
                0x0200b9b8       0xf0 linker stubs
 *(EXCLUDE_FILE(*.twl*) .gnu.warning)
 *(EXCLUDE_FILE(*.twl*) .gnu.linkonce.t*)
 *(.glue_7)
 .glue_7        0x0200bab8        0x0 linker stubs
 *(.glue_7t)
 .glue_7t       0x0200bab8        0x0 linker stubs
                0x0200bab8                        . = ALIGN (0x4)

.vfp11_veneer   0x0200bab8        0x0
 .vfp11_veneer  0x0200bab8        0x0 linker stubs

.v4_bx          0x0200bab8        0x0
 .v4_bx         0x0200bab8        0x0 linker stubs

.iplt           0x0200bab8        0x0
 .iplt          0x0200bab8        0x0 C:/devkitPro/devkitARM/bin/../lib/gcc/arm-none-eabi/13.1.0/../../../../arm-none-eabi/lib/thumb/ds_arm9_crt0.o

.fini           0x0200bab8        0xc
 *(.fini)
 .fini          0x0200bab8        0x4 C:/devkitPro/devkitARM/bin/../lib/gcc/arm-none-eabi/13.1.0/thumb/crti.o
                0x0200bab8                _fini
 .fini          0x0200babc        0x8 C:/devkitPro/devkitARM/bin/../lib/gcc/arm-none-eabi/13.1.0/thumb/crtn.o
                0x0200bac4                        __text_end = .

.rodata         0x0200bac4     0x7af0
 *(EXCLUDE_FILE(*.twl*) .rodata)
 .rodata        0x0200bac4      0x600 ball.o
                0x0200bac4                ballTiles
                0x0200bec4                ballPal
 .rodata        0x0200c0c4      0x600 dandelion.o
                0x0200c0c4                dandelionTiles
                0x0200c4c4                dandelionPal
 .rodata        0x0200c6c4      0x600 penguin.o
                0x0200c6c4                penguinTiles
                0x0200cac4                penguinPal
 .rodata        0x0200ccc4      0x600 puffle.o
                0x0200ccc4                puffleTiles
                0x0200d0c4                pufflePal
 .rodata        0x0200d2c4      0x600 rose.o
                0x0200d2c4                roseTiles
                0x0200d6c4                rosePal
 .rodata        0x0200d8c4       0x18 arm9.o
 *all.rodata*(*)
 *(EXCLUDE_FILE(*.twl*) .roda)
 *(EXCLUDE_FILE(*.twl*) .rodata.*)
 .rodata.str1.4
                0x0200d8dc       0xbb arm9.o
 *fill*         0x0200d997        0x1 ff
 .rodata.SIN_LUT
                0x0200d998      0x102 C:/devkitPro/libnds/lib\libnds9.a(trig.o)
                0x0200d998                SIN_LUT
 *fill*         0x0200da9a        0x2 ff
 .rodata.con_write.str1.4
                0x0200da9c       0x30 C:/devkitPro/libnds/lib\libnds9.a(console.o)
 .rodata.con_write
                0x0200dacc       0xd4 C:/devkitPro/libnds/lib\libnds9.a(console.o)
 .rodata.str1.4
                0x0200dba0       0x14 C:/devkitPro/libnds/lib\libnds9.a(console.o)
 .rodata.dotab_stdout
                0x0200dbb4       0x70 C:/devkitPro/libnds/lib\libnds9.a(console.o)
 .rodata.default_font_bin
                0x0200dc24     0x2000 C:/devkitPro/libnds/lib\libnds9.a(default_font.bin.o)
                0x0200dc24                default_font_bin
                0x0200fc24                default_font_bin_end
 .rodata.str1.4
                0x0200fc24       0x20 C:\devkitPro\libcamera/lib\libcamera9.a(cam9.o)
 .rodata._Unwind_VRS_Pop
                0x0200fc44       0x18 C:/devkitPro/devkitARM/bin/../lib/gcc/arm-none-eabi/13.1.0/thumb\libgcc.a(unwind-arm.o)
 .rodata.__gnu_unwind_execute
                0x0200fc5c       0x14 C:/devkitPro/devkitARM/bin/../lib/gcc/arm-none-eabi/13.1.0/thumb\libgcc.a(pr-support.o)
 .rodata.basefix.0
                0x0200fc70       0x22 C:/devkitPro/devkitARM/bin/../lib/gcc/arm-none-eabi/13.1.0/../../../../arm-none-eabi/lib/thumb\libg.a(libc_a-svfiscanf.o)
 *fill*         0x0200fc92        0x2 ff
 .rodata.str1.4
                0x0200fc94       0x48 C:/devkitPro/devkitARM/bin/../lib/gcc/arm-none-eabi/13.1.0/../../../../arm-none-eabi/lib/thumb\libg.a(libc_a-locale.o)
                                 0x4c (size before relaxing)
 .rodata._mbrtowc_r.str1.4
                0x0200fcdc        0x1 C:/devkitPro/devkitARM/bin/../lib/gcc/arm-none-eabi/13.1.0/../../../../arm-none-eabi/lib/thumb\libg.a(libc_a-mbrtowc.o)
 .rodata._ctype_
                0x0200fcdc      0x101 C:/devkitPro/devkitARM/bin/../lib/gcc/arm-none-eabi/13.1.0/../../../../arm-none-eabi/lib/thumb\libg.a(libc_a-ctype_.o)
                0x0200fcdc                _ctype_
 *fill*         0x0200fddd        0x3 ff
 .rodata.categories
                0x0200fde0     0x3528 C:/devkitPro/devkitARM/bin/../lib/gcc/arm-none-eabi/13.1.0/../../../../arm-none-eabi/lib/thumb\libg.a(libc_a-categories.o)
 .rodata._vfiprintf_r.str1.1
                0x02013308       0x29 C:/devkitPro/devkitARM/bin/../lib/gcc/arm-none-eabi/13.1.0/../../../../arm-none-eabi/lib/thumb\libg.a(libc_a-vfiprintf.o)
 *fill*         0x02013331        0x3 ff
 .rodata.zeroes.0
                0x02013334       0x10 C:/devkitPro/devkitARM/bin/../lib/gcc/arm-none-eabi/13.1.0/../../../../arm-none-eabi/lib/thumb\libg.a(libc_a-vfiprintf.o)
 .rodata.blanks.1
                0x02013344       0x10 C:/devkitPro/devkitARM/bin/../lib/gcc/arm-none-eabi/13.1.0/../../../../arm-none-eabi/lib/thumb\libg.a(libc_a-vfiprintf.o)
 .rodata.__action_table
                0x02013354       0x6c C:/devkitPro/devkitARM/bin/../lib/gcc/arm-none-eabi/13.1.0/../../../../arm-none-eabi/lib/thumb\libg.a(libc_a-svfiprintf.o)
                0x02013354                __action_table
 .rodata.__state_table
                0x020133c0       0x6c C:/devkitPro/devkitARM/bin/../lib/gcc/arm-none-eabi/13.1.0/../../../../arm-none-eabi/lib/thumb\libg.a(libc_a-svfiprintf.o)
                0x020133c0                __state_table
 .rodata.__chclass
                0x0201342c      0x100 C:/devkitPro/devkitARM/bin/../lib/gcc/arm-none-eabi/13.1.0/../../../../arm-none-eabi/lib/thumb\libg.a(libc_a-svfiprintf.o)
                0x0201342c                __chclass
 .rodata.AddDevice.str1.4
                0x0201352c        0x8 C:/devkitPro/devkitARM/bin/../lib/gcc/arm-none-eabi/13.1.0/../../../../arm-none-eabi/lib/thumb\libsysbase.a(libsysbase_libsysbase_a-iosupport.o)
 .rodata.dotab_stdnull
                0x02013534       0x80 C:/devkitPro/devkitARM/bin/../lib/gcc/arm-none-eabi/13.1.0/../../../../arm-none-eabi/lib/thumb\libsysbase.a(libsysbase_libsysbase_a-iosupport.o)
                0x02013534                dotab_stdnull
 *(EXCLUDE_FILE(*.twl*) .gnu.linkonce.r*)
                0x020135b4                        . = ALIGN (0x4)

.ARM.extab      0x020135b4       0x3c
 *(.ARM.extab* .gnu.linkonce.armextab.*)
 .ARM.extab.text.startup
                0x020135b4        0xc arm9.o
 .ARM.extab.text.unwind_phase2_forced
                0x020135c0        0xc C:/devkitPro/devkitARM/bin/../lib/gcc/arm-none-eabi/13.1.0/thumb\libgcc.a(unwind-arm.o)
 .ARM.extab.text.__gnu_unwind_pr_common
                0x020135cc        0xc C:/devkitPro/devkitARM/bin/../lib/gcc/arm-none-eabi/13.1.0/thumb\libgcc.a(unwind-arm.o)
 .ARM.extab.text._Unwind_VRS_Pop
                0x020135d8        0xc C:/devkitPro/devkitARM/bin/../lib/gcc/arm-none-eabi/13.1.0/thumb\libgcc.a(unwind-arm.o)
 .ARM.extab.text.__gnu_unwind_execute
                0x020135e4        0xc C:/devkitPro/devkitARM/bin/../lib/gcc/arm-none-eabi/13.1.0/thumb\libgcc.a(pr-support.o)
                0x020135f0                        __exidx_start = .

ARM.exidx       0x020135f0       0xa0
 *(.ARM.exidx* .gnu.linkonce.armexidx.*)
 .ARM.exidx     0x020135f0        0x8 arm9.o
                                 0x30 (size before relaxing)
 .ARM.exidx.text.startup
                0x020135f8       0x10 arm9.o
                                  0x8 (size before relaxing)
 .ARM.exidx.text.selfrel_offset31
                0x02013608        0x0 C:/devkitPro/devkitARM/bin/../lib/gcc/arm-none-eabi/13.1.0/thumb\libgcc.a(unwind-arm.o)
                                  0x8 (size before relaxing)
 .ARM.exidx.text.search_EIT_table
                0x02013608        0x0 C:/devkitPro/devkitARM/bin/../lib/gcc/arm-none-eabi/13.1.0/thumb\libgcc.a(unwind-arm.o)
                                  0x8 (size before relaxing)
 .ARM.exidx.text.__gnu_unwind_get_pr_addr
                0x02013608        0x0 C:/devkitPro/devkitARM/bin/../lib/gcc/arm-none-eabi/13.1.0/thumb\libgcc.a(unwind-arm.o)
                                  0x8 (size before relaxing)
 .ARM.exidx.text.get_eit_entry
                0x02013608        0x8 C:/devkitPro/devkitARM/bin/../lib/gcc/arm-none-eabi/13.1.0/thumb\libgcc.a(unwind-arm.o)
 .ARM.exidx.text.restore_non_core_regs
                0x02013610        0x8 C:/devkitPro/devkitARM/bin/../lib/gcc/arm-none-eabi/13.1.0/thumb\libgcc.a(unwind-arm.o)
 .ARM.exidx.text._Unwind_decode_typeinfo_ptr.constprop.0
                0x02013618        0x8 C:/devkitPro/devkitARM/bin/../lib/gcc/arm-none-eabi/13.1.0/thumb\libgcc.a(unwind-arm.o)
 .ARM.exidx.text._Unwind_DebugHook
                0x02013620        0x0 C:/devkitPro/devkitARM/bin/../lib/gcc/arm-none-eabi/13.1.0/thumb\libgcc.a(unwind-arm.o)
                                  0x8 (size before relaxing)
 .ARM.exidx.text.unwind_phase2
                0x02013620        0x8 C:/devkitPro/devkitARM/bin/../lib/gcc/arm-none-eabi/13.1.0/thumb\libgcc.a(unwind-arm.o)
 .ARM.exidx.text.unwind_phase2_forced
                0x02013628        0x8 C:/devkitPro/devkitARM/bin/../lib/gcc/arm-none-eabi/13.1.0/thumb\libgcc.a(unwind-arm.o)
 .ARM.exidx.text.__gnu_Unwind_RaiseException
                0x02013630        0x8 C:/devkitPro/devkitARM/bin/../lib/gcc/arm-none-eabi/13.1.0/thumb\libgcc.a(unwind-arm.o)
 .ARM.exidx.text.__gnu_Unwind_ForcedUnwind
                0x02013638        0x8 C:/devkitPro/devkitARM/bin/../lib/gcc/arm-none-eabi/13.1.0/thumb\libgcc.a(unwind-arm.o)
 .ARM.exidx.text.__gnu_Unwind_Resume
                0x02013640        0x8 C:/devkitPro/devkitARM/bin/../lib/gcc/arm-none-eabi/13.1.0/thumb\libgcc.a(unwind-arm.o)
 .ARM.exidx.text.__gnu_Unwind_Resume_or_Rethrow
                0x02013648        0x8 C:/devkitPro/devkitARM/bin/../lib/gcc/arm-none-eabi/13.1.0/thumb\libgcc.a(unwind-arm.o)
 .ARM.exidx.text._Unwind_VRS_Get
                0x02013650        0x8 C:/devkitPro/devkitARM/bin/../lib/gcc/arm-none-eabi/13.1.0/thumb\libgcc.a(unwind-arm.o)
 .ARM.exidx.text._Unwind_GetGR
                0x02013658        0x0 C:/devkitPro/devkitARM/bin/../lib/gcc/arm-none-eabi/13.1.0/thumb\libgcc.a(unwind-arm.o)
                                  0x8 (size before relaxing)
 .ARM.exidx.text._Unwind_VRS_Set
                0x02013658        0x0 C:/devkitPro/devkitARM/bin/../lib/gcc/arm-none-eabi/13.1.0/thumb\libgcc.a(unwind-arm.o)
                                  0x8 (size before relaxing)
 .ARM.exidx.text._Unwind_SetGR
                0x02013658        0x0 C:/devkitPro/devkitARM/bin/../lib/gcc/arm-none-eabi/13.1.0/thumb\libgcc.a(unwind-arm.o)
                                  0x8 (size before relaxing)
 .ARM.exidx.text.__gnu_Unwind_Backtrace
                0x02013658        0x8 C:/devkitPro/devkitARM/bin/../lib/gcc/arm-none-eabi/13.1.0/thumb\libgcc.a(unwind-arm.o)
 .ARM.exidx.text.__gnu_unwind_pr_common
                0x02013660        0x8 C:/devkitPro/devkitARM/bin/../lib/gcc/arm-none-eabi/13.1.0/thumb\libgcc.a(unwind-arm.o)
 .ARM.exidx.text.__aeabi_unwind_cpp_pr0
                0x02013668        0x8 C:/devkitPro/devkitARM/bin/../lib/gcc/arm-none-eabi/13.1.0/thumb\libgcc.a(unwind-arm.o)
 .ARM.exidx.text.__aeabi_unwind_cpp_pr1
                0x02013670        0x0 C:/devkitPro/devkitARM/bin/../lib/gcc/arm-none-eabi/13.1.0/thumb\libgcc.a(unwind-arm.o)
                                  0x8 (size before relaxing)
 .ARM.exidx.text.__aeabi_unwind_cpp_pr2
                0x02013670        0x0 C:/devkitPro/devkitARM/bin/../lib/gcc/arm-none-eabi/13.1.0/thumb\libgcc.a(unwind-arm.o)
                                  0x8 (size before relaxing)
 .ARM.exidx.text._Unwind_VRS_Pop
                0x02013670        0x8 C:/devkitPro/devkitARM/bin/../lib/gcc/arm-none-eabi/13.1.0/thumb\libgcc.a(unwind-arm.o)
 .ARM.exidx.text.next_unwind_byte
                0x02013678        0x8 C:/devkitPro/devkitARM/bin/../lib/gcc/arm-none-eabi/13.1.0/thumb\libgcc.a(pr-support.o)
 .ARM.exidx.text.__gnu_unwind_execute
                0x02013680       0x10 C:/devkitPro/devkitARM/bin/../lib/gcc/arm-none-eabi/13.1.0/thumb\libgcc.a(pr-support.o)
                                  0x8 (size before relaxing)
                0x02013690                        __exidx_end = .
                0x02013690                        . = ALIGN (0x4)
                0x02013690                        PROVIDE (__preinit_array_start = .)

.preinit_array
 *(.preinit_array)
                0x02013690                        PROVIDE (__preinit_array_end = .)
                0x02013690                        PROVIDE (__init_array_start = .)

.init_array     0x02013690        0x4
 *(SORT_BY_NAME(.init_array.*))
 *(.init_array)
 .init_array    0x02013690        0x4 C:/devkitPro/devkitARM/bin/../lib/gcc/arm-none-eabi/13.1.0/thumb/crtbegin.o
                0x02013694                        PROVIDE (__init_array_end = .)
                [!provide]                        PROVIDE (__fini_array_start = .)

.fini_array     0x02013694        0x4
 *(.fini_array)
 .fini_array    0x02013694        0x4 C:/devkitPro/devkitARM/bin/../lib/gcc/arm-none-eabi/13.1.0/thumb/crtbegin.o
 *(SORT_BY_NAME(.fini_array.*))
                [!provide]                        PROVIDE (__fini_array_end = .)

.ctors          0x02013698        0x0
 *crtbegin.o(.ctors)
 *(EXCLUDE_FILE(*crtend.o) .ctors)
 *(SORT_BY_NAME(.ctors.*))
 *(.ctors)
                0x02013698                        . = ALIGN (0x4)

.dtors          0x02013698        0x0
 *crtbegin.o(.dtors)
 *(EXCLUDE_FILE(*crtend.o) .dtors)
 *(SORT_BY_NAME(.dtors.*))
 *(.dtors)
                0x02013698                        . = ALIGN (0x4)

.eh_frame       0x02013698        0x4
 *(.eh_frame)
 .eh_frame      0x02013698        0x0 C:/devkitPro/devkitARM/bin/../lib/gcc/arm-none-eabi/13.1.0/thumb/crtbegin.o
 .eh_frame      0x02013698        0x4 C:/devkitPro/devkitARM/bin/../lib/gcc/arm-none-eabi/13.1.0/thumb/crtend.o
                0x0201369c                        . = ALIGN (0x4)

.rel.dyn        0x0201369c        0x0
 .rel.iplt      0x0201369c        0x0 C:/devkitPro/devkitARM/bin/../lib/gcc/arm-none-eabi/13.1.0/../../../../arm-none-eabi/lib/thumb/ds_arm9_crt0.o

.gcc_except_table
                0x0201369c        0x0
 *(.gcc_except_table)
                0x0201369c                        . = ALIGN (0x4)

.jcr
 *(.jcr)

.got
 *(.got.plt)
 *(.got)
 *(.rel.got)

.ewram          0x0201369c        0x0
                0x0201369c                        __ewram_start = ABSOLUTE (.)
 *(.ewram)
 *ewram.*(.text)
                0x0201369c                        . = ALIGN (0x4)

.data           0x0201369c     0x187c
                0x0201369c                        __data_start = ABSOLUTE (.)
 *(EXCLUDE_FILE(*.twl*) .data)
 .data          0x0201369c       0x28 C:/devkitPro/libnds/lib\libnds9.a(mpu_setup.o)
 *(EXCLUDE_FILE(*.twl*) .data.*)
 .data.bgControl
                0x020136c4       0x20 C:/devkitPro/libnds/lib\libnds9.a(background.o)
                0x020136c4                bgControl
 .data.bgScrollTable
                0x020136e4       0x20 C:/devkitPro/libnds/lib\libnds9.a(background.o)
                0x020136e4                bgScrollTable
 .data.bgTransform
                0x02013704       0x20 C:/devkitPro/libnds/lib\libnds9.a(background.o)
                0x02013704                bgTransform
 .data.currentConsole
                0x02013724        0x4 C:/devkitPro/libnds/lib\libnds9.a(console.o)
                0x02013724                currentConsole
 .data.defaultConsole
                0x02013728       0x5c C:/devkitPro/libnds/lib\libnds9.a(console.o)
                0x02013728                defaultConsole
 .data.firstConsoleInit.0
                0x02013784        0x1 C:/devkitPro/libnds/lib\libnds9.a(console.o)
 *fill*         0x02013785        0x3 ff
 .data.oamMain  0x02013788       0x18 C:/devkitPro/libnds/lib\libnds9.a(sprite.o)
                0x02013788                oamMain
 .data.count    0x020137a0        0x1 C:/devkitPro/libnds/lib\libnds9.a(keys.o)
 .data.delay    0x020137a1        0x1 C:/devkitPro/libnds/lib\libnds9.a(keys.o)
 .data.repeat   0x020137a2        0x1 C:/devkitPro/libnds/lib\libnds9.a(keys.o)
 *fill*         0x020137a3        0x1 ff
 .data.fifo_buffer_free
                0x020137a4        0x4 C:/devkitPro/libnds/lib\libnds9.a(fifosystem.o)
                0x020137a4                fifo_buffer_free
 .data.fifo_freewords
                0x020137a8        0x4 C:/devkitPro/libnds/lib\libnds9.a(fifosystem.o)
                0x020137a8                fifo_freewords
 .data.fifo_receive_queue
                0x020137ac        0x4 C:/devkitPro/libnds/lib\libnds9.a(fifosystem.o)
                0x020137ac                fifo_receive_queue
 .data.fifo_send_queue
                0x020137b0        0x4 C:/devkitPro/libnds/lib\libnds9.a(fifosystem.o)
                0x020137b0                fifo_send_queue
 .data.__malloc_sbrk_base
                0x020137b4        0x4 C:/devkitPro/devkitARM/bin/../lib/gcc/arm-none-eabi/13.1.0/../../../../arm-none-eabi/lib/thumb\libg.a(libc_a-mallocr.o)
                0x020137b4                __malloc_sbrk_base
 .data.__malloc_trim_threshold
                0x020137b8        0x4 C:/devkitPro/devkitARM/bin/../lib/gcc/arm-none-eabi/13.1.0/../../../../arm-none-eabi/lib/thumb\libg.a(libc_a-mallocr.o)
                0x020137b8                __malloc_trim_threshold
 *fill*         0x020137bc        0x4 ff
 .data.__malloc_av_
                0x020137c0      0x408 C:/devkitPro/devkitARM/bin/../lib/gcc/arm-none-eabi/13.1.0/../../../../arm-none-eabi/lib/thumb\libg.a(libc_a-mallocr.o)
                0x020137c0                __malloc_av_
 .data.__sglue  0x02013bc8        0xc C:/devkitPro/devkitARM/bin/../lib/gcc/arm-none-eabi/13.1.0/../../../../arm-none-eabi/lib/thumb\libg.a(libc_a-findfp.o)
                0x02013bc8                __sglue
 .data.__global_locale
                0x02013bd4      0x16c C:/devkitPro/devkitARM/bin/../lib/gcc/arm-none-eabi/13.1.0/../../../../arm-none-eabi/lib/thumb\libg.a(libc_a-locale.o)
                0x02013bd4                __global_locale
 .data._impure_ptr
                0x02013d40        0x4 C:/devkitPro/devkitARM/bin/../lib/gcc/arm-none-eabi/13.1.0/../../../../arm-none-eabi/lib/thumb\libg.a(libc_a-impure.o)
                0x02013d40                _impure_ptr
 *fill*         0x02013d44        0x4 ff
 .data._impure_data
                0x02013d48      0x120 C:/devkitPro/devkitARM/bin/../lib/gcc/arm-none-eabi/13.1.0/../../../../arm-none-eabi/lib/thumb\libg.a(libc_a-impure.o)
                0x02013d48                _impure_data
 .data.handles  0x02013e68     0x1000 C:/devkitPro/devkitARM/bin/../lib/gcc/arm-none-eabi/13.1.0/../../../../arm-none-eabi/lib/thumb\libsysbase.a(libsysbase_libsysbase_a-handle_manager.o)
 .data.__stderr_handle
                0x02014e68        0xc C:/devkitPro/devkitARM/bin/../lib/gcc/arm-none-eabi/13.1.0/../../../../arm-none-eabi/lib/thumb\libsysbase.a(libsysbase_libsysbase_a-handle_manager.o)
 .data.__stdout_handle
                0x02014e74        0xc C:/devkitPro/devkitARM/bin/../lib/gcc/arm-none-eabi/13.1.0/../../../../arm-none-eabi/lib/thumb\libsysbase.a(libsysbase_libsysbase_a-handle_manager.o)
 .data.__stdin_handle
                0x02014e80        0xc C:/devkitPro/devkitARM/bin/../lib/gcc/arm-none-eabi/13.1.0/../../../../arm-none-eabi/lib/thumb\libsysbase.a(libsysbase_libsysbase_a-handle_manager.o)
 .data.devoptab_list
                0x02014e8c       0x8c C:/devkitPro/devkitARM/bin/../lib/gcc/arm-none-eabi/13.1.0/../../../../arm-none-eabi/lib/thumb\libsysbase.a(libsysbase_libsysbase_a-iosupport.o)
                0x02014e8c                devoptab_list
 *(EXCLUDE_FILE(*.twl*) .gnu.linkonce.d*)
                0x02014f18                        . = ALIGN (0x4)
                0x02014f18                        __data_end = ABSOLUTE (.)
                0x02014f18                        __bss_vma = .

.igot.plt       0x02014f18        0x0
 .igot.plt      0x02014f18        0x0 C:/devkitPro/devkitARM/bin/../lib/gcc/arm-none-eabi/13.1.0/../../../../arm-none-eabi/lib/thumb/ds_arm9_crt0.o

.dtcm           0x02ff0000        0x0 load address 0x02014f18
                0x02014f18                        __dtcm_lma = LOADADDR (.dtcm)
                0x02ff0000                        __dtcm_start = ABSOLUTE (.)
 *(.dtcm)
 *(.dtcm.*)
                0x02ff0000                        . = ALIGN (0x4)
                0x02ff0000                        __dtcm_end = ABSOLUTE (.)

.itcm           0x01000100      0x194 load address 0x02014f18
                0x02014f18                        __itcm_lma = LOADADDR (.itcm)
                0x01000100                        __itcm_start = ABSOLUTE (.)
 *(.itcm)
 .itcm          0x01000100       0xc8 C:/devkitPro/libnds/lib\libnds9.a(interrupts.o)
                0x01000100                irqTable
 .itcm          0x010001c8       0xcc C:/devkitPro/libnds/lib\libnds9.a(interruptDispatcher.o)
                0x010001c8                IntrMain
 *.itcm*(.text .stub .text.*)
                0x01000294                        . = ALIGN (0x4)
                0x01000294                        __itcm_end = ABSOLUTE (.)

.vectors        0x01000000        0x0 load address 0x020150ac
                0x020150ac                        __vectors_lma = LOADADDR (.vectors)
                0x01000000                        __vectors_start = ABSOLUTE (.)
 *(.vectors .vectors.*)
                0x01000000                        . = ALIGN (0x4)
                0x01000000                        __vectors_end = ABSOLUTE (.)

.sbss           0x02ff0000        0x0
                0x02ff0000                        __sbss_start = ABSOLUTE (.)
                0x02ff0000                        __sbss_start__ = ABSOLUTE (.)
 *(.sbss)
                0x02ff0000                        . = ALIGN (0x4)
                0x02ff0000                        __sbss_end = ABSOLUTE (.)

.bss            0x02014f18     0x15e4
                0x02014f18                        __bss_start = ABSOLUTE (.)
                0x02014f18                        __bss_start__ = ABSOLUTE (.)
 *(EXCLUDE_FILE(*.twl*) .dynbss)
 *(EXCLUDE_FILE(*.twl*) .gnu.linkonce.b*)
 *(EXCLUDE_FILE(*.twl*) .bss*)
 .bss.completed.1
                0x02014f18        0x1 C:/devkitPro/devkitARM/bin/../lib/gcc/arm-none-eabi/13.1.0/thumb/crtbegin.o
 *fill*         0x02014f19        0x3 
 .bss.object.0  0x02014f1c       0x18 C:/devkitPro/devkitARM/bin/../lib/gcc/arm-none-eabi/13.1.0/thumb/crtbegin.o
 .bss           0x02014f34      0x400 arm9.o
                0x02014f34                OAMCopy
 .bss.bgIsTextLut
                0x02015334        0x8 C:/devkitPro/libnds/lib\libnds9.a(background.o)
                0x02015334                bgIsTextLut
 .bss.bgState   0x0201533c      0x140 C:/devkitPro/libnds/lib\libnds9.a(background.o)
                0x0201533c                bgState
 .bss.SDcallback
                0x0201547c        0x4 C:/devkitPro/libnds/lib\libnds9.a(system.o)
 .bss.currentCopy
                0x02015480       0x5c C:/devkitPro/libnds/lib\libnds9.a(console.o)
                0x02015480                currentCopy
 .bss.OamMemory
                0x020154dc      0x400 C:/devkitPro/libnds/lib\libnds9.a(sprite.o)
                0x020154dc                OamMemory
 .bss.keys      0x020158dc        0x2 C:/devkitPro/libnds/lib\libnds9.a(keys.o)
 .bss.keysold   0x020158de        0x2 C:/devkitPro/libnds/lib\libnds9.a(keys.o)
 .bss.keysrepeat
                0x020158e0        0x2 C:/devkitPro/libnds/lib\libnds9.a(keys.o)
 .bss.__dsimode
                0x020158e2        0x1 C:/devkitPro/libnds/lib\libnds9.a(initSystem.o)
                0x020158e2                __dsimode
 *fill*         0x020158e3        0x1 
 .bss.punixTime
                0x020158e4        0x4 C:/devkitPro/libnds/lib\libnds9.a(initSystem.o)
                0x020158e4                punixTime
 .bss.fifo_address_data
                0x020158e8       0x40 C:/devkitPro/libnds/lib\libnds9.a(fifosystem.o)
                0x020158e8                fifo_address_data
 .bss.fifo_address_func
                0x02015928       0x40 C:/devkitPro/libnds/lib\libnds9.a(fifosystem.o)
                0x02015928                fifo_address_func
 .bss.fifo_address_queue
                0x02015968       0x40 C:/devkitPro/libnds/lib\libnds9.a(fifosystem.o)
                0x02015968                fifo_address_queue
 .bss.fifo_buffer
                0x020159a8      0x800 C:/devkitPro/libnds/lib\libnds9.a(fifosystem.o)
                0x020159a8                fifo_buffer
 .bss.fifo_data_queue
                0x020161a8       0x40 C:/devkitPro/libnds/lib\libnds9.a(fifosystem.o)
                0x020161a8                fifo_data_queue
 .bss.fifo_datamsg_data
                0x020161e8       0x40 C:/devkitPro/libnds/lib\libnds9.a(fifosystem.o)
                0x020161e8                fifo_datamsg_data
 .bss.fifo_datamsg_func
                0x02016228       0x40 C:/devkitPro/libnds/lib\libnds9.a(fifosystem.o)
                0x02016228                fifo_datamsg_func
 .bss.fifo_value32_data
                0x02016268       0x40 C:/devkitPro/libnds/lib\libnds9.a(fifosystem.o)
                0x02016268                fifo_value32_data
 .bss.fifo_value32_func
                0x020162a8       0x40 C:/devkitPro/libnds/lib\libnds9.a(fifosystem.o)
                0x020162a8                fifo_value32_func
 .bss.fifo_value32_queue
                0x020162e8       0x40 C:/devkitPro/libnds/lib\libnds9.a(fifosystem.o)
                0x020162e8                fifo_value32_queue
 .bss.processing
                0x02016328        0x4 C:/devkitPro/libnds/lib\libnds9.a(fifosystem.o)
                0x02016328                processing
 .bss           0x0201632c        0x4 C:\devkitPro\libcamera/lib\libcamera9.a(cam9.o)
                0x0201632c                CAM_FIFO_CHANNEL
 .bss.__malloc_current_mallinfo
                0x02016330       0x28 C:/devkitPro/devkitARM/bin/../lib/gcc/arm-none-eabi/13.1.0/../../../../arm-none-eabi/lib/thumb\libg.a(libc_a-mallocr.o)
                0x02016330                __malloc_current_mallinfo
 .bss.__malloc_max_total_mem
                0x02016358        0x4 C:/devkitPro/devkitARM/bin/../lib/gcc/arm-none-eabi/13.1.0/../../../../arm-none-eabi/lib/thumb\libg.a(libc_a-mallocr.o)
                0x02016358                __malloc_max_total_mem
 .bss.__malloc_max_sbrked_mem
                0x0201635c        0x4 C:/devkitPro/devkitARM/bin/../lib/gcc/arm-none-eabi/13.1.0/../../../../arm-none-eabi/lib/thumb\libg.a(libc_a-mallocr.o)
                0x0201635c                __malloc_max_sbrked_mem
 .bss.__malloc_top_pad
                0x02016360        0x4 C:/devkitPro/devkitARM/bin/../lib/gcc/arm-none-eabi/13.1.0/../../../../arm-none-eabi/lib/thumb\libg.a(libc_a-mallocr.o)
                0x02016360                __malloc_top_pad
 .bss.__malloc_recursive_mutex
                0x02016364        0xc C:/devkitPro/devkitARM/bin/../lib/gcc/arm-none-eabi/13.1.0/../../../../arm-none-eabi/lib/thumb\libg.a(libc_a-mlock.o)
 .bss.__sfp_recursive_mutex
                0x02016370        0xc C:/devkitPro/devkitARM/bin/../lib/gcc/arm-none-eabi/13.1.0/../../../../arm-none-eabi/lib/thumb\libg.a(libc_a-findfp.o)
 *fill*         0x0201637c        0x4 
 .bss.__sf      0x02016380      0x168 C:/devkitPro/devkitARM/bin/../lib/gcc/arm-none-eabi/13.1.0/../../../../arm-none-eabi/lib/thumb\libg.a(libc_a-findfp.o)
                0x02016380                __sf
 .bss.__stdio_exit_handler
                0x020164e8        0x4 C:/devkitPro/devkitARM/bin/../lib/gcc/arm-none-eabi/13.1.0/../../../../arm-none-eabi/lib/thumb\libg.a(libc_a-findfp.o)
                0x020164e8                __stdio_exit_handler
 .bss.__hndl_lock
                0x020164ec        0x4 C:/devkitPro/devkitARM/bin/../lib/gcc/arm-none-eabi/13.1.0/../../../../arm-none-eabi/lib/thumb\libsysbase.a(libsysbase_libsysbase_a-handle_manager.o)
 .bss.fake_heap_start
                0x020164f0        0x4 C:/devkitPro/devkitARM/bin/../lib/gcc/arm-none-eabi/13.1.0/../../../../arm-none-eabi/lib/thumb\libsysbase.a(libsysbase_libsysbase_a-malloc_vars.o)
                0x020164f0                fake_heap_start
 .bss.fake_heap_end
                0x020164f4        0x4 C:/devkitPro/devkitARM/bin/../lib/gcc/arm-none-eabi/13.1.0/../../../../arm-none-eabi/lib/thumb\libsysbase.a(libsysbase_libsysbase_a-malloc_vars.o)
                0x020164f4                fake_heap_end
 .bss.heap_start.0
                0x020164f8        0x4 C:/devkitPro/devkitARM/bin/../lib/gcc/arm-none-eabi/13.1.0/../../../../arm-none-eabi/lib/thumb\libsysbase.a(libsysbase_libsysbase_a-sbrk.o)
 *(EXCLUDE_FILE(*.twl*) COMMON)
                0x020164fc                        . = ALIGN (0x4)
                0x020164fc                        __bss_end__ = ABSOLUTE (.)
                0x020164fc                        __end__ = ABSOLUTE (.)

.twl            0x020164fc        0x0 load address 0x02400000
                0x02400000                        __arm9i_lma__ = LOADADDR (.twl)
                0x020164fc                        __arm9i_start__ = ABSOLUTE (.)
 *(.twl)
 *.twl*(.text .stub .text.* .gnu.linkonce.t.*)
 *.twl*(.rodata)
 *.twl*(.roda)
 *.twl*(.rodata.*)
 *.twl*(.data)
 *.twl*(.data.*)
 *.twl*(.gnu.linkonce.d*)
                0x020164fc                        __arm9i_end__ = ABSOLUTE (.)

.twl_bss        0x020164fc        0x0
                0x020164fc                        __twl_bss_start__ = ABSOLUTE (.)
 *(.twl_bss)
 *.twl*(.dynbss)
 *.twl*(.gnu.linkonce.b*)
 *.twl*(.bss*)
 *.twl*(COMMON)
                0x020164fc                        . = ALIGN (0x4)
                0x020164fc                        __twl_bss_end__ = ABSOLUTE (.)
                0x020164fc                        __twl_end__ = ABSOLUTE (.)

.stab
 *(.stab)

.stabstr
 *(.stabstr)

.stab.excl
 *(.stab.excl)

.stab.exclstr
 *(.stab.exclstr)

.stab.index
 *(.stab.index)

.stab.indexstr
 *(.stab.indexstr)

.comment        0x00000000       0x46
 *(.comment)
 .comment       0x00000000       0x23 C:/devkitPro/devkitARM/bin/../lib/gcc/arm-none-eabi/13.1.0/thumb/crtbegin.o
                                 0x24 (size before relaxing)
 .comment       0x00000023       0x24 arm9.o
 .comment       0x00000023       0x23 C:/devkitPro/libnds/lib\libnds9.a(background.o)
                                 0x24 (size before relaxing)
 .comment       0x00000046       0x24 C:/devkitPro/libnds/lib\libnds9.a(trig.o)
 .comment       0x00000046       0x24 C:/devkitPro/libnds/lib\libnds9.a(touch.o)
 .comment       0x00000046       0x24 C:/devkitPro/libnds/lib\libnds9.a(sprite_alloc.o)
 .comment       0x00000046       0x24 C:/devkitPro/libnds/lib\libnds9.a(system.o)
 .comment       0x00000046       0x24 C:/devkitPro/libnds/lib\libnds9.a(console.o)
 .comment       0x00000046       0x24 C:/devkitPro/libnds/lib\libnds9.a(sprite.o)
 .comment       0x00000046       0x24 C:/devkitPro/libnds/lib\libnds9.a(keys.o)
 .comment       0x00000046       0x24 C:/devkitPro/libnds/lib\libnds9.a(initSystem.o)
 .comment       0x00000046       0x24 C:/devkitPro/libnds/lib\libnds9.a(securearea.o)
 .comment       0x00000046       0x24 C:/devkitPro/libnds/lib\libnds9.a(interrupts.o)
 .comment       0x00000046       0x24 C:/devkitPro/libnds/lib\libnds9.a(libnds_exit.arm.o)
 .comment       0x00000046       0x24 C:/devkitPro/libnds/lib\libnds9.a(fifosystem.o)
 .comment       0x00000046       0x24 C:/devkitPro/libnds/lib\libnds9.a(video.o)
 .comment       0x00000046       0x24 C:\devkitPro\libcamera/lib\libcamera9.a(cam9.o)
 .comment       0x00000046       0x24 C:\devkitPro\libcamera/lib\libcamera9.a(cam_dma.o)
 .comment       0x00000046       0x24 C:/devkitPro/devkitARM/bin/../lib/gcc/arm-none-eabi/13.1.0/thumb\libgcc.a(unwind-arm.o)
 .comment       0x00000046       0x24 C:/devkitPro/devkitARM/bin/../lib/gcc/arm-none-eabi/13.1.0/thumb\libgcc.a(pr-support.o)
 .comment       0x00000046       0x24 C:/devkitPro/devkitARM/bin/../lib/gcc/arm-none-eabi/13.1.0/../../../../arm-none-eabi/lib/thumb\libg.a(libc_a-abort.o)
 .comment       0x00000046       0x24 C:/devkitPro/devkitARM/bin/../lib/gcc/arm-none-eabi/13.1.0/../../../../arm-none-eabi/lib/thumb\libg.a(libc_a-siscanf.o)
 .comment       0x00000046       0x24 C:/devkitPro/devkitARM/bin/../lib/gcc/arm-none-eabi/13.1.0/../../../../arm-none-eabi/lib/thumb\libg.a(libc_a-setvbuf.o)
 .comment       0x00000046       0x24 C:/devkitPro/devkitARM/bin/../lib/gcc/arm-none-eabi/13.1.0/../../../../arm-none-eabi/lib/thumb\libg.a(libc_a-svfiscanf.o)
 .comment       0x00000046       0x24 C:/devkitPro/devkitARM/bin/../lib/gcc/arm-none-eabi/13.1.0/../../../../arm-none-eabi/lib/thumb\libg.a(libc_a-freer.o)
 .comment       0x00000046       0x24 C:/devkitPro/devkitARM/bin/../lib/gcc/arm-none-eabi/13.1.0/../../../../arm-none-eabi/lib/thumb\libg.a(libc_a-iprintf.o)
 .comment       0x00000046       0x24 C:/devkitPro/devkitARM/bin/../lib/gcc/arm-none-eabi/13.1.0/../../../../arm-none-eabi/lib/thumb\libg.a(libc_a-malloc.o)
 .comment       0x00000046       0x24 C:/devkitPro/devkitARM/bin/../lib/gcc/arm-none-eabi/13.1.0/../../../../arm-none-eabi/lib/thumb\libg.a(libc_a-mallocr.o)
 .comment       0x00000046       0x24 C:/devkitPro/devkitARM/bin/../lib/gcc/arm-none-eabi/13.1.0/../../../../arm-none-eabi/lib/thumb\libg.a(libc_a-memset.o)
 .comment       0x00000046       0x24 C:/devkitPro/devkitARM/bin/../lib/gcc/arm-none-eabi/13.1.0/../../../../arm-none-eabi/lib/thumb\libg.a(libc_a-mlock.o)
 .comment       0x00000046       0x24 C:/devkitPro/devkitARM/bin/../lib/gcc/arm-none-eabi/13.1.0/../../../../arm-none-eabi/lib/thumb\libg.a(libc_a-signal.o)
 .comment       0x00000046       0x24 C:/devkitPro/devkitARM/bin/../lib/gcc/arm-none-eabi/13.1.0/../../../../arm-none-eabi/lib/thumb\libg.a(libc_a-strlen.o)
 .comment       0x00000046       0x24 C:/devkitPro/devkitARM/bin/../lib/gcc/arm-none-eabi/13.1.0/../../../../arm-none-eabi/lib/thumb\libg.a(libc_a-fflush.o)
 .comment       0x00000046       0x24 C:/devkitPro/devkitARM/bin/../lib/gcc/arm-none-eabi/13.1.0/../../../../arm-none-eabi/lib/thumb\libg.a(libc_a-fwalk.o)
 .comment       0x00000046       0x24 C:/devkitPro/devkitARM/bin/../lib/gcc/arm-none-eabi/13.1.0/../../../../arm-none-eabi/lib/thumb\libg.a(libc_a-fwrite.o)
 .comment       0x00000046       0x24 C:/devkitPro/devkitARM/bin/../lib/gcc/arm-none-eabi/13.1.0/../../../../arm-none-eabi/lib/thumb\libg.a(libc_a-findfp.o)
 .comment       0x00000046       0x24 C:/devkitPro/devkitARM/bin/../lib/gcc/arm-none-eabi/13.1.0/../../../../arm-none-eabi/lib/thumb\libg.a(libc_a-strtol.o)
 .comment       0x00000046       0x24 C:/devkitPro/devkitARM/bin/../lib/gcc/arm-none-eabi/13.1.0/../../../../arm-none-eabi/lib/thumb\libg.a(libc_a-realloc.o)
 .comment       0x00000046       0x24 C:/devkitPro/devkitARM/bin/../lib/gcc/arm-none-eabi/13.1.0/../../../../arm-none-eabi/lib/thumb\libg.a(libc_a-strtoul.o)
 .comment       0x00000046       0x24 C:/devkitPro/devkitARM/bin/../lib/gcc/arm-none-eabi/13.1.0/../../../../arm-none-eabi/lib/thumb\libg.a(libc_a-locale.o)
 .comment       0x00000046       0x24 C:/devkitPro/devkitARM/bin/../lib/gcc/arm-none-eabi/13.1.0/../../../../arm-none-eabi/lib/thumb\libg.a(libc_a-wctomb_r.o)
 .comment       0x00000046       0x24 C:/devkitPro/devkitARM/bin/../lib/gcc/arm-none-eabi/13.1.0/../../../../arm-none-eabi/lib/thumb\libg.a(libc_a-memcpy-stub.o)
 .comment       0x00000046       0x24 C:/devkitPro/devkitARM/bin/../lib/gcc/arm-none-eabi/13.1.0/../../../../arm-none-eabi/lib/thumb\libg.a(libc_a-impure.o)
 .comment       0x00000046       0x24 C:/devkitPro/devkitARM/bin/../lib/gcc/arm-none-eabi/13.1.0/../../../../arm-none-eabi/lib/thumb\libg.a(libc_a-init.o)
 .comment       0x00000046       0x24 C:/devkitPro/devkitARM/bin/../lib/gcc/arm-none-eabi/13.1.0/../../../../arm-none-eabi/lib/thumb\libg.a(libc_a-errno.o)
 .comment       0x00000046       0x24 C:/devkitPro/devkitARM/bin/../lib/gcc/arm-none-eabi/13.1.0/../../../../arm-none-eabi/lib/thumb\libg.a(libc_a-strtoll.o)
 .comment       0x00000046       0x24 C:/devkitPro/devkitARM/bin/../lib/gcc/arm-none-eabi/13.1.0/../../../../arm-none-eabi/lib/thumb\libg.a(libc_a-strtoull.o)
 .comment       0x00000046       0x24 C:/devkitPro/devkitARM/bin/../lib/gcc/arm-none-eabi/13.1.0/../../../../arm-none-eabi/lib/thumb\libg.a(libc_a-iswspace.o)
 .comment       0x00000046       0x24 C:/devkitPro/devkitARM/bin/../lib/gcc/arm-none-eabi/13.1.0/../../../../arm-none-eabi/lib/thumb\libg.a(libc_a-mbrtowc.o)
 .comment       0x00000046       0x24 C:/devkitPro/devkitARM/bin/../lib/gcc/arm-none-eabi/13.1.0/../../../../arm-none-eabi/lib/thumb\libg.a(libc_a-makebuf.o)
 .comment       0x00000046       0x24 C:/devkitPro/devkitARM/bin/../lib/gcc/arm-none-eabi/13.1.0/../../../../arm-none-eabi/lib/thumb\libg.a(libc_a-iswspace_l.o)
 .comment       0x00000046       0x24 C:/devkitPro/devkitARM/bin/../lib/gcc/arm-none-eabi/13.1.0/../../../../arm-none-eabi/lib/thumb\libg.a(libc_a-ctype_.o)
 .comment       0x00000046       0x24 C:/devkitPro/devkitARM/bin/../lib/gcc/arm-none-eabi/13.1.0/../../../../arm-none-eabi/lib/thumb\libg.a(libc_a-sccl.o)
 .comment       0x00000046       0x24 C:/devkitPro/devkitARM/bin/../lib/gcc/arm-none-eabi/13.1.0/../../../../arm-none-eabi/lib/thumb\libg.a(libc_a-ungetc.o)
 .comment       0x00000046       0x24 C:/devkitPro/devkitARM/bin/../lib/gcc/arm-none-eabi/13.1.0/../../../../arm-none-eabi/lib/thumb\libg.a(libc_a-stdio.o)
 .comment       0x00000046       0x24 C:/devkitPro/devkitARM/bin/../lib/gcc/arm-none-eabi/13.1.0/../../../../arm-none-eabi/lib/thumb\libg.a(libc_a-categories.o)
 .comment       0x00000046       0x24 C:/devkitPro/devkitARM/bin/../lib/gcc/arm-none-eabi/13.1.0/../../../../arm-none-eabi/lib/thumb\libg.a(libc_a-vfiprintf.o)
 .comment       0x00000046       0x24 C:/devkitPro/devkitARM/bin/../lib/gcc/arm-none-eabi/13.1.0/../../../../arm-none-eabi/lib/thumb\libg.a(libc_a-svfiprintf.o)
 .comment       0x00000046       0x24 C:/devkitPro/devkitARM/bin/../lib/gcc/arm-none-eabi/13.1.0/../../../../arm-none-eabi/lib/thumb\libg.a(libc_a-wsetup.o)
 .comment       0x00000046       0x24 C:/devkitPro/devkitARM/bin/../lib/gcc/arm-none-eabi/13.1.0/../../../../arm-none-eabi/lib/thumb\libg.a(libc_a-fclose.o)
 .comment       0x00000046       0x24 C:/devkitPro/devkitARM/bin/../lib/gcc/arm-none-eabi/13.1.0/../../../../arm-none-eabi/lib/thumb\libg.a(libc_a-memmove.o)
 .comment       0x00000046       0x24 C:/devkitPro/devkitARM/bin/../lib/gcc/arm-none-eabi/13.1.0/../../../../arm-none-eabi/lib/thumb\libg.a(libc_a-fvwrite.o)
 .comment       0x00000046       0x24 C:/devkitPro/devkitARM/bin/../lib/gcc/arm-none-eabi/13.1.0/../../../../arm-none-eabi/lib/thumb\libg.a(libc_a-reallocr.o)
 .comment       0x00000046       0x24 C:/devkitPro/devkitARM/bin/../lib/gcc/arm-none-eabi/13.1.0/../../../../arm-none-eabi/lib/thumb\libg.a(libc_a-strncpy.o)
 .comment       0x00000046       0x24 C:/devkitPro/devkitARM/bin/../lib/gcc/arm-none-eabi/13.1.0/../../../../arm-none-eabi/lib/thumb\libg.a(libc_a-mbtowc_r.o)
 .comment       0x00000046       0x24 C:/devkitPro/devkitARM/bin/../lib/gcc/arm-none-eabi/13.1.0/../../../../arm-none-eabi/lib/thumb\libg.a(libc_a-localeconv.o)
 .comment       0x00000046       0x24 C:/devkitPro/devkitARM/bin/../lib/gcc/arm-none-eabi/13.1.0/../../../../arm-none-eabi/lib/thumb\libg.a(libc_a-memchr-stub.o)
 .comment       0x00000046       0x24 C:/devkitPro/devkitARM/bin/../lib/gcc/arm-none-eabi/13.1.0/../../../../arm-none-eabi/lib/thumb\libg.a(libc_a-wcrtomb.o)
 .comment       0x00000046       0x24 C:/devkitPro/devkitARM/bin/../lib/gcc/arm-none-eabi/13.1.0/../../../../arm-none-eabi/lib/thumb\libg.a(libc_a-wcsrtombs.o)
 .comment       0x00000046       0x24 C:/devkitPro/devkitARM/bin/../lib/gcc/arm-none-eabi/13.1.0/../../../../arm-none-eabi/lib/thumb\libg.a(libc_a-wcsnrtombs.o)
 .comment       0x00000046       0x24 C:/devkitPro/devkitARM/bin/../lib/gcc/arm-none-eabi/13.1.0/../../../../arm-none-eabi/lib/thumb\libsysbase.a(libsysbase_libsysbase_a-_exit.o)
 .comment       0x00000046       0x24 C:/devkitPro/devkitARM/bin/../lib/gcc/arm-none-eabi/13.1.0/../../../../arm-none-eabi/lib/thumb\libsysbase.a(libsysbase_libsysbase_a-build_argv.o)
 .comment       0x00000046       0x24 C:/devkitPro/devkitARM/bin/../lib/gcc/arm-none-eabi/13.1.0/../../../../arm-none-eabi/lib/thumb\libsysbase.a(libsysbase_libsysbase_a-fstat.o)
 .comment       0x00000046       0x24 C:/devkitPro/devkitARM/bin/../lib/gcc/arm-none-eabi/13.1.0/../../../../arm-none-eabi/lib/thumb\libsysbase.a(libsysbase_libsysbase_a-getpid.o)
 .comment       0x00000046       0x24 C:/devkitPro/devkitARM/bin/../lib/gcc/arm-none-eabi/13.1.0/../../../../arm-none-eabi/lib/thumb\libsysbase.a(libsysbase_libsysbase_a-getreent.o)
 .comment       0x00000046       0x24 C:/devkitPro/devkitARM/bin/../lib/gcc/arm-none-eabi/13.1.0/../../../../arm-none-eabi/lib/thumb\libsysbase.a(libsysbase_libsysbase_a-handle_manager.o)
 .comment       0x00000046       0x24 C:/devkitPro/devkitARM/bin/../lib/gcc/arm-none-eabi/13.1.0/../../../../arm-none-eabi/lib/thumb\libsysbase.a(libsysbase_libsysbase_a-iosupport.o)
 .comment       0x00000046       0x24 C:/devkitPro/devkitARM/bin/../lib/gcc/arm-none-eabi/13.1.0/../../../../arm-none-eabi/lib/thumb\libsysbase.a(libsysbase_libsysbase_a-isatty.o)
 .comment       0x00000046       0x24 C:/devkitPro/devkitARM/bin/../lib/gcc/arm-none-eabi/13.1.0/../../../../arm-none-eabi/lib/thumb\libsysbase.a(libsysbase_libsysbase_a-kill.o)
 .comment       0x00000046       0x24 C:/devkitPro/devkitARM/bin/../lib/gcc/arm-none-eabi/13.1.0/../../../../arm-none-eabi/lib/thumb\libsysbase.a(libsysbase_libsysbase_a-lseek.o)
 .comment       0x00000046       0x24 C:/devkitPro/devkitARM/bin/../lib/gcc/arm-none-eabi/13.1.0/../../../../arm-none-eabi/lib/thumb\libsysbase.a(libsysbase_libsysbase_a-malloc_vars.o)
 .comment       0x00000046       0x24 C:/devkitPro/devkitARM/bin/../lib/gcc/arm-none-eabi/13.1.0/../../../../arm-none-eabi/lib/thumb\libsysbase.a(libsysbase_libsysbase_a-read.o)
 .comment       0x00000046       0x24 C:/devkitPro/devkitARM/bin/../lib/gcc/arm-none-eabi/13.1.0/../../../../arm-none-eabi/lib/thumb\libsysbase.a(libsysbase_libsysbase_a-sbrk.o)
 .comment       0x00000046       0x24 C:/devkitPro/devkitARM/bin/../lib/gcc/arm-none-eabi/13.1.0/../../../../arm-none-eabi/lib/thumb\libsysbase.a(libsysbase_libsysbase_a-syscall_support.o)
 .comment       0x00000046       0x24 C:/devkitPro/devkitARM/bin/../lib/gcc/arm-none-eabi/13.1.0/../../../../arm-none-eabi/lib/thumb\libsysbase.a(libsysbase_libsysbase_a-write.o)
 .comment       0x00000046       0x24 C:/devkitPro/devkitARM/bin/../lib/gcc/arm-none-eabi/13.1.0/thumb\libgcc.a(_muldi3.o)
 .comment       0x00000046       0x24 C:/devkitPro/devkitARM/bin/../lib/gcc/arm-none-eabi/13.1.0/thumb\libgcc.a(_udivmoddi4.o)
 .comment       0x00000046       0x24 C:/devkitPro/devkitARM/bin/../lib/gcc/arm-none-eabi/13.1.0/thumb/crtend.o

.ARM.attributes
                0x00000000       0x2d
 .ARM.attributes
                0x00000000       0x21 C:/devkitPro/devkitARM/bin/../lib/gcc/arm-none-eabi/13.1.0/../../../../arm-none-eabi/lib/thumb/ds_arm9_crt0.o
 .ARM.attributes
                0x00000021       0x1c C:/devkitPro/devkitARM/bin/../lib/gcc/arm-none-eabi/13.1.0/thumb/crti.o
 .ARM.attributes
                0x0000003d       0x2a C:/devkitPro/devkitARM/bin/../lib/gcc/arm-none-eabi/13.1.0/thumb/crtbegin.o
 .ARM.attributes
                0x00000067       0x1b ball.o
 .ARM.attributes
                0x00000082       0x1b dandelion.o
 .ARM.attributes
                0x0000009d       0x1b penguin.o
 .ARM.attributes
                0x000000b8       0x1b puffle.o
 .ARM.attributes
                0x000000d3       0x1b rose.o
 .ARM.attributes
                0x000000ee       0x27 arm9.o
 .ARM.attributes
                0x00000115       0x2b C:/devkitPro/libnds/lib\libnds9.a(background.o)
 .ARM.attributes
                0x00000140       0x2b C:/devkitPro/libnds/lib\libnds9.a(trig.o)
 .ARM.attributes
                0x0000016b       0x2b C:/devkitPro/libnds/lib\libnds9.a(touch.o)
 .ARM.attributes
                0x00000196       0x2b C:/devkitPro/libnds/lib\libnds9.a(sprite_alloc.o)
 .ARM.attributes
                0x000001c1       0x2b C:/devkitPro/libnds/lib\libnds9.a(system.o)
 .ARM.attributes
                0x000001ec       0x2b C:/devkitPro/libnds/lib\libnds9.a(console.o)
 .ARM.attributes
                0x00000217       0x2b C:/devkitPro/libnds/lib\libnds9.a(sprite.o)
 .ARM.attributes
                0x00000242       0x2b C:/devkitPro/libnds/lib\libnds9.a(keys.o)
 .ARM.attributes
                0x0000026d       0x2b C:/devkitPro/libnds/lib\libnds9.a(initSystem.o)
 .ARM.attributes
                0x00000298       0x2b C:/devkitPro/libnds/lib\libnds9.a(securearea.o)
 .ARM.attributes
                0x000002c3       0x2b C:/devkitPro/libnds/lib\libnds9.a(interrupts.o)
 .ARM.attributes
                0x000002ee       0x2b C:/devkitPro/libnds/lib\libnds9.a(libnds_exit.arm.o)
 .ARM.attributes
                0x00000319       0x2b C:/devkitPro/libnds/lib\libnds9.a(fifosystem.o)
 .ARM.attributes
                0x00000344       0x1b C:/devkitPro/libnds/lib\libnds9.a(dcache.o)
 .ARM.attributes
                0x0000035f       0x21 C:/devkitPro/libnds/lib\libnds9.a(mpu_setup.o)
 .ARM.attributes
                0x00000380       0x21 C:/devkitPro/libnds/lib\libnds9.a(IntrWait.o)
 .ARM.attributes
                0x000003a1       0x21 C:/devkitPro/libnds/lib\libnds9.a(cpu_clock.o)
 .ARM.attributes
                0x000003c2       0x1b C:/devkitPro/libnds/lib\libnds9.a(interruptDispatcher.o)
 .ARM.attributes
                0x000003dd       0x1b C:/devkitPro/libnds/lib\libnds9.a(biosCalls.o)
 .ARM.attributes
                0x000003f8       0x21 C:/devkitPro/libnds/lib\libnds9.a(swiSoftReset.o)
 .ARM.attributes
                0x00000419       0x14 C:/devkitPro/libnds/lib\libnds9.a(default_font.bin.o)
 .ARM.attributes
                0x0000042d       0x2b C:/devkitPro/libnds/lib\libnds9.a(video.o)
 .ARM.attributes
                0x00000458       0x27 C:\devkitPro\libcamera/lib\libcamera9.a(cam9.o)
 .ARM.attributes
                0x0000047f       0x27 C:\devkitPro\libcamera/lib\libcamera9.a(cam_dma.o)
 .ARM.attributes
                0x000004a6       0x1c C:/devkitPro/devkitARM/bin/../lib/gcc/arm-none-eabi/13.1.0/thumb\libgcc.a(_divsi3.o)
 .ARM.attributes
                0x000004c2       0x1c C:/devkitPro/devkitARM/bin/../lib/gcc/arm-none-eabi/13.1.0/thumb\libgcc.a(_dvmd_tls.o)
 .ARM.attributes
                0x000004de       0x2a C:/devkitPro/devkitARM/bin/../lib/gcc/arm-none-eabi/13.1.0/thumb\libgcc.a(unwind-arm.o)
 .ARM.attributes
                0x00000508       0x1c C:/devkitPro/devkitARM/bin/../lib/gcc/arm-none-eabi/13.1.0/thumb\libgcc.a(libunwind.o)
 .ARM.attributes
                0x00000524       0x2a C:/devkitPro/devkitARM/bin/../lib/gcc/arm-none-eabi/13.1.0/thumb\libgcc.a(pr-support.o)
 .ARM.attributes
                0x0000054e       0x2a C:/devkitPro/devkitARM/bin/../lib/gcc/arm-none-eabi/13.1.0/../../../../arm-none-eabi/lib/thumb\libg.a(libc_a-abort.o)
 .ARM.attributes
                0x00000578       0x2a C:/devkitPro/devkitARM/bin/../lib/gcc/arm-none-eabi/13.1.0/../../../../arm-none-eabi/lib/thumb\libg.a(libc_a-siscanf.o)
 .ARM.attributes
                0x000005a2       0x2a C:/devkitPro/devkitARM/bin/../lib/gcc/arm-none-eabi/13.1.0/../../../../arm-none-eabi/lib/thumb\libg.a(libc_a-setvbuf.o)
 .ARM.attributes
                0x000005cc       0x2a C:/devkitPro/devkitARM/bin/../lib/gcc/arm-none-eabi/13.1.0/../../../../arm-none-eabi/lib/thumb\libg.a(libc_a-svfiscanf.o)
 .ARM.attributes
                0x000005f6       0x2a C:/devkitPro/devkitARM/bin/../lib/gcc/arm-none-eabi/13.1.0/../../../../arm-none-eabi/lib/thumb\libg.a(libc_a-freer.o)
 .ARM.attributes
                0x00000620       0x2a C:/devkitPro/devkitARM/bin/../lib/gcc/arm-none-eabi/13.1.0/../../../../arm-none-eabi/lib/thumb\libg.a(libc_a-iprintf.o)
 .ARM.attributes
                0x0000064a       0x2a C:/devkitPro/devkitARM/bin/../lib/gcc/arm-none-eabi/13.1.0/../../../../arm-none-eabi/lib/thumb\libg.a(libc_a-malloc.o)
 .ARM.attributes
                0x00000674       0x2a C:/devkitPro/devkitARM/bin/../lib/gcc/arm-none-eabi/13.1.0/../../../../arm-none-eabi/lib/thumb\libg.a(libc_a-mallocr.o)
 .ARM.attributes
                0x0000069e       0x2a C:/devkitPro/devkitARM/bin/../lib/gcc/arm-none-eabi/13.1.0/../../../../arm-none-eabi/lib/thumb\libg.a(libc_a-memset.o)
 .ARM.attributes
                0x000006c8       0x2a C:/devkitPro/devkitARM/bin/../lib/gcc/arm-none-eabi/13.1.0/../../../../arm-none-eabi/lib/thumb\libg.a(libc_a-mlock.o)
 .ARM.attributes
                0x000006f2       0x2a C:/devkitPro/devkitARM/bin/../lib/gcc/arm-none-eabi/13.1.0/../../../../arm-none-eabi/lib/thumb\libg.a(libc_a-signal.o)
 .ARM.attributes
                0x0000071c       0x2a C:/devkitPro/devkitARM/bin/../lib/gcc/arm-none-eabi/13.1.0/../../../../arm-none-eabi/lib/thumb\libg.a(libc_a-strlen.o)
 .ARM.attributes
                0x00000746       0x2a C:/devkitPro/devkitARM/bin/../lib/gcc/arm-none-eabi/13.1.0/../../../../arm-none-eabi/lib/thumb\libg.a(libc_a-fflush.o)
 .ARM.attributes
                0x00000770       0x2a C:/devkitPro/devkitARM/bin/../lib/gcc/arm-none-eabi/13.1.0/../../../../arm-none-eabi/lib/thumb\libg.a(libc_a-fwalk.o)
 .ARM.attributes
                0x0000079a       0x2a C:/devkitPro/devkitARM/bin/../lib/gcc/arm-none-eabi/13.1.0/../../../../arm-none-eabi/lib/thumb\libg.a(libc_a-fwrite.o)
 .ARM.attributes
                0x000007c4       0x2a C:/devkitPro/devkitARM/bin/../lib/gcc/arm-none-eabi/13.1.0/../../../../arm-none-eabi/lib/thumb\libg.a(libc_a-findfp.o)
 .ARM.attributes
                0x000007ee       0x2a C:/devkitPro/devkitARM/bin/../lib/gcc/arm-none-eabi/13.1.0/../../../../arm-none-eabi/lib/thumb\libg.a(libc_a-strtol.o)
 .ARM.attributes
                0x00000818       0x2a C:/devkitPro/devkitARM/bin/../lib/gcc/arm-none-eabi/13.1.0/../../../../arm-none-eabi/lib/thumb\libg.a(libc_a-realloc.o)
 .ARM.attributes
                0x00000842       0x2a C:/devkitPro/devkitARM/bin/../lib/gcc/arm-none-eabi/13.1.0/../../../../arm-none-eabi/lib/thumb\libg.a(libc_a-strtoul.o)
 .ARM.attributes
                0x0000086c       0x2a C:/devkitPro/devkitARM/bin/../lib/gcc/arm-none-eabi/13.1.0/../../../../arm-none-eabi/lib/thumb\libg.a(libc_a-locale.o)
 .ARM.attributes
                0x00000896       0x2a C:/devkitPro/devkitARM/bin/../lib/gcc/arm-none-eabi/13.1.0/../../../../arm-none-eabi/lib/thumb\libg.a(libc_a-wctomb_r.o)
 .ARM.attributes
                0x000008c0       0x2a C:/devkitPro/devkitARM/bin/../lib/gcc/arm-none-eabi/13.1.0/../../../../arm-none-eabi/lib/thumb\libg.a(libc_a-memcpy-stub.o)
 .ARM.attributes
                0x000008ea       0x2a C:/devkitPro/devkitARM/bin/../lib/gcc/arm-none-eabi/13.1.0/../../../../arm-none-eabi/lib/thumb\libg.a(libc_a-impure.o)
 .ARM.attributes
                0x00000914       0x2a C:/devkitPro/devkitARM/bin/../lib/gcc/arm-none-eabi/13.1.0/../../../../arm-none-eabi/lib/thumb\libg.a(libc_a-init.o)
 .ARM.attributes
                0x0000093e       0x2a C:/devkitPro/devkitARM/bin/../lib/gcc/arm-none-eabi/13.1.0/../../../../arm-none-eabi/lib/thumb\libg.a(libc_a-errno.o)
 .ARM.attributes
                0x00000968       0x2a C:/devkitPro/devkitARM/bin/../lib/gcc/arm-none-eabi/13.1.0/../../../../arm-none-eabi/lib/thumb\libg.a(libc_a-strtoll.o)
 .ARM.attributes
                0x00000992       0x2a C:/devkitPro/devkitARM/bin/../lib/gcc/arm-none-eabi/13.1.0/../../../../arm-none-eabi/lib/thumb\libg.a(libc_a-strtoull.o)
 .ARM.attributes
                0x000009bc       0x2a C:/devkitPro/devkitARM/bin/../lib/gcc/arm-none-eabi/13.1.0/../../../../arm-none-eabi/lib/thumb\libg.a(libc_a-iswspace.o)
 .ARM.attributes
                0x000009e6       0x2a C:/devkitPro/devkitARM/bin/../lib/gcc/arm-none-eabi/13.1.0/../../../../arm-none-eabi/lib/thumb\libg.a(libc_a-mbrtowc.o)
 .ARM.attributes
                0x00000a10       0x2a C:/devkitPro/devkitARM/bin/../lib/gcc/arm-none-eabi/13.1.0/../../../../arm-none-eabi/lib/thumb\libg.a(libc_a-makebuf.o)
 .ARM.attributes
                0x00000a3a       0x2a C:/devkitPro/devkitARM/bin/../lib/gcc/arm-none-eabi/13.1.0/../../../../arm-none-eabi/lib/thumb\libg.a(libc_a-iswspace_l.o)
 .ARM.attributes
                0x00000a64       0x2a C:/devkitPro/devkitARM/bin/../lib/gcc/arm-none-eabi/13.1.0/../../../../arm-none-eabi/lib/thumb\libg.a(libc_a-ctype_.o)
 .ARM.attributes
                0x00000a8e       0x2a C:/devkitPro/devkitARM/bin/../lib/gcc/arm-none-eabi/13.1.0/../../../../arm-none-eabi/lib/thumb\libg.a(libc_a-sccl.o)
 .ARM.attributes
                0x00000ab8       0x2a C:/devkitPro/devkitARM/bin/../lib/gcc/arm-none-eabi/13.1.0/../../../../arm-none-eabi/lib/thumb\libg.a(libc_a-ungetc.o)
 .ARM.attributes
                0x00000ae2       0x2a C:/devkitPro/devkitARM/bin/../lib/gcc/arm-none-eabi/13.1.0/../../../../arm-none-eabi/lib/thumb\libg.a(libc_a-stdio.o)
 .ARM.attributes
                0x00000b0c       0x2a C:/devkitPro/devkitARM/bin/../lib/gcc/arm-none-eabi/13.1.0/../../../../arm-none-eabi/lib/thumb\libg.a(libc_a-categories.o)
 .ARM.attributes
                0x00000b36       0x2a C:/devkitPro/devkitARM/bin/../lib/gcc/arm-none-eabi/13.1.0/../../../../arm-none-eabi/lib/thumb\libg.a(libc_a-vfiprintf.o)
 .ARM.attributes
                0x00000b60       0x2a C:/devkitPro/devkitARM/bin/../lib/gcc/arm-none-eabi/13.1.0/../../../../arm-none-eabi/lib/thumb\libg.a(libc_a-svfiprintf.o)