Archive member included to satisfy reference by file (symbol)

C:/devkitPro/libnds/lib\libnds9.a(background.o)
                              arm9.o (bgState)
C:/devkitPro/libnds/lib\libnds9.a(trig.o)
                              C:/devkitPro/libnds/lib\libnds9.a(background.o) (sinLerp)
C:/devkitPro/libnds/lib\libnds9.a(touch.o)
                              arm9.o (touchRead)
C:/devkitPro/libnds/lib\libnds9.a(sprite_alloc.o)
                              arm9.o (oamAllocateGfx)
C:/devkitPro/libnds/lib\libnds9.a(system.o)
                              arm9.o (enableSlot1)
C:/devkitPro/libnds/lib\libnds9.a(console.o)
                              arm9.o (consoleDemoInit)
C:/devkitPro/libnds/lib\libnds9.a(sprite.o)
                              arm9.o (oamInit)
C:/devkitPro/libnds/lib\libnds9.a(keys.o)
                              arm9.o (scanKeys)
C:/devkitPro/libnds/lib\libnds9.a(initSystem.o)
                              C:/devkitPro/devkitARM/bin/../lib/gcc/arm-none-eabi/14.1.0/../../../../arm-none-eabi/lib/thumb/ds_arm9_crt0.o (initSystem)
C:/devkitPro/libnds/lib\libnds9.a(securearea.o)
                              C:/devkitPro/devkitARM/bin/../lib/gcc/arm-none-eabi/14.1.0/../../../../arm-none-eabi/lib/thumb/ds_arm9_crt0.o (__secure_area__)
C:/devkitPro/libnds/lib\libnds9.a(interrupts.o)
                              C:/devkitPro/libnds/lib\libnds9.a(initSystem.o) (irqInit)
C:/devkitPro/libnds/lib\libnds9.a(libnds_exit.arm.o)
                              C:/devkitPro/devkitARM/bin/../lib/gcc/arm-none-eabi/14.1.0/../../../../arm-none-eabi/lib/thumb/ds_arm9_crt0.o (__libnds_exit)
C:/devkitPro/libnds/lib\libnds9.a(fifosystem.o)
                              C:/devkitPro/libnds/lib\libnds9.a(initSystem.o) (fifoSetValue32Handler)
C:/devkitPro/libnds/lib\libnds9.a(dcache.o)
                              C:/devkitPro/libnds/lib\libnds9.a(sprite.o) (DC_FlushRange)
C:/devkitPro/libnds/lib\libnds9.a(mpu_setup.o)
                              C:/devkitPro/devkitARM/bin/../lib/gcc/arm-none-eabi/14.1.0/../../../../arm-none-eabi/lib/thumb/ds_arm9_crt0.o (__libnds_mpu_setup)
C:/devkitPro/libnds/lib\libnds9.a(IntrWait.o)
                              arm9.o (swiWaitForVBlank)
C:/devkitPro/libnds/lib\libnds9.a(cpu_clock.o)
                              C:/devkitPro/libnds/lib\libnds9.a(initSystem.o) (setCpuClock)
C:/devkitPro/libnds/lib\libnds9.a(interruptDispatcher.o)
                              C:/devkitPro/libnds/lib\libnds9.a(interrupts.o) (IntrMain)
C:/devkitPro/libnds/lib\libnds9.a(biosCalls.o)
                              C:/devkitPro/libnds/lib\libnds9.a(system.o) (swiDelay)
C:/devkitPro/libnds/lib\libnds9.a(debugprint.o)
                              C:/devkitPro/libnds/lib\libnds9.a(console.o) (nocashWrite)
C:/devkitPro/libnds/lib\libnds9.a(swiSoftReset.o)
                              C:/devkitPro/libnds/lib\libnds9.a(fifosystem.o) (swiSoftReset)
C:/devkitPro/libnds/lib\libnds9.a(default_font.bin.o)
                              C:/devkitPro/libnds/lib\libnds9.a(console.o) (default_font_bin)
C:/devkitPro/libnds/lib\libnds9.a(video.o)
                              C:/devkitPro/libnds/lib\libnds9.a(initSystem.o) (vramDefault)
C:\devkitPro\libcamera/lib\libcamera9.a(cam9.o)
                              arm9.o (camInit)
C:\devkitPro\libcamera/lib\libcamera9.a(cam_dma.o)
                              C:\devkitPro\libcamera/lib\libcamera9.a(cam9.o) (camDMAStart)
C:/devkitPro/devkitARM/bin/../lib/gcc/arm-none-eabi/14.1.0/thumb\libgcc.a(_divsi3.o)
                              C:/devkitPro/libnds/lib\libnds9.a(console.o) (__aeabi_idivmod)
C:/devkitPro/devkitARM/bin/../lib/gcc/arm-none-eabi/14.1.0/thumb\libgcc.a(_dvmd_tls.o)
                              C:/devkitPro/devkitARM/bin/../lib/gcc/arm-none-eabi/14.1.0/thumb\libgcc.a(_divsi3.o) (__aeabi_idiv0)
C:/devkitPro/devkitARM/bin/../lib/gcc/arm-none-eabi/14.1.0/thumb\libgcc.a(_sync_none.o)
                              (__sync_synchronize_none)
C:/devkitPro/devkitARM/bin/../lib/gcc/arm-none-eabi/14.1.0/thumb\libgcc.a(unwind-arm.o)
                              arm9.o (__aeabi_unwind_cpp_pr1)
C:/devkitPro/devkitARM/bin/../lib/gcc/arm-none-eabi/14.1.0/thumb\libgcc.a(libunwind.o)
                              C:/devkitPro/devkitARM/bin/../lib/gcc/arm-none-eabi/14.1.0/thumb\libgcc.a(unwind-arm.o) (restore_core_regs)
C:/devkitPro/devkitARM/bin/../lib/gcc/arm-none-eabi/14.1.0/thumb\libgcc.a(pr-support.o)
                              C:/devkitPro/devkitARM/bin/../lib/gcc/arm-none-eabi/14.1.0/thumb\libgcc.a(unwind-arm.o) (__gnu_unwind_execute)
C:/devkitPro/devkitARM/bin/../lib/gcc/arm-none-eabi/14.1.0/../../../../arm-none-eabi/lib/thumb\libg.a(libc_a-fwrite.o)
                              C:\devkitPro\libcamera/lib\libcamera9.a(cam9.o) (fwrite)
C:/devkitPro/devkitARM/bin/../lib/gcc/arm-none-eabi/14.1.0/../../../../arm-none-eabi/lib/thumb\libg.a(libc_a-fvwrite.o)
[...]
Memory Configuration

Name             Origin             Length             Attributes
ewram            0x02000000         0x00380000
dtcm             0x02ff0000         0x00004000
vectors          0x01000000         0x00000100
itcm             0x01000100         0x00007f00
*default*        0x00000000         0xffffffff

Linker script and memory map

                0x00000000                        __sync_synchronize = __sync_synchronize_none
                0x02380000                        __ewram_end = (ORIGIN (ewram) + LENGTH (ewram))
                0x02380000                        __eheap_end = (ORIGIN (ewram) + LENGTH (ewram))
                0x02ff4000                        __dtcm_top = (ORIGIN (dtcm) + LENGTH (dtcm))
                0x02ff3ff8                        __irq_flags = (__dtcm_top - 0x8)
                0x02ff3ffc                        __irq_vector = (__dtcm_top - 0x4)
                0x02ff3f00                        __sp_svc = (__dtcm_top - 0x100)
                0x02ff3e00                        __sp_irq = (__sp_svc - 0x100)
                0x02ff3d00                        __sp_usr = (__sp_irq - 0x100)

.secure         0x02000000      0x800
 *(.secure)
 .secure        0x02000000      0x800 C:/devkitPro/libnds/lib\libnds9.a(securearea.o)
                0x02000000                __secure_area__

.crt0           0x02000800      0x300
                0x02000800                        __text_start = .
 *(.crt0)
 .crt0          0x02000800      0x300 C:/devkitPro/devkitARM/bin/../lib/gcc/arm-none-eabi/14.1.0/../../../../arm-none-eabi/lib/thumb/ds_arm9_crt0.o
                0x02000800                _start
                0x02000b00                        . = ALIGN (0x4)

.plt
 *(.plt)

.init           0x02000b00        0xc
 *(SORT_NONE(.init))
 .init          0x02000b00        0x4 C:/devkitPro/devkitARM/bin/../lib/gcc/arm-none-eabi/14.1.0/thumb/crti.o
                0x02000b00                _init
 .init          0x02000b04        0x8 C:/devkitPro/devkitARM/bin/../lib/gcc/arm-none-eabi/14.1.0/thumb/crtn.o

.text           0x02000b10     0xb3e0
 *(EXCLUDE_FILE(*.twl* *.vectors* *.itcm*) .text)
 .text          0x02000b10      0x1fc C:\devkitPro\libcamera/lib\libcamera9.a(cam9.o)
                0x02000b10                waitForARM7
                0x02000b38                camInit
                0x02000c74                camFetch
                0x02000cac                camStop
                0x02000cdc                camSwitch
 .text          0x02000d0c       0x50 C:\devkitPro\libcamera/lib\libcamera9.a(cam_dma.o)
                0x02000d0c                camDMAStart
 .text          0x02000d5c      0x150 C:/devkitPro/devkitARM/bin/../lib/gcc/arm-none-eabi/14.1.0/thumb\libgcc.a(_divsi3.o)
                0x02000d5c                __divsi3
                0x02000d5c                __aeabi_idiv
                0x02000e8c                __aeabi_idivmod
 .text          0x02000eac        0x4 C:/devkitPro/devkitARM/bin/../lib/gcc/arm-none-eabi/14.1.0/thumb\libgcc.a(_dvmd_tls.o)
                0x02000eac                __aeabi_idiv0
                0x02000eac                __aeabi_ldiv0
 .text          0x02000eb0      0x1d8 C:/devkitPro/devkitARM/bin/../lib/gcc/arm-none-eabi/14.1.0/thumb\libgcc.a(libunwind.o)
                0x02000eb0                __restore_core_regs
                0x02000eb0                restore_core_regs
                0x02000ecc                __gnu_Unwind_Restore_VFP
                0x02000ed4                __gnu_Unwind_Save_VFP
                0x02000edc                __gnu_Unwind_Restore_VFP_D
                0x02000ee4                __gnu_Unwind_Save_VFP_D
                0x02000eec                __gnu_Unwind_Restore_VFP_D_16_to_31
                0x02000ef4                __gnu_Unwind_Save_VFP_D_16_to_31
                0x02000efc                __gnu_Unwind_Restore_WMMXD
                0x02000f40                __gnu_Unwind_Save_WMMXD
                0x02000f84                __gnu_Unwind_Restore_WMMXC
                0x02000f98                __gnu_Unwind_Save_WMMXC
                0x02000fac                ___Unwind_RaiseException
                0x02000fac                _Unwind_RaiseException
                0x02000fd8                _Unwind_Resume
                0x02000fd8                ___Unwind_Resume
                0x02001004                _Unwind_Resume_or_Rethrow
                0x02001004                ___Unwind_Resume_or_Rethrow
                0x02001030                _Unwind_ForcedUnwind
                0x02001030                ___Unwind_ForcedUnwind
                0x0200105c                ___Unwind_Backtrace
                0x0200105c                _Unwind_Backtrace
 .text          0x02001088       0x14 C:/devkitPro/devkitARM/bin/../lib/gcc/arm-none-eabi/14.1.0/thumb\libgcc.a(_thumb1_case_uqi.o)
                0x02001088                __gnu_thumb1_case_uqi
 .text          0x0200109c       0x14 C:/devkitPro/devkitARM/bin/../lib/gcc/arm-none-eabi/14.1.0/thumb\libgcc.a(_thumb1_case_uhi.o)
                0x0200109c                __gnu_thumb1_case_uhi
 .text          0x020010b0      0x11c C:/devkitPro/devkitARM/bin/../lib/gcc/arm-none-eabi/14.1.0/thumb\libgcc.a(_udivsi3.o)
                0x020010b0                __aeabi_uidiv
                0x020010b0                __udivsi3
                0x020011ac                __aeabi_uidivmod
 .text          0x020011cc       0x3c C:/devkitPro/devkitARM/bin/../lib/gcc/arm-none-eabi/14.1.0/thumb\libgcc.a(_aeabi_uldivmod.o)
                0x020011cc                __aeabi_uldivmod
 .text          0x02001208       0x28 C:/devkitPro/devkitARM/bin/../lib/gcc/arm-none-eabi/14.1.0/thumb\libgcc.a(_clzdi2.o)
                0x02001208                __clzdi2
 .text          0x02001230       0x48 C:/devkitPro/devkitARM/bin/../lib/gcc/arm-none-eabi/14.1.0/thumb\libgcc.a(_clzsi2.o)
                0x02001230                __clzsi2
 *(EXCLUDE_FILE(*.twl* *.vectors* *.itcm*) .stub)
 *(EXCLUDE_FILE(*.twl* *.vectors* *.itcm*) .text.*)
 .text.__do_global_dtors_aux
                0x02001278       0x2c C:/devkitPro/devkitARM/bin/../lib/gcc/arm-none-eabi/14.1.0/thumb/crtbegin.o
 .text.frame_dummy
                0x020012a4       0x24 C:/devkitPro/devkitARM/bin/../lib/gcc/arm-none-eabi/14.1.0/thumb/crtbegin.o
 .text.startup  0x020012c8      0x7ec arm9.o
                0x020012c8                main
 .text.checkIfText
                0x02001ab4       0x5c C:/devkitPro/libnds/lib\libnds9.a(background.o)
                0x02001ab4                checkIfText
 .text.bgUpdate
                0x02001b10       0xf4 C:/devkitPro/libnds/lib\libnds9.a(background.o)
                0x02001b10                bgUpdate
 .text.bgInit_call
                0x02001c04       0xc4 C:/devkitPro/libnds/lib\libnds9.a(background.o)
                0x02001c04                bgInit_call
 .text.bgInitSub_call
                0x02001cc8       0xcc C:/devkitPro/libnds/lib\libnds9.a(background.o)
                0x02001cc8                bgInitSub_call
 .text.sinLutLookup
                0x02001d94       0x4c C:/devkitPro/libnds/lib\libnds9.a(trig.o)
                0x02001d94                sinLutLookup
 .text.sinLerp  0x02001de0       0x40 C:/devkitPro/libnds/lib\libnds9.a(trig.o)
                0x02001de0                sinLerp
 .text.cosLerp  0x02001e20       0x4c C:/devkitPro/libnds/lib\libnds9.a(trig.o)
                0x02001e20                cosLerp
 .text.touchRead
                0x02001e6c       0x24 C:/devkitPro/libnds/lib\libnds9.a(touch.o)
                0x02001e6c                touchRead
 .text.oamAllocReset
                0x02001e90       0x1c C:/devkitPro/libnds/lib\libnds9.a(sprite_alloc.o)
                0x02001e90                oamAllocReset
 .text.oamAllocateGfx
                0x02001eac      0x50c C:/devkitPro/libnds/lib\libnds9.a(sprite_alloc.o)
                0x02001eac                oamAllocateGfx
 .text.systemValueHandler
                0x020023b8       0x48 C:/devkitPro/libnds/lib\libnds9.a(system.o)
                0x020023b8                systemValueHandler
 .text.systemMsgHandler
                0x02002400       0x60 C:/devkitPro/libnds/lib\libnds9.a(system.o)
                0x02002400                systemMsgHandler
 .text.powerOn  0x02002460       0x2c C:/devkitPro/libnds/lib\libnds9.a(system.o)
                0x02002460                powerOn
 .text.enableSlot1
                0x0200248c       0x1c C:/devkitPro/libnds/lib\libnds9.a(system.o)
                0x0200248c                enableSlot1
 .text.newRow   0x020024a8       0xa8 C:/devkitPro/libnds/lib\libnds9.a(console.o)
 .text.consolePrintChar
                0x02002550       0xe0 C:/devkitPro/libnds/lib\libnds9.a(console.o)
                0x02002550                consolePrintChar
 .text.con_write
                0x02002630      0x36c C:/devkitPro/libnds/lib\libnds9.a(console.o)
                0x02002630                con_write
 .text.consoleLoadFont
                0x0200299c      0x2a0 C:/devkitPro/libnds/lib\libnds9.a(console.o)
                0x0200299c                consoleLoadFont
 .text.consoleInit
                0x02002c3c      0x18c C:/devkitPro/libnds/lib\libnds9.a(console.o)
                0x02002c3c                consoleInit
 .text.consoleDemoInit
                0x02002dc8       0x40 C:/devkitPro/libnds/lib\libnds9.a(console.o)
                0x02002dc8                consoleDemoInit
 .text.oamInit  0x02002e08      0x114 C:/devkitPro/libnds/lib\libnds9.a(sprite.o)
                0x02002e08                oamInit
 .text.oamGetGfxPtr
                0x02002f1c       0x38 C:/devkitPro/libnds/lib\libnds9.a(sprite.o)
                0x02002f1c                oamGetGfxPtr
 .text.oamGfxPtrToOffset
                0x02002f54       0x34 C:/devkitPro/libnds/lib\libnds9.a(sprite.o)
                0x02002f54                oamGfxPtrToOffset
 .text.oamSet   0x02002f88      0x104 C:/devkitPro/libnds/lib\libnds9.a(sprite.o)
                0x02002f88                oamSet
 .text.oamUpdate
                0x0200308c       0x60 C:/devkitPro/libnds/lib\libnds9.a(sprite.o)
                0x0200308c                oamUpdate
 .text.scanKeys
                0x020030ec       0x8c C:/devkitPro/libnds/lib\libnds9.a(keys.o)
                0x020030ec                scanKeys
 .text.keysDown
                0x02003178       0x14 C:/devkitPro/libnds/lib\libnds9.a(keys.o)
                0x02003178                keysDown
 .text.keysUp   0x0200318c       0x18 C:/devkitPro/libnds/lib\libnds9.a(keys.o)
                0x0200318c                keysUp
 .text.__syscall_exit
                0x020031a4        0x8 C:/devkitPro/libnds/lib\libnds9.a(initSystem.o)
                0x020031a4                __syscall_exit
 .text.initSystem
                0x020031ac      0x180 C:/devkitPro/libnds/lib\libnds9.a(initSystem.o)
                0x020031ac                initSystem
 .text.irqDummy
                0x0200332c        0x4 C:/devkitPro/libnds/lib\libnds9.a(interrupts.o)
                0x0200332c                irqDummy
 .text.irqSet   0x02003330       0x6c C:/devkitPro/libnds/lib\libnds9.a(interrupts.o)
                0x02003330                irqSet
 .text.irqInit  0x0200339c       0x50 C:/devkitPro/libnds/lib\libnds9.a(interrupts.o)
                0x0200339c                irqInit
 .text.irqEnable
                0x020033ec       0x64 C:/devkitPro/libnds/lib\libnds9.a(interrupts.o)
                0x020033ec                irqEnable
 .text.systemErrorExit
                0x02003450        0x4 C:/devkitPro/libnds/lib\libnds9.a(libnds_exit.arm.o)
                0x02003450                systemErrorExit
 .text.__libnds_exit
                0x02003454       0x5c C:/devkitPro/libnds/lib\libnds9.a(libnds_exit.arm.o)
                0x02003454                __libnds_exit
 .text.fifo_queueBlock
                0x020034b0       0x44 C:/devkitPro/libnds/lib\libnds9.a(fifosystem.o)
 .text.fifo_waitBlock
                0x020034f4       0x80 C:/devkitPro/libnds/lib\libnds9.a(fifosystem.o)
 .text.fifoInternalSend.part.0
                0x02003574       0xd4 C:/devkitPro/libnds/lib\libnds9.a(fifosystem.o)
 .text.fifoInternalSendInterrupt
                0x02003648       0xb0 C:/devkitPro/libnds/lib\libnds9.a(fifosystem.o)
 .text.fifoSetValue32Handler
                0x020036f8       0xd4 C:/devkitPro/libnds/lib\libnds9.a(fifosystem.o)
                0x020036f8                fifoSetValue32Handler
 .text.fifoSendValue32
                0x020037cc       0x4c C:/devkitPro/libnds/lib\libnds9.a(fifosystem.o)
                0x020037cc                fifoSendValue32
 .text.fifoGetValue32
                0x02003818       0x70 C:/devkitPro/libnds/lib\libnds9.a(fifosystem.o)
                0x02003818                fifoGetValue32
 .text.fifoGetDatamsg
                0x02003888       0xf4 C:/devkitPro/libnds/lib\libnds9.a(fifosystem.o)
                0x02003888                fifoGetDatamsg
 .text.fifoInternalRecvInterrupt
                0x0200397c      0x37c C:/devkitPro/libnds/lib\libnds9.a(fifosystem.o)
 .text.fifoSetDatamsgHandler
                0x02003cf8       0x9c C:/devkitPro/libnds/lib\libnds9.a(fifosystem.o)
                0x02003cf8                fifoSetDatamsgHandler
 .text.fifoCheckValue32
                0x02003d94       0x24 C:/devkitPro/libnds/lib\libnds9.a(fifosystem.o)
                0x02003d94                fifoCheckValue32
 .text.fifoInit
                0x02003db8      0x108 C:/devkitPro/libnds/lib\libnds9.a(fifosystem.o)
                0x02003db8                fifoInit
 .text.DC_FlushRange
                0x02003ec0       0x24 C:/devkitPro/libnds/lib\libnds9.a(dcache.o)
                0x02003ec0                DC_FlushRange
 .text.__libnds_mpu_setup
                0x02003ee4      0x174 C:/devkitPro/libnds/lib\libnds9.a(mpu_setup.o)
                0x02003ee4                __libnds_mpu_setup
 .text.memUncached
                0x02004058       0x20 C:/devkitPro/libnds/lib\libnds9.a(mpu_setup.o)
                0x02004058                memUncached
 .text.swiWaitForVBlank
                0x02004078        0x8 C:/devkitPro/libnds/lib\libnds9.a(IntrWait.o)
                0x02004078                swiWaitForVBlank
 .text.swiIntrWait
                0x02004080       0x70 C:/devkitPro/libnds/lib\libnds9.a(IntrWait.o)
                0x02004080                swiIntrWait
 .text.setCpuClock
                0x020040f0       0x50 C:/devkitPro/libnds/lib\libnds9.a(cpu_clock.o)
                0x020040f0                setCpuClock
 .text.swiDelay
                0x02004140        0x4 C:/devkitPro/libnds/lib\libnds9.a(biosCalls.o)
                0x02004140                swiDelay
 .text.swiSoftReset
                0x02004144       0x2c C:/devkitPro/libnds/lib\libnds9.a(swiSoftReset.o)
                0x02004144                swiSoftReset
 .text.vramDefault
                0x02004170       0xd0 C:/devkitPro/libnds/lib\libnds9.a(video.o)
                0x02004170                vramDefault
 .text.selfrel_offset31
                0x02004240       0x18 C:/devkitPro/devkitARM/bin/../lib/gcc/arm-none-eabi/14.1.0/thumb\libgcc.a(unwind-arm.o)
 .text.search_EIT_table
                0x02004258       0x74 C:/devkitPro/devkitARM/bin/../lib/gcc/arm-none-eabi/14.1.0/thumb\libgcc.a(unwind-arm.o)
 .text.__gnu_unwind_get_pr_addr
                0x020042cc       0x28 C:/devkitPro/devkitARM/bin/../lib/gcc/arm-none-eabi/14.1.0/thumb\libgcc.a(unwind-arm.o)
 .text.get_eit_entry
                0x020042f4       0x98 C:/devkitPro/devkitARM/bin/../lib/gcc/arm-none-eabi/14.1.0/thumb\libgcc.a(unwind-arm.o)
 .text.restore_non_core_regs
                0x0200438c       0x60 C:/devkitPro/devkitARM/bin/../lib/gcc/arm-none-eabi/14.1.0/thumb\libgcc.a(unwind-arm.o)
 .text._Unwind_decode_typeinfo_ptr.constprop.0
                0x020043ec        0xc C:/devkitPro/devkitARM/bin/../lib/gcc/arm-none-eabi/14.1.0/thumb\libgcc.a(unwind-arm.o)
 .text._Unwind_DebugHook
                0x020043f8        0x4 C:/devkitPro/devkitARM/bin/../lib/gcc/arm-none-eabi/14.1.0/thumb\libgcc.a(unwind-arm.o)
 .text.unwind_phase2
                0x020043fc       0x40 C:/devkitPro/devkitARM/bin/../lib/gcc/arm-none-eabi/14.1.0/thumb\libgcc.a(unwind-arm.o)
 .text.unwind_phase2_forced
                0x0200443c       0xe8 C:/devkitPro/devkitARM/bin/../lib/gcc/arm-none-eabi/14.1.0/thumb\libgcc.a(unwind-arm.o)
 .text.__gnu_Unwind_RaiseException
                0x02004524       0x5c C:/devkitPro/devkitARM/bin/../lib/gcc/arm-none-eabi/14.1.0/thumb\libgcc.a(unwind-arm.o)
                0x02004524                __gnu_Unwind_RaiseException
 .text.__gnu_Unwind_ForcedUnwind
                0x02004580       0x18 C:/devkitPro/devkitARM/bin/../lib/gcc/arm-none-eabi/14.1.0/thumb\libgcc.a(unwind-arm.o)
                0x02004580                __gnu_Unwind_ForcedUnwind
 .text.__gnu_Unwind_Resume
                0x02004598       0x4c C:/devkitPro/devkitARM/bin/../lib/gcc/arm-none-eabi/14.1.0/thumb\libgcc.a(unwind-arm.o)
                0x02004598                __gnu_Unwind_Resume
 .text.__gnu_Unwind_Resume_or_Rethrow
                0x020045e4       0x20 C:/devkitPro/devkitARM/bin/../lib/gcc/arm-none-eabi/14.1.0/thumb\libgcc.a(unwind-arm.o)
                0x020045e4                __gnu_Unwind_Resume_or_Rethrow
 .text._Unwind_VRS_Get
                0x02004604       0x44 C:/devkitPro/devkitARM/bin/../lib/gcc/arm-none-eabi/14.1.0/thumb\libgcc.a(unwind-arm.o)
                0x02004604                _Unwind_VRS_Get
 .text._Unwind_GetGR
                0x02004648       0x1c C:/devkitPro/devkitARM/bin/../lib/gcc/arm-none-eabi/14.1.0/thumb\libgcc.a(unwind-arm.o)
 .text._Unwind_VRS_Set
                0x02004664       0x44 C:/devkitPro/devkitARM/bin/../lib/gcc/arm-none-eabi/14.1.0/thumb\libgcc.a(unwind-arm.o)
                0x02004664                _Unwind_VRS_Set
 .text._Unwind_SetGR
                0x020046a8       0x1c C:/devkitPro/devkitARM/bin/../lib/gcc/arm-none-eabi/14.1.0/thumb\libgcc.a(unwind-arm.o)
 .text.__gnu_Unwind_Backtrace
                0x020046c4       0x8c C:/devkitPro/devkitARM/bin/../lib/gcc/arm-none-eabi/14.1.0/thumb\libgcc.a(unwind-arm.o)
                0x020046c4                __gnu_Unwind_Backtrace
 .text.__gnu_unwind_pr_common
                0x02004750      0x2cc C:/devkitPro/devkitARM/bin/../lib/gcc/arm-none-eabi/14.1.0/thumb\libgcc.a(unwind-arm.o)
 .text.__aeabi_unwind_cpp_pr0
                0x02004a1c       0x10 C:/devkitPro/devkitARM/bin/../lib/gcc/arm-none-eabi/14.1.0/thumb\libgcc.a(unwind-arm.o)
                0x02004a1c                __aeabi_unwind_cpp_pr0
 .text.__aeabi_unwind_cpp_pr1
                0x02004a2c       0x10 C:/devkitPro/devkitARM/bin/../lib/gcc/arm-none-eabi/14.1.0/thumb\libgcc.a(unwind-arm.o)
                0x02004a2c                __aeabi_unwind_cpp_pr1
 .text.__aeabi_unwind_cpp_pr2
                0x02004a3c       0x10 C:/devkitPro/devkitARM/bin/../lib/gcc/arm-none-eabi/14.1.0/thumb\libgcc.a(unwind-arm.o)
                0x02004a3c                __aeabi_unwind_cpp_pr2
 .text._Unwind_VRS_Pop
                0x02004a4c      0x2e4 C:/devkitPro/devkitARM/bin/../lib/gcc/arm-none-eabi/14.1.0/thumb\libgcc.a(unwind-arm.o)
                0x02004a4c                _Unwind_VRS_Pop
 .text.next_unwind_byte
                0x02004d30       0x34 C:/devkitPro/devkitARM/bin/../lib/gcc/arm-none-eabi/14.1.0/thumb\libgcc.a(pr-support.o)
 .text.__gnu_unwind_execute
                0x02004d64      0x30c C:/devkitPro/devkitARM/bin/../lib/gcc/arm-none-eabi/14.1.0/thumb\libgcc.a(pr-support.o)
                0x02004d64                __gnu_unwind_execute
 .text._fwrite_r
                0x02005070       0xa4 C:/devkitPro/devkitARM/bin/../lib/gcc/arm-none-eabi/14.1.0/../../../../arm-none-eabi/lib/thumb\libg.a(libc_a-fwrite.o)
                0x02005070                _fwrite_r
 .text.fwrite   0x02005114       0x24 C:/devkitPro/devkitARM/bin/../lib/gcc/arm-none-eabi/14.1.0/../../../../arm-none-eabi/lib/thumb\libg.a(libc_a-fwrite.o)
                0x02005114                fwrite
 .text.__sfvwrite_r
                0x02005138      0x304 C:/devkitPro/devkitARM/bin/../lib/gcc/arm-none-eabi/14.1.0/../../../../arm-none-eabi/lib/thumb\libg.a(libc_a-fvwrite.o)
                0x02005138                __sfvwrite_r
 .text.memchr   0x0200543c       0x80 C:/devkitPro/devkitARM/bin/../lib/gcc/arm-none-eabi/14.1.0/../../../../arm-none-eabi/lib/thumb\libg.a(libc_a-memchr-stub.o)
                0x0200543c                memchr
 .text.siscanf  0x020054bc       0x50 C:/devkitPro/devkitARM/bin/../lib/gcc/arm-none-eabi/14.1.0/../../../../arm-none-eabi/lib/thumb\libg.a(libc_a-siscanf.o)
                0x020054bc                siscanf
 .text.__sread  0x0200550c       0x34 C:/devkitPro/devkitARM/bin/../lib/gcc/arm-none-eabi/14.1.0/../../../../arm-none-eabi/lib/thumb\libg.a(libc_a-stdio.o)
                0x0200550c                __sread
 .text.__seofread
                0x02005540        0x4 C:/devkitPro/devkitARM/bin/../lib/gcc/arm-none-eabi/14.1.0/../../../../arm-none-eabi/lib/thumb\libg.a(libc_a-stdio.o)
                0x02005540                __seofread
 .text.__swrite
                0x02005544       0x4c C:/devkitPro/devkitARM/bin/../lib/gcc/arm-none-eabi/14.1.0/../../../../arm-none-eabi/lib/thumb\libg.a(libc_a-stdio.o)
                0x02005544                __swrite
 .text.__sseek  0x02005590       0x3c C:/devkitPro/devkitARM/bin/../lib/gcc/arm-none-eabi/14.1.0/../../../../arm-none-eabi/lib/thumb\libg.a(libc_a-stdio.o)
                0x02005590                __sseek
 .text.__sclose
                0x020055cc       0x10 C:/devkitPro/devkitARM/bin/../lib/gcc/arm-none-eabi/14.1.0/../../../../arm-none-eabi/lib/thumb\libg.a(libc_a-stdio.o)
                0x020055cc                __sclose
 .text.abort    0x020055dc       0x10 C:/devkitPro/devkitARM/bin/../lib/gcc/arm-none-eabi/14.1.0/../../../../arm-none-eabi/lib/thumb\libg.a(libc_a-abort.o)
                0x020055dc                abort
 .text.realloc  0x020055ec       0x18 C:/devkitPro/devkitARM/bin/../lib/gcc/arm-none-eabi/14.1.0/../../../../arm-none-eabi/lib/thumb\libg.a(libc_a-realloc.o)
                0x020055ec                realloc
 .text.stdio_exit_handler
                0x02005604       0x20 C:/devkitPro/devkitARM/bin/../lib/gcc/arm-none-eabi/14.1.0/../../../../arm-none-eabi/lib/thumb\libg.a(libc_a-findfp.o)
 .text.cleanup_stdio
                0x02005624       0x40 C:/devkitPro/devkitARM/bin/../lib/gcc/arm-none-eabi/14.1.0/../../../../arm-none-eabi/lib/thumb\libg.a(libc_a-findfp.o)
 .text.global_stdio_init.part.0
                0x02005664      0x128 C:/devkitPro/devkitARM/bin/../lib/gcc/arm-none-eabi/14.1.0/../../../../arm-none-eabi/lib/thumb\libg.a(libc_a-findfp.o)
 .text.__sinit  0x0200578c       0x3c C:/devkitPro/devkitARM/bin/../lib/gcc/arm-none-eabi/14.1.0/../../../../arm-none-eabi/lib/thumb\libg.a(libc_a-findfp.o)
                0x0200578c                __sinit
 .text.__sfp_lock_acquire
                0x020057c8       0x14 C:/devkitPro/devkitARM/bin/../lib/gcc/arm-none-eabi/14.1.0/../../../../arm-none-eabi/lib/thumb\libg.a(libc_a-findfp.o)
                0x020057c8                __sfp_lock_acquire
 .text.__sfp_lock_release
                0x020057dc       0x14 C:/devkitPro/devkitARM/bin/../lib/gcc/arm-none-eabi/14.1.0/../../../../arm-none-eabi/lib/thumb\libg.a(libc_a-findfp.o)
                0x020057dc                __sfp_lock_release
 .text._malloc_r
                0x020057f0      0x588 C:/devkitPro/devkitARM/bin/../lib/gcc/arm-none-eabi/14.1.0/../../../../arm-none-eabi/lib/thumb\libg.a(libc_a-mallocr.o)
                0x020057f0                _malloc_r
 .text._malloc_trim_r
                0x02005d78       0xac C:/devkitPro/devkitARM/bin/../lib/gcc/arm-none-eabi/14.1.0/../../../../arm-none-eabi/lib/thumb\libg.a(libc_a-freer.o)
                0x02005d78                _malloc_trim_r
 .text._free_r  0x02005e24      0x1f4 C:/devkitPro/devkitARM/bin/../lib/gcc/arm-none-eabi/14.1.0/../../../../arm-none-eabi/lib/thumb\libg.a(libc_a-freer.o)
                0x02005e24                _free_r
 .text.setvbuf  0x02006018      0x1ac C:/devkitPro/devkitARM/bin/../lib/gcc/arm-none-eabi/14.1.0/../../../../arm-none-eabi/lib/thumb\libg.a(libc_a-setvbuf.o)
                0x02006018                setvbuf
 .text.malloc   0x020061c4       0x28 C:/devkitPro/devkitARM/bin/../lib/gcc/arm-none-eabi/14.1.0/../../../../arm-none-eabi/lib/thumb\libg.a(libc_a-malloc.o)
                0x020061c4                malloc
 .text.free     0x020061ec       0x14 C:/devkitPro/devkitARM/bin/../lib/gcc/arm-none-eabi/14.1.0/../../../../arm-none-eabi/lib/thumb\libg.a(libc_a-malloc.o)
                0x020061ec                free
 .text.memcpy   0x02006200       0xb0 C:/devkitPro/devkitARM/bin/../lib/gcc/arm-none-eabi/14.1.0/../../../../arm-none-eabi/lib/thumb\libg.a(libc_a-memcpy-stub.o)
                0x02006200                memcpy
 .text.memset   0x020062b0       0x98 C:/devkitPro/devkitARM/bin/../lib/gcc/arm-none-eabi/14.1.0/../../../../arm-none-eabi/lib/thumb\libg.a(libc_a-memset.o)
                0x020062b0                memset
 .text._realloc_r
                0x02006348      0x384 C:/devkitPro/devkitARM/bin/../lib/gcc/arm-none-eabi/14.1.0/../../../../arm-none-eabi/lib/thumb\libg.a(libc_a-reallocr.o)
                0x02006348                _realloc_r
 .text._fwalk_sglue
                0x020066cc       0x4c C:/devkitPro/devkitARM/bin/../lib/gcc/arm-none-eabi/14.1.0/../../../../arm-none-eabi/lib/thumb\libg.a(libc_a-fwalk.o)
                0x020066cc                _fwalk_sglue
 .text.__malloc_lock
                0x02006718       0x14 C:/devkitPro/devkitARM/bin/../lib/gcc/arm-none-eabi/14.1.0/../../../../arm-none-eabi/lib/thumb\libg.a(libc_a-mlock.o)
                0x02006718                __malloc_lock
 .text.__malloc_unlock
                0x0200672c       0x14 C:/devkitPro/devkitARM/bin/../lib/gcc/arm-none-eabi/14.1.0/../../../../arm-none-eabi/lib/thumb\libg.a(libc_a-mlock.o)
                0x0200672c                __malloc_unlock
 .text.iprintf  0x02006740       0x24 C:/devkitPro/devkitARM/bin/../lib/gcc/arm-none-eabi/14.1.0/../../../../arm-none-eabi/lib/thumb\libg.a(libc_a-iprintf.o)
                0x02006740                iprintf
 .text.__libc_init_array
                0x02006764       0x54 C:/devkitPro/devkitARM/bin/../lib/gcc/arm-none-eabi/14.1.0/../../../../arm-none-eabi/lib/thumb\libg.a(libc_a-init.o)
                0x02006764                __libc_init_array
 .text.__swsetup_r
                0x020067b8      0x100 C:/devkitPro/devkitARM/bin/../lib/gcc/arm-none-eabi/14.1.0/../../../../arm-none-eabi/lib/thumb\libg.a(libc_a-wsetup.o)
                0x020067b8                __swsetup_r
 .text.__sflush_r
                0x020068b8      0x194 C:/devkitPro/devkitARM/bin/../lib/gcc/arm-none-eabi/14.1.0/../../../../arm-none-eabi/lib/thumb\libg.a(libc_a-fflush.o)
                0x020068b8                __sflush_r
 .text._fflush_r
                0x02006a4c       0x70 C:/devkitPro/devkitARM/bin/../lib/gcc/arm-none-eabi/14.1.0/../../../../arm-none-eabi/lib/thumb\libg.a(libc_a-fflush.o)
                0x02006a4c                _fflush_r
 .text.strlen   0x02006abc       0x60 C:/devkitPro/devkitARM/bin/../lib/gcc/arm-none-eabi/14.1.0/../../../../arm-none-eabi/lib/thumb\libg.a(libc_a-strlen-stub.o)
                0x02006abc                strlen
 .text.memmove  0x02006b1c       0xcc C:/devkitPro/devkitARM/bin/../lib/gcc/arm-none-eabi/14.1.0/../../../../arm-none-eabi/lib/thumb\libg.a(libc_a-memmove.o)
                0x02006b1c                memmove
 .text._raise_r
                0x02006be8       0x60 C:/devkitPro/devkitARM/bin/../lib/gcc/arm-none-eabi/14.1.0/../../../../arm-none-eabi/lib/thumb\libg.a(libc_a-signal.o)
                0x02006be8                _raise_r
 .text.raise    0x02006c48       0x14 C:/devkitPro/devkitARM/bin/../lib/gcc/arm-none-eabi/14.1.0/../../../../arm-none-eabi/lib/thumb\libg.a(libc_a-signal.o)
                0x02006c48                raise
 .text.get_arg  0x02006c5c      0x428 C:/devkitPro/devkitARM/bin/../lib/gcc/arm-none-eabi/14.1.0/../../../../arm-none-eabi/lib/thumb\libg.a(libc_a-vfiprintf.o)
 .text._vfiprintf_r
                0x02007084     0x170c C:/devkitPro/devkitARM/bin/../lib/gcc/arm-none-eabi/14.1.0/../../../../arm-none-eabi/lib/thumb\libg.a(libc_a-vfiprintf.o)
                0x02007084                _vfiprintf_r
 .text.__sbprintf
                0x02008790       0x7c C:/devkitPro/devkitARM/bin/../lib/gcc/arm-none-eabi/14.1.0/../../../../arm-none-eabi/lib/thumb\libg.a(libc_a-vfiprintf.o)
 .text._memalign_r
                0x0200880c      0x128 C:/devkitPro/devkitARM/bin/../lib/gcc/arm-none-eabi/14.1.0/../../../../arm-none-eabi/lib/thumb\libg.a(libc_a-malignr.o)
                0x0200880c                _memalign_r
 .text.get_arg  0x02008934       0x3e C:/devkitPro/devkitARM/bin/../lib/gcc/arm-none-eabi/14.1.0/../../../../arm-none-eabi/lib/thumb\libg.a(libc_a-svfiscanf.o)
 .text._sungetc_r
                0x02008972       0x7e C:/devkitPro/devkitARM/bin/../lib/gcc/arm-none-eabi/14.1.0/../../../../arm-none-eabi/lib/thumb\libg.a(libc_a-svfiscanf.o)
                0x02008972                _sungetc_r
 .text.__ssrefill_r
                0x020089f0       0x42 C:/devkitPro/devkitARM/bin/../lib/gcc/arm-none-eabi/14.1.0/../../../../arm-none-eabi/lib/thumb\libg.a(libc_a-svfiscanf.o)
                0x020089f0                __ssrefill_r
 .text._sfread_r
                0x02008a32       0x88 C:/devkitPro/devkitARM/bin/../lib/gcc/arm-none-eabi/14.1.0/../../../../arm-none-eabi/lib/thumb\libg.a(libc_a-svfiscanf.o)
                0x02008a32                _sfread_r
 *fill*         0x02008aba        0x2 ff
 .text.__ssvfiscanf_r
                0x02008abc     0x1a78 C:/devkitPro/devkitARM/bin/../lib/gcc/arm-none-eabi/14.1.0/../../../../arm-none-eabi/lib/thumb\libg.a(libc_a-svfiscanf.o)
                0x02008abc                __ssvfiscanf_r
 .text._strtoul_l.isra.0
                0x0200a534      0x154 C:/devkitPro/devkitARM/bin/../lib/gcc/arm-none-eabi/14.1.0/../../../../arm-none-eabi/lib/thumb\libg.a(libc_a-strtoul.o)
 .text._strtoul_r
                0x0200a688       0x20 C:/devkitPro/devkitARM/bin/../lib/gcc/arm-none-eabi/14.1.0/../../../../arm-none-eabi/lib/thumb\libg.a(libc_a-strtoul.o)
                0x0200a688                _strtoul_r
 .text.__sprint_r
                0x0200a6a8       0x24 C:/devkitPro/devkitARM/bin/../lib/gcc/arm-none-eabi/14.1.0/../../../../arm-none-eabi/lib/thumb\libg.a(libc_a-sprint_r.o)
                0x0200a6a8                __sprint_r
 .text.iswspace
                0x0200a6cc       0x10 C:/devkitPro/devkitARM/bin/../lib/gcc/arm-none-eabi/14.1.0/../../../../arm-none-eabi/lib/thumb\libg.a(libc_a-iswspace.o)
                0x0200a6cc                iswspace
 .text.__sccl   0x0200a6dc       0xa0 C:/devkitPro/devkitARM/bin/../lib/gcc/arm-none-eabi/14.1.0/../../../../arm-none-eabi/lib/thumb\libg.a(libc_a-sccl.o)
                0x0200a6dc                __sccl
 .text._fclose_r
                0x0200a77c       0xd4 C:/devkitPro/devkitARM/bin/../lib/gcc/arm-none-eabi/14.1.0/../../../../arm-none-eabi/lib/thumb\libg.a(libc_a-fclose.o)
                0x0200a77c                _fclose_r
 .text._localeconv_r
                0x0200a850       0x1c C:/devkitPro/devkitARM/bin/../lib/gcc/arm-none-eabi/14.1.0/../../../../arm-none-eabi/lib/thumb\libg.a(libc_a-localeconv.o)
                0x0200a850                _localeconv_r
 .text.__smakebuf_r
                0x0200a86c       0xdc C:/devkitPro/devkitARM/bin/../lib/gcc/arm-none-eabi/14.1.0/../../../../arm-none-eabi/lib/thumb\libg.a(libc_a-makebuf.o)
                0x0200a86c                __smakebuf_r
 .text.__swhatbuf_r
                0x0200a948       0x5c C:/devkitPro/devkitARM/bin/../lib/gcc/arm-none-eabi/14.1.0/../../../../arm-none-eabi/lib/thumb\libg.a(libc_a-makebuf.o)
                0x0200a948                __swhatbuf_r
 .text._wcrtomb_r
                0x0200a9a4       0x84 C:/devkitPro/devkitARM/bin/../lib/gcc/arm-none-eabi/14.1.0/../../../../arm-none-eabi/lib/thumb\libg.a(libc_a-wcrtomb.o)
                0x0200a9a4                _wcrtomb_r
 .text._strtol_l.part.0
                0x0200aa28      0x25c C:/devkitPro/devkitARM/bin/../lib/gcc/arm-none-eabi/14.1.0/../../../../arm-none-eabi/lib/thumb\libg.a(libc_a-strtol.o)
 .text._strtol_r
                0x0200ac84       0x34 C:/devkitPro/devkitARM/bin/../lib/gcc/arm-none-eabi/14.1.0/../../../../arm-none-eabi/lib/thumb\libg.a(libc_a-strtol.o)
                0x0200ac84                _strtol_r
 .text.__errno  0x0200acb8        0xc C:/devkitPro/devkitARM/bin/../lib/gcc/arm-none-eabi/14.1.0/../../../../arm-none-eabi/lib/thumb\libg.a(libc_a-errno.o)
                0x0200acb8                __errno
 .text.strncpy  0x0200acc4       0x68 C:/devkitPro/devkitARM/bin/../lib/gcc/arm-none-eabi/14.1.0/../../../../arm-none-eabi/lib/thumb\libg.a(libc_a-strncpy.o)
                0x0200acc4                strncpy
 .text._strtoull_l.isra.0
                0x0200ad2c      0x1bc C:/devkitPro/devkitARM/bin/../lib/gcc/arm-none-eabi/14.1.0/../../../../arm-none-eabi/lib/thumb\libg.a(libc_a-strtoull.o)
 .text._strtoull_r
                0x0200aee8       0x20 C:/devkitPro/devkitARM/bin/../lib/gcc/arm-none-eabi/14.1.0/../../../../arm-none-eabi/lib/thumb\libg.a(libc_a-strtoull.o)
                0x0200aee8                _strtoull_r
 .text._wcsrtombs_r
                0x0200af08       0x1c C:/devkitPro/devkitARM/bin/../lib/gcc/arm-none-eabi/14.1.0/../../../../arm-none-eabi/lib/thumb\libg.a(libc_a-wcsrtombs.o)
                0x0200af08                _wcsrtombs_r
 .text._mbrtowc_r
                0x0200af24       0x90 C:/devkitPro/devkitARM/bin/../lib/gcc/arm-none-eabi/14.1.0/../../../../arm-none-eabi/lib/thumb\libg.a(libc_a-mbrtowc.o)
                0x0200af24                _mbrtowc_r
 .text.__submore
                0x0200afb4       0x88 C:/devkitPro/devkitARM/bin/../lib/gcc/arm-none-eabi/14.1.0/../../../../arm-none-eabi/lib/thumb\libg.a(libc_a-ungetc.o)
                0x0200afb4                __submore
 .text.iswspace_l
                0x0200b03c       0x28 C:/devkitPro/devkitARM/bin/../lib/gcc/arm-none-eabi/14.1.0/../../../../arm-none-eabi/lib/thumb\libg.a(libc_a-iswspace_l.o)
                0x0200b03c                iswspace_l
 .text._strtoll_l.isra.0
                0x0200b064      0x30c C:/devkitPro/devkitARM/bin/../lib/gcc/arm-none-eabi/14.1.0/../../../../arm-none-eabi/lib/thumb\libg.a(libc_a-strtoll.o)
 .text._strtoll_r
                0x0200b370       0x20 C:/devkitPro/devkitARM/bin/../lib/gcc/arm-none-eabi/14.1.0/../../../../arm-none-eabi/lib/thumb\libg.a(libc_a-strtoll.o)
                0x0200b370                _strtoll_r
 .text.__locale_mb_cur_max
                0x0200b390       0x20 C:/devkitPro/devkitARM/bin/../lib/gcc/arm-none-eabi/14.1.0/../../../../arm-none-eabi/lib/thumb\libg.a(libc_a-locale.o)
                0x0200b390                __locale_mb_cur_max
 .text._wcsnrtombs_l
                0x0200b3b0      0x10c C:/devkitPro/devkitARM/bin/../lib/gcc/arm-none-eabi/14.1.0/../../../../arm-none-eabi/lib/thumb\libg.a(libc_a-wcsnrtombs.o)
                0x0200b3b0                _wcsnrtombs_l
 .text._wcsnrtombs_r
                0x0200b4bc       0x40 C:/devkitPro/devkitARM/bin/../lib/gcc/arm-none-eabi/14.1.0/../../../../arm-none-eabi/lib/thumb\libg.a(libc_a-wcsnrtombs.o)
                0x0200b4bc                _wcsnrtombs_r
 .text.__utf8_mbtowc
                0x0200b4fc      0x234 C:/devkitPro/devkitARM/bin/../lib/gcc/arm-none-eabi/14.1.0/../../../../arm-none-eabi/lib/thumb\libg.a(libc_a-mbtowc_r.o)
                0x0200b4fc                __utf8_mbtowc
 .text.category
                0x0200b730       0x58 C:/devkitPro/devkitARM/bin/../lib/gcc/arm-none-eabi/14.1.0/../../../../arm-none-eabi/lib/thumb\libg.a(libc_a-categories.o)
                0x0200b730                category
 .text.__utf8_wctomb
                0x0200b788       0xb4 C:/devkitPro/devkitARM/bin/../lib/gcc/arm-none-eabi/14.1.0/../../../../arm-none-eabi/lib/thumb\libg.a(libc_a-wctomb_r.o)
                0x0200b788                __utf8_wctomb
 .text._exit    0x0200b83c       0x14 C:/devkitPro/devkitARM/bin/../lib/gcc/arm-none-eabi/14.1.0/../../../../arm-none-eabi/lib/thumb\libsysbase.a(libsysbase_libsysbase_a-_exit.o)
                0x0200b83c                _exit
 .text.build_argv
                0x0200b850       0x54 C:/devkitPro/devkitARM/bin/../lib/gcc/arm-none-eabi/14.1.0/../../../../arm-none-eabi/lib/thumb\libsysbase.a(libsysbase_libsysbase_a-build_argv.o)
                0x0200b850                build_argv
 .text._fstat_r
                0x0200b8a4       0x58 C:/devkitPro/devkitARM/bin/../lib/gcc/arm-none-eabi/14.1.0/../../../../arm-none-eabi/lib/thumb\libsysbase.a(libsysbase_libsysbase_a-fstat.o)
                0x0200b8a4                _fstat_r
 .text._getpid_r
                0x0200b8fc        0xc C:/devkitPro/devkitARM/bin/../lib/gcc/arm-none-eabi/14.1.0/../../../../arm-none-eabi/lib/thumb\libsysbase.a(libsysbase_libsysbase_a-getpid.o)
                0x0200b8fc                _getpid_r
 .text.__getreent
                0x0200b908       0x20 C:/devkitPro/devkitARM/bin/../lib/gcc/arm-none-eabi/14.1.0/../../../../arm-none-eabi/lib/thumb\libsysbase.a(libsysbase_libsysbase_a-getreent.o)
                0x0200b908                __getreent
 .text.__get_handle
                0x0200b928       0x34 C:/devkitPro/devkitARM/bin/../lib/gcc/arm-none-eabi/14.1.0/../../../../arm-none-eabi/lib/thumb\libsysbase.a(libsysbase_libsysbase_a-handle_manager.o)
                0x0200b928                __get_handle
 .text._close_r
                0x0200b95c       0xb8 C:/devkitPro/devkitARM/bin/../lib/gcc/arm-none-eabi/14.1.0/../../../../arm-none-eabi/lib/thumb\libsysbase.a(libsysbase_libsysbase_a-handle_manager.o)
                0x0200b95c                _close_r
 .text.null_write
                0x0200ba14        0x4 C:/devkitPro/devkitARM/bin/../lib/gcc/arm-none-eabi/14.1.0/../../../../arm-none-eabi/lib/thumb\libsysbase.a(libsysbase_libsysbase_a-iosupport.o)
 .text._isatty_r
                0x0200ba18        0x4 C:/devkitPro/devkitARM/bin/../lib/gcc/arm-none-eabi/14.1.0/../../../../arm-none-eabi/lib/thumb\libsysbase.a(libsysbase_libsysbase_a-isatty.o)
                0x0200ba18                _isatty_r
 .text._kill_r  0x0200ba1c        0xc C:/devkitPro/devkitARM/bin/../lib/gcc/arm-none-eabi/14.1.0/../../../../arm-none-eabi/lib/thumb\libsysbase.a(libsysbase_libsysbase_a-kill.o)
                0x0200ba1c                _kill_r
 .text._lseek_r
                0x0200ba28       0x60 C:/devkitPro/devkitARM/bin/../lib/gcc/arm-none-eabi/14.1.0/../../../../arm-none-eabi/lib/thumb\libsysbase.a(libsysbase_libsysbase_a-lseek.o)
                0x0200ba28                _lseek_r
 .text._read_r  0x0200ba88       0x58 C:/devkitPro/devkitARM/bin/../lib/gcc/arm-none-eabi/14.1.0/../../../../arm-none-eabi/lib/thumb\libsysbase.a(libsysbase_libsysbase_a-read.o)
                0x0200ba88                _read_r
 .text._sbrk_r  0x0200bae0       0x54 C:/devkitPro/devkitARM/bin/../lib/gcc/arm-none-eabi/14.1.0/../../../../arm-none-eabi/lib/thumb\libsysbase.a(libsysbase_libsysbase_a-sbrk.o)
                0x0200bae0                _sbrk_r
 .text.__libc_lock_acquire
                0x0200bb34       0x18 C:/devkitPro/devkitARM/bin/../lib/gcc/arm-none-eabi/14.1.0/../../../../arm-none-eabi/lib/thumb\libsysbase.a(libsysbase_libsysbase_a-syscall_support.o)
                0x0200bb34                __libc_lock_acquire
 .text.__libc_lock_release
                0x0200bb4c       0x18 C:/devkitPro/devkitARM/bin/../lib/gcc/arm-none-eabi/14.1.0/../../../../arm-none-eabi/lib/thumb\libsysbase.a(libsysbase_libsysbase_a-syscall_support.o)
                0x0200bb4c                __libc_lock_release
 .text.__libc_lock_acquire_recursive
                0x0200bb64       0x18 C:/devkitPro/devkitARM/bin/../lib/gcc/arm-none-eabi/14.1.0/../../../../arm-none-eabi/lib/thumb\libsysbase.a(libsysbase_libsysbase_a-syscall_support.o)
                0x0200bb64                __libc_lock_acquire_recursive
 .text.__libc_lock_release_recursive
                0x0200bb7c       0x18 C:/devkitPro/devkitARM/bin/../lib/gcc/arm-none-eabi/14.1.0/../../../../arm-none-eabi/lib/thumb\libsysbase.a(libsysbase_libsysbase_a-syscall_support.o)
                0x0200bb7c                __libc_lock_release_recursive
 .text._write_r
                0x0200bb94       0x58 C:/devkitPro/devkitARM/bin/../lib/gcc/arm-none-eabi/14.1.0/../../../../arm-none-eabi/lib/thumb\libsysbase.a(libsysbase_libsysbase_a-write.o)
                0x0200bb94                _write_r
 .text.__muldi3
                0x0200bbec       0x64 C:/devkitPro/devkitARM/bin/../lib/gcc/arm-none-eabi/14.1.0/thumb\libgcc.a(_muldi3.o)
                0x0200bbec                __muldi3
                0x0200bbec                __aeabi_lmul
 .text.__udivmoddi4
                0x0200bc50      0x19c C:/devkitPro/devkitARM/bin/../lib/gcc/arm-none-eabi/14.1.0/thumb\libgcc.a(_udivmoddi4.o)
                0x0200bc50                __udivmoddi4
 *fill*         0x0200bdec        0x4 ff
 .text.__udivmoddi4.__stub
                0x0200bdf0       0xf0 linker stubs
 *(EXCLUDE_FILE(*.twl*) .gnu.warning)
 *(EXCLUDE_FILE(*.twl*) .gnu.linkonce.t*)
 *(.glue_7)
 .glue_7        0x0200bef0        0x0 linker stubs
 *(.glue_7t)
 .glue_7t       0x0200bef0        0x0 linker stubs
                0x0200bef0                        . = ALIGN (0x4)

.vfp11_veneer   0x0200bef0        0x0
 .vfp11_veneer  0x0200bef0        0x0 linker stubs

.v4_bx          0x0200bef0        0x0
 .v4_bx         0x0200bef0        0x0 linker stubs

.iplt           0x0200bef0        0x0
 .iplt          0x0200bef0        0x0 C:/devkitPro/devkitARM/bin/../lib/gcc/arm-none-eabi/14.1.0/../../../../arm-none-eabi/lib/thumb/ds_arm9_crt0.o

.fini           0x0200bef0        0xc
 *(.fini)
 .fini          0x0200bef0        0x4 C:/devkitPro/devkitARM/bin/../lib/gcc/arm-none-eabi/14.1.0/thumb/crti.o
                0x0200bef0                _fini
 .fini          0x0200bef4        0x8 C:/devkitPro/devkitARM/bin/../lib/gcc/arm-none-eabi/14.1.0/thumb/crtn.o
                0x0200befc                        __text_end = .

.rodata         0x0200befc     0xa184
 *(EXCLUDE_FILE(*.twl*) .rodata)
 .rodata        0x0200befc      0x600 ball.o
                0x0200befc                ballTiles
                0x0200c2fc                ballPal
 .rodata        0x0200c4fc      0x600 dandelion.o
                0x0200c4fc                dandelionTiles
                0x0200c8fc                dandelionPal
 .rodata        0x0200cafc      0x600 flappy_bird.o
                0x0200cafc                flappy_birdTiles
                0x0200cefc                flappy_birdPal
 .rodata        0x0200d0fc      0x600 moustache.o
                0x0200d0fc                moustacheTiles
                0x0200d4fc                moustachePal
 .rodata        0x0200d6fc      0x600 nyan.o
                0x0200d6fc                nyanTiles
                0x0200dafc                nyanPal
 .rodata        0x0200dcfc      0x600 penguin.o
                0x0200dcfc                penguinTiles
                0x0200e0fc                penguinPal
 .rodata        0x0200e2fc      0x600 pirate.o
                0x0200e2fc                pirateTiles
                0x0200e6fc                piratePal
 .rodata        0x0200e8fc      0x600 pleading_face.o
                0x0200e8fc                pleading_faceTiles
                0x0200ecfc                pleading_facePal
 .rodata        0x0200eefc      0x600 puffle.o
                0x0200eefc                puffleTiles
                0x0200f2fc                pufflePal
 .rodata        0x0200f4fc      0x600 rose.o
                0x0200f4fc                roseTiles
                0x0200f8fc                rosePal
 .rodata        0x0200fafc      0x600 top_hat.o
                0x0200fafc                top_hatTiles
                0x0200fefc                top_hatPal
 .rodata        0x020100fc       0x60 arm9.o
 *all.rodata*(*)
 *(EXCLUDE_FILE(*.twl*) .roda)
 *(EXCLUDE_FILE(*.twl*) .rodata.*)
 .rodata.str1.4
                0x0201015c      0x308 arm9.o
                                0x252 (size before relaxing)
 .rodata.SIN_LUT
                0x02010464      0x102 C:/devkitPro/libnds/lib\libnds9.a(trig.o)
                0x02010464                SIN_LUT
 .rodata.con_write.str1.4
                0x02010566       0x30 C:/devkitPro/libnds/lib\libnds9.a(console.o)
 *fill*         0x02010566        0x2 ff
 .rodata.con_write
                0x02010568       0xd4 C:/devkitPro/libnds/lib\libnds9.a(console.o)
 .rodata.str1.4
                0x0201063c       0x14 C:/devkitPro/libnds/lib\libnds9.a(console.o)
 .rodata.dotab_stdout
                0x0201063c       0x70 C:/devkitPro/libnds/lib\libnds9.a(console.o)
 .rodata.default_font_bin
                0x020106ac     0x2000 C:/devkitPro/libnds/lib\libnds9.a(default_font.bin.o)
                0x020106ac                default_font_bin
                0x020126ac                default_font_bin_end
 .rodata.str1.4
                0x020126ac       0x20 C:\devkitPro\libcamera/lib\libcamera9.a(cam9.o)
 .rodata._Unwind_VRS_Pop
                0x020126ac       0x18 C:/devkitPro/devkitARM/bin/../lib/gcc/arm-none-eabi/14.1.0/thumb\libgcc.a(unwind-arm.o)
 .rodata.__gnu_unwind_execute
                0x020126c4       0x14 C:/devkitPro/devkitARM/bin/../lib/gcc/arm-none-eabi/14.1.0/thumb\libgcc.a(pr-support.o)
 .rodata._vfiprintf_r.str1.1
                0x020126d8       0x29 C:/devkitPro/devkitARM/bin/../lib/gcc/arm-none-eabi/14.1.0/../../../../arm-none-eabi/lib/thumb\libg.a(libc_a-vfiprintf.o)
 *fill*         0x02012701        0x3 ff
 .rodata.zeroes.0
                0x02012704       0x10 C:/devkitPro/devkitARM/bin/../lib/gcc/arm-none-eabi/14.1.0/../../../../arm-none-eabi/lib/thumb\libg.a(libc_a-vfiprintf.o)
 .rodata.blanks.1
                0x02012714       0x10 C:/devkitPro/devkitARM/bin/../lib/gcc/arm-none-eabi/14.1.0/../../../../arm-none-eabi/lib/thumb\libg.a(libc_a-vfiprintf.o)
 .rodata.basefix.0
                0x02012724       0x22 C:/devkitPro/devkitARM/bin/../lib/gcc/arm-none-eabi/14.1.0/../../../../arm-none-eabi/lib/thumb\libg.a(libc_a-svfiscanf.o)
 *fill*         0x02012746        0x2 ff
 .rodata._ctype_
                0x02012748      0x101 C:/devkitPro/devkitARM/bin/../lib/gcc/arm-none-eabi/14.1.0/../../../../arm-none-eabi/lib/thumb\libg.a(libc_a-ctype_.o)
                0x02012748                _ctype_
 *fill*         0x02012849        0x3 ff
 .rodata.__action_table
                0x0201284c       0x6c C:/devkitPro/devkitARM/bin/../lib/gcc/arm-none-eabi/14.1.0/../../../../arm-none-eabi/lib/thumb\libg.a(libc_a-svfiprintf.o)
                0x0201284c                __action_table
 .rodata.__state_table
                0x020128b8       0x6c C:/devkitPro/devkitARM/bin/../lib/gcc/arm-none-eabi/14.1.0/../../../../arm-none-eabi/lib/thumb\libg.a(libc_a-svfiprintf.o)
                0x020128b8                __state_table
 .rodata.__chclass
                0x02012924      0x100 C:/devkitPro/devkitARM/bin/../lib/gcc/arm-none-eabi/14.1.0/../../../../arm-none-eabi/lib/thumb\libg.a(libc_a-svfiprintf.o)
                0x02012924                __chclass
 .rodata._mbrtowc_r.str1.4
                0x02012a24        0x1 C:/devkitPro/devkitARM/bin/../lib/gcc/arm-none-eabi/14.1.0/../../../../arm-none-eabi/lib/thumb\libg.a(libc_a-mbrtowc.o)
 .rodata.str1.4
                0x02012a24       0x4c C:/devkitPro/devkitARM/bin/../lib/gcc/arm-none-eabi/14.1.0/../../../../arm-none-eabi/lib/thumb\libg.a(libc_a-locale.o)
 .rodata.categories
                0x02012a24     0x35dc C:/devkitPro/devkitARM/bin/../lib/gcc/arm-none-eabi/14.1.0/../../../../arm-none-eabi/lib/thumb\libg.a(libc_a-categories.o)
 .rodata.AddDevice.str1.4
                0x02016000        0x8 C:/devkitPro/devkitARM/bin/../lib/gcc/arm-none-eabi/14.1.0/../../../../arm-none-eabi/lib/thumb\libsysbase.a(libsysbase_libsysbase_a-iosupport.o)
 .rodata.dotab_stdnull
                0x02016000       0x80 C:/devkitPro/devkitARM/bin/../lib/gcc/arm-none-eabi/14.1.0/../../../../arm-none-eabi/lib/thumb\libsysbase.a(libsysbase_libsysbase_a-iosupport.o)
                0x02016000                dotab_stdnull
 *(EXCLUDE_FILE(*.twl*) .gnu.linkonce.r*)
                0x02016080                        . = ALIGN (0x4)

.ARM.extab      0x02016080       0x48
 *(.ARM.extab* .gnu.linkonce.armextab.*)
 .ARM.extab.text.startup
                0x02016080        0xc arm9.o
 .ARM.extab.text.unwind_phase2_forced
                0x0201608c        0xc C:/devkitPro/devkitARM/bin/../lib/gcc/arm-none-eabi/14.1.0/thumb\libgcc.a(unwind-arm.o)
 .ARM.extab.text.__gnu_Unwind_Backtrace
                0x02016098        0xc C:/devkitPro/devkitARM/bin/../lib/gcc/arm-none-eabi/14.1.0/thumb\libgcc.a(unwind-arm.o)
 .ARM.extab.text.__gnu_unwind_pr_common
                0x020160a4        0xc C:/devkitPro/devkitARM/bin/../lib/gcc/arm-none-eabi/14.1.0/thumb\libgcc.a(unwind-arm.o)
 .ARM.extab.text._Unwind_VRS_Pop
                0x020160b0        0xc C:/devkitPro/devkitARM/bin/../lib/gcc/arm-none-eabi/14.1.0/thumb\libgcc.a(unwind-arm.o)
 .ARM.extab.text.__gnu_unwind_execute
                0x020160bc        0xc C:/devkitPro/devkitARM/bin/../lib/gcc/arm-none-eabi/14.1.0/thumb\libgcc.a(pr-support.o)
                0x020160c8                        __exidx_start = .

ARM.exidx       0x020160c8       0x98
 *(.ARM.exidx* .gnu.linkonce.armexidx.*)
 .ARM.exidx.text.startup
                0x020160c8       0x10 arm9.o
                                  0x8 (size before relaxing)
 .ARM.exidx.text.selfrel_offset31
                0x020160d8        0x0 C:/devkitPro/devkitARM/bin/../lib/gcc/arm-none-eabi/14.1.0/thumb\libgcc.a(unwind-arm.o)
                                  0x8 (size before relaxing)
 .ARM.exidx.text.search_EIT_table
                0x020160d8        0x0 C:/devkitPro/devkitARM/bin/../lib/gcc/arm-none-eabi/14.1.0/thumb\libgcc.a(unwind-arm.o)
                                  0x8 (size before relaxing)
 .ARM.exidx.text.__gnu_unwind_get_pr_addr
                0x020160d8        0x0 C:/devkitPro/devkitARM/bin/../lib/gcc/arm-none-eabi/14.1.0/thumb\libgcc.a(unwind-arm.o)
                                  0x8 (size before relaxing)
 .ARM.exidx.text.get_eit_entry
                0x020160d8        0x8 C:/devkitPro/devkitARM/bin/../lib/gcc/arm-none-eabi/14.1.0/thumb\libgcc.a(unwind-arm.o)
 .ARM.exidx.text.restore_non_core_regs
                0x020160e0        0x8 C:/devkitPro/devkitARM/bin/../lib/gcc/arm-none-eabi/14.1.0/thumb\libgcc.a(unwind-arm.o)
 .ARM.exidx.text._Unwind_decode_typeinfo_ptr.constprop.0
                0x020160e8        0x8 C:/devkitPro/devkitARM/bin/../lib/gcc/arm-none-eabi/14.1.0/thumb\libgcc.a(unwind-arm.o)
 .ARM.exidx.text._Unwind_DebugHook
                0x020160f0        0x0 C:/devkitPro/devkitARM/bin/../lib/gcc/arm-none-eabi/14.1.0/thumb\libgcc.a(unwind-arm.o)
                                  0x8 (size before relaxing)
 .ARM.exidx.text.unwind_phase2
                0x020160f0        0x8 C:/devkitPro/devkitARM/bin/../lib/gcc/arm-none-eabi/14.1.0/thumb\libgcc.a(unwind-arm.o)
 .ARM.exidx.text.unwind_phase2_forced
                0x020160f8        0x8 C:/devkitPro/devkitARM/bin/../lib/gcc/arm-none-eabi/14.1.0/thumb\libgcc.a(unwind-arm.o)
 .ARM.exidx.text.__gnu_Unwind_RaiseException
                0x02016100        0x8 C:/devkitPro/devkitARM/bin/../lib/gcc/arm-none-eabi/14.1.0/thumb\libgcc.a(unwind-arm.o)
 .ARM.exidx.text.__gnu_Unwind_ForcedUnwind
                0x02016108        0x8 C:/devkitPro/devkitARM/bin/../lib/gcc/arm-none-eabi/14.1.0/thumb\libgcc.a(unwind-arm.o)
 .ARM.exidx.text.__gnu_Unwind_Resume
                0x02016110        0x8 C:/devkitPro/devkitARM/bin/../lib/gcc/arm-none-eabi/14.1.0/thumb\libgcc.a(unwind-arm.o)
 .ARM.exidx.text.__gnu_Unwind_Resume_or_Rethrow
                0x02016118        0x8 C:/devkitPro/devkitARM/bin/../lib/gcc/arm-none-eabi/14.1.0/thumb\libgcc.a(unwind-arm.o)
 .ARM.exidx.text._Unwind_VRS_Get
                0x02016120        0x8 C:/devkitPro/devkitARM/bin/../lib/gcc/arm-none-eabi/14.1.0/thumb\libgcc.a(unwind-arm.o)
 .ARM.exidx.text._Unwind_GetGR
                0x02016128        0x0 C:/devkitPro/devkitARM/bin/../lib/gcc/arm-none-eabi/14.1.0/thumb\libgcc.a(unwind-arm.o)
                                  0x8 (size before relaxing)
 .ARM.exidx.text._Unwind_VRS_Set
                0x02016128        0x0 C:/devkitPro/devkitARM/bin/../lib/gcc/arm-none-eabi/14.1.0/thumb\libgcc.a(unwind-arm.o)
                                  0x8 (size before relaxing)
 .ARM.exidx.text._Unwind_SetGR
                0x02016128        0x0 C:/devkitPro/devkitARM/bin/../lib/gcc/arm-none-eabi/14.1.0/thumb\libgcc.a(unwind-arm.o)
                                  0x8 (size before relaxing)
 .ARM.exidx.text.__gnu_Unwind_Backtrace
                0x02016128        0x8 C:/devkitPro/devkitARM/bin/../lib/gcc/arm-none-eabi/14.1.0/thumb\libgcc.a(unwind-arm.o)
 .ARM.exidx.text.__gnu_unwind_pr_common
                0x02016130        0x8 C:/devkitPro/devkitARM/bin/../lib/gcc/arm-none-eabi/14.1.0/thumb\libgcc.a(unwind-arm.o)
 .ARM.exidx.text.__aeabi_unwind_cpp_pr0
                0x02016138        0x8 C:/devkitPro/devkitARM/bin/../lib/gcc/arm-none-eabi/14.1.0/thumb\libgcc.a(unwind-arm.o)
 .ARM.exidx.text.__aeabi_unwind_cpp_pr1
                0x02016140        0x0 C:/devkitPro/devkitARM/bin/../lib/gcc/arm-none-eabi/14.1.0/thumb\libgcc.a(unwind-arm.o)
                                  0x8 (size before relaxing)
 .ARM.exidx.text.__aeabi_unwind_cpp_pr2
                0x02016140        0x0 C:/devkitPro/devkitARM/bin/../lib/gcc/arm-none-eabi/14.1.0/thumb\libgcc.a(unwind-arm.o)
                                  0x8 (size before relaxing)
 .ARM.exidx.text._Unwind_VRS_Pop
                0x02016140        0x8 C:/devkitPro/devkitARM/bin/../lib/gcc/arm-none-eabi/14.1.0/thumb\libgcc.a(unwind-arm.o)
 .ARM.exidx.text.next_unwind_byte
                0x02016148        0x8 C:/devkitPro/devkitARM/bin/../lib/gcc/arm-none-eabi/14.1.0/thumb\libgcc.a(pr-support.o)
 .ARM.exidx.text.__gnu_unwind_execute
                0x02016150       0x10 C:/devkitPro/devkitARM/bin/../lib/gcc/arm-none-eabi/14.1.0/thumb\libgcc.a(pr-support.o)
                                  0x8 (size before relaxing)
                0x02016160                        __exidx_end = .
                0x02016160                        . = ALIGN (0x4)
                0x02016160                        PROVIDE (__preinit_array_start = .)

.preinit_array
 *(.preinit_array)
                0x02016160                        PROVIDE (__preinit_array_end = .)
                0x02016160                        PROVIDE (__init_array_start = .)

.init_array     0x02016160        0x4
 *(SORT_BY_NAME(.init_array.*))
 *(.init_array)
 .init_array    0x02016160        0x4 C:/devkitPro/devkitARM/bin/../lib/gcc/arm-none-eabi/14.1.0/thumb/crtbegin.o
                0x02016164                        PROVIDE (__init_array_end = .)
                [!provide]                        PROVIDE (__fini_array_start = .)

.fini_array     0x02016164        0x4
 *(.fini_array)
 .fini_array    0x02016164        0x4 C:/devkitPro/devkitARM/bin/../lib/gcc/arm-none-eabi/14.1.0/thumb/crtbegin.o
 *(SORT_BY_NAME(.fini_array.*))
                [!provide]                        PROVIDE (__fini_array_end = .)

.ctors          0x02016168        0x0
 *crtbegin.o(.ctors)
 *(EXCLUDE_FILE(*crtend.o) .ctors)
 *(SORT_BY_NAME(.ctors.*))
 *(.ctors)
                0x02016168                        . = ALIGN (0x4)

.dtors          0x02016168        0x0
 *crtbegin.o(.dtors)
 *(EXCLUDE_FILE(*crtend.o) .dtors)
 *(SORT_BY_NAME(.dtors.*))
 *(.dtors)
                0x02016168                        . = ALIGN (0x4)

.eh_frame       0x02016168        0x4
 *(.eh_frame)
 .eh_frame      0x02016168        0x0 C:/devkitPro/devkitARM/bin/../lib/gcc/arm-none-eabi/14.1.0/thumb/crtbegin.o
 .eh_frame      0x02016168        0x4 C:/devkitPro/devkitARM/bin/../lib/gcc/arm-none-eabi/14.1.0/thumb/crtend.o
                0x0201616c                        . = ALIGN (0x4)

.rel.dyn        0x0201616c        0x0
 .rel.iplt      0x0201616c        0x0 C:/devkitPro/devkitARM/bin/../lib/gcc/arm-none-eabi/14.1.0/../../../../arm-none-eabi/lib/thumb/ds_arm9_crt0.o

.gcc_except_table
                0x0201616c        0x0
 *(.gcc_except_table)
                0x0201616c                        . = ALIGN (0x4)

.jcr
 *(.jcr)

.got
 *(.got.plt)
 *(.got)
 *(.rel.got)

.ewram          0x0201616c        0x0
                0x0201616c                        __ewram_start = ABSOLUTE (.)
 *(.ewram)
 *ewram.*(.text)
                0x0201616c                        . = ALIGN (0x4)

.data           0x0201616c     0x187c
                0x0201616c                        __data_start = ABSOLUTE (.)
 *(EXCLUDE_FILE(*.twl*) .data)
 .data          0x0201616c       0x28 C:/devkitPro/libnds/lib\libnds9.a(mpu_setup.o)
 *(EXCLUDE_FILE(*.twl*) .data.*)
 .data.bgControl
                0x02016194       0x20 C:/devkitPro/libnds/lib\libnds9.a(background.o)
                0x02016194                bgControl
 .data.bgScrollTable
                0x020161b4       0x20 C:/devkitPro/libnds/lib\libnds9.a(background.o)
                0x020161b4                bgScrollTable
 .data.bgTransform
                0x020161d4       0x20 C:/devkitPro/libnds/lib\libnds9.a(background.o)
                0x020161d4                bgTransform
 .data.currentConsole
                0x020161f4        0x4 C:/devkitPro/libnds/lib\libnds9.a(console.o)
                0x020161f4                currentConsole
 .data.defaultConsole
                0x020161f8       0x5c C:/devkitPro/libnds/lib\libnds9.a(console.o)
                0x020161f8                defaultConsole
 .data.firstConsoleInit.0
                0x02016254        0x1 C:/devkitPro/libnds/lib\libnds9.a(console.o)
 *fill*         0x02016255        0x3 ff
 .data.oamMain  0x02016258       0x18 C:/devkitPro/libnds/lib\libnds9.a(sprite.o)
                0x02016258                oamMain
 .data.count    0x02016270        0x1 C:/devkitPro/libnds/lib\libnds9.a(keys.o)
 .data.delay    0x02016271        0x1 C:/devkitPro/libnds/lib\libnds9.a(keys.o)
 .data.repeat   0x02016272        0x1 C:/devkitPro/libnds/lib\libnds9.a(keys.o)
 *fill*         0x02016273        0x1 ff
 .data.fifo_buffer_free
                0x02016274        0x4 C:/devkitPro/libnds/lib\libnds9.a(fifosystem.o)
                0x02016274                fifo_buffer_free
 .data.fifo_freewords
                0x02016278        0x4 C:/devkitPro/libnds/lib\libnds9.a(fifosystem.o)
                0x02016278                fifo_freewords
 .data.fifo_receive_queue
                0x0201627c        0x4 C:/devkitPro/libnds/lib\libnds9.a(fifosystem.o)
                0x0201627c                fifo_receive_queue
 .data.fifo_send_queue
                0x02016280        0x4 C:/devkitPro/libnds/lib\libnds9.a(fifosystem.o)
                0x02016280                fifo_send_queue
 .data.__sglue  0x02016284        0xc C:/devkitPro/devkitARM/bin/../lib/gcc/arm-none-eabi/14.1.0/../../../../arm-none-eabi/lib/thumb\libg.a(libc_a-findfp.o)
                0x02016284                __sglue
 .data.__malloc_sbrk_base
                0x02016290        0x4 C:/devkitPro/devkitARM/bin/../lib/gcc/arm-none-eabi/14.1.0/../../../../arm-none-eabi/lib/thumb\libg.a(libc_a-mallocr.o)
                0x02016290                __malloc_sbrk_base
 .data.__malloc_trim_threshold
                0x02016294        0x4 C:/devkitPro/devkitARM/bin/../lib/gcc/arm-none-eabi/14.1.0/../../../../arm-none-eabi/lib/thumb\libg.a(libc_a-mallocr.o)
                0x02016294                __malloc_trim_threshold
 .data.__malloc_av_
                0x02016298      0x408 C:/devkitPro/devkitARM/bin/../lib/gcc/arm-none-eabi/14.1.0/../../../../arm-none-eabi/lib/thumb\libg.a(libc_a-mallocr.o)
                0x02016298                __malloc_av_
 .data._impure_ptr
                0x020166a0        0x4 C:/devkitPro/devkitARM/bin/../lib/gcc/arm-none-eabi/14.1.0/../../../../arm-none-eabi/lib/thumb\libg.a(libc_a-impure.o)
                0x020166a0                _impure_ptr
 *fill*         0x020166a4        0x4 ff
 .data._impure_data
                0x020166a8      0x120 C:/devkitPro/devkitARM/bin/../lib/gcc/arm-none-eabi/14.1.0/../../../../arm-none-eabi/lib/thumb\libg.a(libc_a-impure.o)
                0x020166a8                _impure_data
 .data.__global_locale
                0x020167c8      0x16c C:/devkitPro/devkitARM/bin/../lib/gcc/arm-none-eabi/14.1.0/../../../../arm-none-eabi/lib/thumb\libg.a(libc_a-locale.o)
                0x020167c8                __global_locale
 *fill*         0x02016934        0x4 ff
 .data.handles  0x02016938     0x1000 C:/devkitPro/devkitARM/bin/../lib/gcc/arm-none-eabi/14.1.0/../../../../arm-none-eabi/lib/thumb\libsysbase.a(libsysbase_libsysbase_a-handle_manager.o)
 .data.__stderr_handle
                0x02017938        0xc C:/devkitPro/devkitARM/bin/../lib/gcc/arm-none-eabi/14.1.0/../../../../arm-none-eabi/lib/thumb\libsysbase.a(libsysbase_libsysbase_a-handle_manager.o)
 .data.__stdout_handle
                0x02017944        0xc C:/devkitPro/devkitARM/bin/../lib/gcc/arm-none-eabi/14.1.0/../../../../arm-none-eabi/lib/thumb\libsysbase.a(libsysbase_libsysbase_a-handle_manager.o)
 .data.__stdin_handle
                0x02017950        0xc C:/devkitPro/devkitARM/bin/../lib/gcc/arm-none-eabi/14.1.0/../../../../arm-none-eabi/lib/thumb\libsysbase.a(libsysbase_libsysbase_a-handle_manager.o)
 .data.devoptab_list
                0x0201795c       0x8c C:/devkitPro/devkitARM/bin/../lib/gcc/arm-none-eabi/14.1.0/../../../../arm-none-eabi/lib/thumb\libsysbase.a(libsysbase_libsysbase_a-iosupport.o)
                0x0201795c                devoptab_list
 *(EXCLUDE_FILE(*.twl*) .gnu.linkonce.d*)
                0x020179e8                        . = ALIGN (0x4)
                0x020179e8                        __data_end = ABSOLUTE (.)
                0x020179e8                        __bss_vma = .

.igot.plt       0x020179e8        0x0
 .igot.plt      0x020179e8        0x0 C:/devkitPro/devkitARM/bin/../lib/gcc/arm-none-eabi/14.1.0/../../../../arm-none-eabi/lib/thumb/ds_arm9_crt0.o

.dtcm           0x02ff0000        0x0 load address 0x020179e8
                0x020179e8                        __dtcm_lma = LOADADDR (.dtcm)
                0x02ff0000                        __dtcm_start = ABSOLUTE (.)
 *(.dtcm)
 *(.dtcm.*)
                0x02ff0000                        . = ALIGN (0x4)
                0x02ff0000                        __dtcm_end = ABSOLUTE (.)

.itcm           0x01000100      0x194 load address 0x020179e8
                0x020179e8                        __itcm_lma = LOADADDR (.itcm)
                0x01000100                        __itcm_start = ABSOLUTE (.)
 *(.itcm)
 .itcm          0x01000100       0xc8 C:/devkitPro/libnds/lib\libnds9.a(interrupts.o)
                0x01000100                irqTable
 .itcm          0x010001c8       0xcc C:/devkitPro/libnds/lib\libnds9.a(interruptDispatcher.o)
                0x010001c8                IntrMain
 *.itcm*(.text .stub .text.*)
                0x01000294                        . = ALIGN (0x4)
                0x01000294                        __itcm_end = ABSOLUTE (.)

.vectors        0x01000000        0x0 load address 0x02017b7c
                0x02017b7c                        __vectors_lma = LOADADDR (.vectors)
                0x01000000                        __vectors_start = ABSOLUTE (.)
 *(.vectors .vectors.*)
                0x01000000                        . = ALIGN (0x4)
                0x01000000                        __vectors_end = ABSOLUTE (.)

.sbss           0x02ff0000        0x0
                0x02ff0000                        __sbss_start = ABSOLUTE (.)
                0x02ff0000                        __sbss_start__ = ABSOLUTE (.)
 *(.sbss)
                0x02ff0000                        . = ALIGN (0x4)
                0x02ff0000                        __sbss_end = ABSOLUTE (.)

.bss            0x020179e8     0x15e4
                0x020179e8                        __bss_start = ABSOLUTE (.)
                0x020179e8                        __bss_start__ = ABSOLUTE (.)
 *(EXCLUDE_FILE(*.twl*) .dynbss)
 *(EXCLUDE_FILE(*.twl*) .gnu.linkonce.b*)
 *(EXCLUDE_FILE(*.twl*) .bss*)
 .bss.completed.1
                0x020179e8        0x1 C:/devkitPro/devkitARM/bin/../lib/gcc/arm-none-eabi/14.1.0/thumb/crtbegin.o
 *fill*         0x020179e9        0x3 
 .bss.object.0  0x020179ec       0x18 C:/devkitPro/devkitARM/bin/../lib/gcc/arm-none-eabi/14.1.0/thumb/crtbegin.o
 *fill*         0x02017a04        0x4 
 .bss           0x02017a08      0x400 arm9.o
                0x02017a08                OAMCopy
 .bss.bgIsTextLut
                0x02017e08        0x8 C:/devkitPro/libnds/lib\libnds9.a(background.o)
                0x02017e08                bgIsTextLut
 .bss.bgState   0x02017e10      0x140 C:/devkitPro/libnds/lib\libnds9.a(background.o)
                0x02017e10                bgState
 .bss.SDcallback
                0x02017f50        0x4 C:/devkitPro/libnds/lib\libnds9.a(system.o)
 .bss.currentCopy
                0x02017f54       0x5c C:/devkitPro/libnds/lib\libnds9.a(console.o)
                0x02017f54                currentCopy
 .bss.OamMemory
                0x02017fb0      0x400 C:/devkitPro/libnds/lib\libnds9.a(sprite.o)
                0x02017fb0                OamMemory
 .bss.keys      0x020183b0        0x2 C:/devkitPro/libnds/lib\libnds9.a(keys.o)
 .bss.keysold   0x020183b2        0x2 C:/devkitPro/libnds/lib\libnds9.a(keys.o)
 .bss.keysrepeat
                0x020183b4        0x2 C:/devkitPro/libnds/lib\libnds9.a(keys.o)
 .bss.__dsimode
                0x020183b6        0x1 C:/devkitPro/libnds/lib\libnds9.a(initSystem.o)
                0x020183b6                __dsimode
 *fill*         0x020183b7        0x1 
 .bss.punixTime
                0x020183b8        0x4 C:/devkitPro/libnds/lib\libnds9.a(initSystem.o)
                0x020183b8                punixTime
 .bss.fifo_address_data
                0x020183bc       0x40 C:/devkitPro/libnds/lib\libnds9.a(fifosystem.o)
                0x020183bc                fifo_address_data
 .bss.fifo_address_func
                0x020183fc       0x40 C:/devkitPro/libnds/lib\libnds9.a(fifosystem.o)
                0x020183fc                fifo_address_func
 .bss.fifo_address_queue
                0x0201843c       0x40 C:/devkitPro/libnds/lib\libnds9.a(fifosystem.o)
                0x0201843c                fifo_address_queue
 .bss.fifo_buffer
                0x0201847c      0x800 C:/devkitPro/libnds/lib\libnds9.a(fifosystem.o)
                0x0201847c                fifo_buffer
 .bss.fifo_data_queue
                0x02018c7c       0x40 C:/devkitPro/libnds/lib\libnds9.a(fifosystem.o)
                0x02018c7c                fifo_data_queue
 .bss.fifo_datamsg_data
                0x02018cbc       0x40 C:/devkitPro/libnds/lib\libnds9.a(fifosystem.o)
                0x02018cbc                fifo_datamsg_data
 .bss.fifo_datamsg_func
                0x02018cfc       0x40 C:/devkitPro/libnds/lib\libnds9.a(fifosystem.o)
                0x02018cfc                fifo_datamsg_func
 .bss.fifo_value32_data
                0x02018d3c       0x40 C:/devkitPro/libnds/lib\libnds9.a(fifosystem.o)
                0x02018d3c                fifo_value32_data
 .bss.fifo_value32_func
                0x02018d7c       0x40 C:/devkitPro/libnds/lib\libnds9.a(fifosystem.o)
                0x02018d7c                fifo_value32_func
 .bss.fifo_value32_queue
                0x02018dbc       0x40 C:/devkitPro/libnds/lib\libnds9.a(fifosystem.o)
                0x02018dbc                fifo_value32_queue
 .bss.processing
                0x02018dfc        0x4 C:/devkitPro/libnds/lib\libnds9.a(fifosystem.o)
                0x02018dfc                processing
 .bss           0x02018e00        0x4 C:\devkitPro\libcamera/lib\libcamera9.a(cam9.o)
                0x02018e00                CAM_FIFO_CHANNEL
 .bss.__sfp_recursive_mutex
                0x02018e04        0xc C:/devkitPro/devkitARM/bin/../lib/gcc/arm-none-eabi/14.1.0/../../../../arm-none-eabi/lib/thumb\libg.a(libc_a-findfp.o)
 .bss.__sf      0x02018e10      0x168 C:/devkitPro/devkitARM/bin/../lib/gcc/arm-none-eabi/14.1.0/../../../../arm-none-eabi/lib/thumb\libg.a(libc_a-findfp.o)
                0x02018e10                __sf
 .bss.__stdio_exit_handler
                0x02018f78        0x4 C:/devkitPro/devkitARM/bin/../lib/gcc/arm-none-eabi/14.1.0/../../../../arm-none-eabi/lib/thumb\libg.a(libc_a-findfp.o)
                0x02018f78                __stdio_exit_handler
 .bss.__malloc_current_mallinfo
                0x02018f7c       0x28 C:/devkitPro/devkitARM/bin/../lib/gcc/arm-none-eabi/14.1.0/../../../../arm-none-eabi/lib/thumb\libg.a(libc_a-mallocr.o)
                0x02018f7c                __malloc_current_mallinfo
 .bss.__malloc_max_total_mem
                0x02018fa4        0x4 C:/devkitPro/devkitARM/bin/../lib/gcc/arm-none-eabi/14.1.0/../../../../arm-none-eabi/lib/thumb\libg.a(libc_a-mallocr.o)
                0x02018fa4                __malloc_max_total_mem
 .bss.__malloc_max_sbrked_mem
                0x02018fa8        0x4 C:/devkitPro/devkitARM/bin/../lib/gcc/arm-none-eabi/14.1.0/../../../../arm-none-eabi/lib/thumb\libg.a(libc_a-mallocr.o)
                0x02018fa8                __malloc_max_sbrked_mem
 .bss.__malloc_top_pad
                0x02018fac        0x4 C:/devkitPro/devkitARM/bin/../lib/gcc/arm-none-eabi/14.1.0/../../../../arm-none-eabi/lib/thumb\libg.a(libc_a-mallocr.o)
                0x02018fac                __malloc_top_pad
 .bss.__malloc_recursive_mutex
                0x02018fb0        0xc C:/devkitPro/devkitARM/bin/../lib/gcc/arm-none-eabi/14.1.0/../../../../arm-none-eabi/lib/thumb\libg.a(libc_a-mlock.o)
 .bss.__hndl_lock
                0x02018fbc        0x4 C:/devkitPro/devkitARM/bin/../lib/gcc/arm-none-eabi/14.1.0/../../../../arm-none-eabi/lib/thumb\libsysbase.a(libsysbase_libsysbase_a-handle_manager.o)
 .bss.fake_heap_start
                0x02018fc0        0x4 C:/devkitPro/devkitARM/bin/../lib/gcc/arm-none-eabi/14.1.0/../../../../arm-none-eabi/lib/thumb\libsysbase.a(libsysbase_libsysbase_a-malloc_vars.o)
                0x02018fc0                fake_heap_start
 .bss.fake_heap_end
                0x02018fc4        0x4 C:/devkitPro/devkitARM/bin/../lib/gcc/arm-none-eabi/14.1.0/../../../../arm-none-eabi/lib/thumb\libsysbase.a(libsysbase_libsysbase_a-malloc_vars.o)
                0x02018fc4                fake_heap_end
 .bss.heap_start.0
                0x02018fc8        0x4 C:/devkitPro/devkitARM/bin/../lib/gcc/arm-none-eabi/14.1.0/../../../../arm-none-eabi/lib/thumb\libsysbase.a(libsysbase_libsysbase_a-sbrk.o)
 *(EXCLUDE_FILE(*.twl*) COMMON)
                0x02018fcc                        . = ALIGN (0x4)
                0x02018fcc                        __bss_end__ = ABSOLUTE (.)
                0x02018fcc                        __end__ = ABSOLUTE (.)

.twl            0x02018fcc        0x0 load address 0x02400000
                0x02400000                        __arm9i_lma__ = LOADADDR (.twl)
                0x02018fcc                        __arm9i_start__ = ABSOLUTE (.)
 *(.twl)
 *.twl*(.text .stub .text.* .gnu.linkonce.t.*)
 *.twl*(.rodata)
 *.twl*(.roda)
 *.twl*(.rodata.*)
 *.twl*(.data)
 *.twl*(.data.*)
 *.twl*(.gnu.linkonce.d*)
                0x02018fcc                        __arm9i_end__ = ABSOLUTE (.)

.twl_bss        0x02018fcc        0x0
                0x02018fcc                        __twl_bss_start__ = ABSOLUTE (.)
 *(.twl_bss)
 *.twl*(.dynbss)
 *.twl*(.gnu.linkonce.b*)
 *.twl*(.bss*)
 *.twl*(COMMON)
                0x02018fcc                        . = ALIGN (0x4)
                0x02018fcc                        __twl_bss_end__ = ABSOLUTE (.)
                0x02018fcc                        __twl_end__ = ABSOLUTE (.)

.stab
 *(.stab)

.stabstr
 *(.stabstr)

.stab.excl
 *(.stab.excl)

.stab.exclstr
 *(.stab.exclstr)

.stab.index
 *(.stab.index)

.stab.indexstr
 *(.stab.indexstr)

.comment        0x00000000       0x69
 *(.comment)
 .comment       0x00000000       0x69 C:/devkitPro/devkitARM/bin/../lib/gcc/arm-none-eabi/14.1.0/thumb/crtbegin.o
                                 0x24 (size before relaxing)
 .comment       0x00000069       0x24 arm9.o
 .comment       0x00000069       0x24 C:/devkitPro/libnds/lib\libnds9.a(background.o)
 .comment       0x00000069       0x24 C:/devkitPro/libnds/lib\libnds9.a(trig.o)
 .comment       0x00000069       0x24 C:/devkitPro/libnds/lib\libnds9.a(touch.o)
 .comment       0x00000069       0x24 C:/devkitPro/libnds/lib\libnds9.a(sprite_alloc.o)
 .comment       0x00000069       0x24 C:/devkitPro/libnds/lib\libnds9.a(system.o)
 .comment       0x00000069       0x24 C:/devkitPro/libnds/lib\libnds9.a(console.o)
 .comment       0x00000069       0x24 C:/devkitPro/libnds/lib\libnds9.a(sprite.o)
 .comment       0x00000069       0x24 C:/devkitPro/libnds/lib\libnds9.a(keys.o)
 .comment       0x00000069       0x24 C:/devkitPro/libnds/lib\libnds9.a(initSystem.o)
 .comment       0x00000069       0x24 C:/devkitPro/libnds/lib\libnds9.a(securearea.o)
 .comment       0x00000069       0x24 C:/devkitPro/libnds/lib\libnds9.a(interrupts.o)
 .comment       0x00000069       0x24 C:/devkitPro/libnds/lib\libnds9.a(libnds_exit.arm.o)
 .comment       0x00000069       0x24 C:/devkitPro/libnds/lib\libnds9.a(fifosystem.o)
 .comment       0x00000069       0x24 C:/devkitPro/libnds/lib\libnds9.a(video.o)
 .comment       0x00000069       0x24 C:\devkitPro\libcamera/lib\libcamera9.a(cam9.o)
 .comment       0x00000069       0x24 C:\devkitPro\libcamera/lib\libcamera9.a(cam_dma.o)
 .comment       0x00000069       0x24 C:/devkitPro/devkitARM/bin/../lib/gcc/arm-none-eabi/14.1.0/thumb\libgcc.a(unwind-arm.o)
 .comment       0x00000069       0x24 C:/devkitPro/devkitARM/bin/../lib/gcc/arm-none-eabi/14.1.0/thumb\libgcc.a(pr-support.o)
 .comment       0x00000069       0x24 C:/devkitPro/devkitARM/bin/../lib/gcc/arm-none-eabi/14.1.0/../../../../arm-none-eabi/lib/thumb\libg.a(libc_a-fwrite.o)
 .comment       0x00000069       0x24 C:/devkitPro/devkitARM/bin/../lib/gcc/arm-none-eabi/14.1.0/../../../../arm-none-eabi/lib/thumb\libg.a(libc_a-fvwrite.o)
 .comment       0x00000069       0x24 C:/devkitPro/devkitARM/bin/../lib/gcc/arm-none-eabi/14.1.0/../../../../arm-none-eabi/lib/thumb\libg.a(libc_a-memchr-stub.o)
 .comment       0x00000069       0x24 C:/devkitPro/devkitARM/bin/../lib/gcc/arm-none-eabi/14.1.0/../../../../arm-none-eabi/lib/thumb\libg.a(libc_a-siscanf.o)
 .comment       0x00000069       0x24 C:/devkitPro/devkitARM/bin/../lib/gcc/arm-none-eabi/14.1.0/../../../../arm-none-eabi/lib/thumb\libg.a(libc_a-stdio.o)
 .comment       0x00000069       0x24 C:/devkitPro/devkitARM/bin/../lib/gcc/arm-none-eabi/14.1.0/../../../../arm-none-eabi/lib/thumb\libg.a(libc_a-abort.o)
 .comment       0x00000069       0x24 C:/devkitPro/devkitARM/bin/../lib/gcc/arm-none-eabi/14.1.0/../../../../arm-none-eabi/lib/thumb\libg.a(libc_a-realloc.o)
 .comment       0x00000069       0x24 C:/devkitPro/devkitARM/bin/../lib/gcc/arm-none-eabi/14.1.0/../../../../arm-none-eabi/lib/thumb\libg.a(libc_a-findfp.o)
 .comment       0x00000069       0x24 C:/devkitPro/devkitARM/bin/../lib/gcc/arm-none-eabi/14.1.0/../../../../arm-none-eabi/lib/thumb\libg.a(libc_a-mallocr.o)
 .comment       0x00000069       0x24 C:/devkitPro/devkitARM/bin/../lib/gcc/arm-none-eabi/14.1.0/../../../../arm-none-eabi/lib/thumb\libg.a(libc_a-freer.o)
 .comment       0x00000069       0x24 C:/devkitPro/devkitARM/bin/../lib/gcc/arm-none-eabi/14.1.0/../../../../arm-none-eabi/lib/thumb\libg.a(libc_a-setvbuf.o)
 .comment       0x00000069       0x24 C:/devkitPro/devkitARM/bin/../lib/gcc/arm-none-eabi/14.1.0/../../../../arm-none-eabi/lib/thumb\libg.a(libc_a-malloc.o)
 .comment       0x00000069       0x24 C:/devkitPro/devkitARM/bin/../lib/gcc/arm-none-eabi/14.1.0/../../../../arm-none-eabi/lib/thumb\libg.a(libc_a-memcpy-stub.o)
 .comment       0x00000069       0x24 C:/devkitPro/devkitARM/bin/../lib/gcc/arm-none-eabi/14.1.0/../../../../arm-none-eabi/lib/thumb\libg.a(libc_a-memset.o)
 .comment       0x00000069       0x24 C:/devkitPro/devkitARM/bin/../lib/gcc/arm-none-eabi/14.1.0/../../../../arm-none-eabi/lib/thumb\libg.a(libc_a-reallocr.o)
 .comment       0x00000069       0x24 C:/devkitPro/devkitARM/bin/../lib/gcc/arm-none-eabi/14.1.0/../../../../arm-none-eabi/lib/thumb\libg.a(libc_a-fwalk.o)
 .comment       0x00000069       0x24 C:/devkitPro/devkitARM/bin/../lib/gcc/arm-none-eabi/14.1.0/../../../../arm-none-eabi/lib/thumb\libg.a(libc_a-mlock.o)
 .comment       0x00000069       0x24 C:/devkitPro/devkitARM/bin/../lib/gcc/arm-none-eabi/14.1.0/../../../../arm-none-eabi/lib/thumb\libg.a(libc_a-iprintf.o)
 .comment       0x00000069       0x24 C:/devkitPro/devkitARM/bin/../lib/gcc/arm-none-eabi/14.1.0/../../../../arm-none-eabi/lib/thumb\libg.a(libc_a-init.o)
 .comment       0x00000069       0x24 C:/devkitPro/devkitARM/bin/../lib/gcc/arm-none-eabi/14.1.0/../../../../arm-none-eabi/lib/thumb\libg.a(libc_a-wsetup.o)
 .comment       0x00000069       0x24 C:/devkitPro/devkitARM/bin/../lib/gcc/arm-none-eabi/14.1.0/../../../../arm-none-eabi/lib/thumb\libg.a(libc_a-fflush.o)
 .comment       0x00000069       0x24 C:/devkitPro/devkitARM/bin/../lib/gcc/arm-none-eabi/14.1.0/../../../../arm-none-eabi/lib/thumb\libg.a(libc_a-strlen-stub.o)
 .comment       0x00000069       0x24 C:/devkitPro/devkitARM/bin/../lib/gcc/arm-none-eabi/14.1.0/../../../../arm-none-eabi/lib/thumb\libg.a(libc_a-memmove.o)
 .comment       0x00000069       0x24 C:/devkitPro/devkitARM/bin/../lib/gcc/arm-none-eabi/14.1.0/../../../../arm-none-eabi/lib/thumb\libg.a(libc_a-signal.o)
 .comment       0x00000069       0x24 C:/devkitPro/devkitARM/bin/../lib/gcc/arm-none-eabi/14.1.0/../../../../arm-none-eabi/lib/thumb\libg.a(libc_a-impure.o)
 .comment       0x00000069       0x24 C:/devkitPro/devkitARM/bin/../lib/gcc/arm-none-eabi/14.1.0/../../../../arm-none-eabi/lib/thumb\libg.a(libc_a-vfiprintf.o)
 .comment       0x00000069       0x24 C:/devkitPro/devkitARM/bin/../lib/gcc/arm-none-eabi/14.1.0/../../../../arm-none-eabi/lib/thumb\libg.a(libc_a-malignr.o)
 .comment       0x00000069       0x24 C:/devkitPro/devkitARM/bin/../lib/gcc/arm-none-eabi/14.1.0/../../../../arm-none-eabi/lib/thumb\libg.a(libc_a-svfiscanf.o)
 .comment       0x00000069       0x24 C:/devkitPro/devkitARM/bin/../lib/gcc/arm-none-eabi/14.1.0/../../../../arm-none-eabi/lib/thumb\libg.a(libc_a-strtoul.o)
 .comment       0x00000069       0x24 C:/devkitPro/devkitARM/bin/../lib/gcc/arm-none-eabi/14.1.0/../../../../arm-none-eabi/lib/thumb\libg.a(libc_a-sprint_r.o)
 .comment       0x00000069       0x24 C:/devkitPro/devkitARM/bin/../lib/gcc/arm-none-eabi/14.1.0/../../../../arm-none-eabi/lib/thumb\libg.a(libc_a-iswspace.o)
 .comment       0x00000069       0x24 C:/devkitPro/devkitARM/bin/../lib/gcc/arm-none-eabi/14.1.0/../../../../arm-none-eabi/lib/thumb\libg.a(libc_a-sccl.o)
 .comment       0x00000069       0x24 C:/devkitPro/devkitARM/bin/../lib/gcc/arm-none-eabi/14.1.0/../../../../arm-none-eabi/lib/thumb\libg.a(libc_a-fclose.o)
 .comment       0x00000069       0x24 C:/devkitPro/devkitARM/bin/../lib/gcc/arm-none-eabi/14.1.0/../../../../arm-none-eabi/lib/thumb\libg.a(libc_a-localeconv.o)
 .comment       0x00000069       0x24 C:/devkitPro/devkitARM/bin/../lib/gcc/arm-none-eabi/14.1.0/../../../../arm-none-eabi/lib/thumb\libg.a(libc_a-makebuf.o)
 .comment       0x00000069       0x24 C:/devkitPro/devkitARM/bin/../lib/gcc/arm-none-eabi/14.1.0/../../../../arm-none-eabi/lib/thumb\libg.a(libc_a-wcrtomb.o)
 .comment       0x00000069       0x24 C:/devkitPro/devkitARM/bin/../lib/gcc/arm-none-eabi/14.1.0/../../../../arm-none-eabi/lib/thumb\libg.a(libc_a-strtol.o)
 .comment       0x00000069       0x24 C:/devkitPro/devkitARM/bin/../lib/gcc/arm-none-eabi/14.1.0/../../../../arm-none-eabi/lib/thumb\libg.a(libc_a-errno.o)
 .comment       0x00000069       0x24 C:/devkitPro/devkitARM/bin/../lib/gcc/arm-none-eabi/14.1.0/../../../../arm-none-eabi/lib/thumb\libg.a(libc_a-ctype_.o)
 .comment       0x00000069       0x24 C:/devkitPro/devkitARM/bin/../lib/gcc/arm-none-eabi/14.1.0/../../../../arm-none-eabi/lib/thumb\libg.a(libc_a-strncpy.o)
 .comment       0x00000069       0x24 C:/devkitPro/devkitARM/bin/../lib/gcc/arm-none-eabi/14.1.0/../../../../arm-none-eabi/lib/thumb\libg.a(libc_a-strtoull.o)
 .comment       0x00000069       0x24 C:/devkitPro/devkitARM/bin/../lib/gcc/arm-none-eabi/14.1.0/../../../../arm-none-eabi/lib/thumb\libg.a(libc_a-wcsrtombs.o)
 .comment       0x00000069       0x24 C:/devkitPro/devkitARM/bin/../lib/gcc/arm-none-eabi/14.1.0/../../../../arm-none-eabi/lib/thumb\libg.a(libc_a-svfiprintf.o)
 .comment       0x00000069       0x24 C:/devkitPro/devkitARM/bin/../lib/gcc/arm-none-eabi/14.1.0/../../../../arm-none-eabi/lib/thumb\libg.a(libc_a-mbrtowc.o)
 .comment       0x00000069       0x24 C:/devkitPro/devkitARM/bin/../lib/gcc/arm-none-eabi/14.1.0/../../../../arm-none-eabi/lib/thumb\libg.a(libc_a-ungetc.o)
 .comment       0x00000069       0x24 C:/devkitPro/devkitARM/bin/../lib/gcc/arm-none-eabi/14.1.0/../../../../arm-none-eabi/lib/thumb\libg.a(libc_a-iswspace_l.o)
 .comment       0x00000069       0x24 C:/devkitPro/devkitARM/bin/../lib/gcc/arm-none-eabi/14.1.0/../../../../arm-none-eabi/lib/thumb\libg.a(libc_a-strtoll.o)
 .comment       0x00000069       0x24 C:/devkitPro/devkitARM/bin/../lib/gcc/arm-none-eabi/14.1.0/../../../../arm-none-eabi/lib/thumb\libg.a(libc_a-locale.o)
 .comment       0x00000069       0x24 C:/devkitPro/devkitARM/bin/../lib/gcc/arm-none-eabi/14.1.0/../../../../arm-none-eabi/lib/thumb\libg.a(libc_a-wcsnrtombs.o)
 .comment       0x00000069       0x24 C:/devkitPro/devkitARM/bin/../lib/gcc/arm-none-eabi/14.1.0/../../../../arm-none-eabi/lib/thumb\libg.a(libc_a-mbtowc_r.o)
 .comment       0x00000069       0x24 C:/devkitPro/devkitARM/bin/../lib/gcc/arm-none-eabi/14.1.0/../../../../arm-none-eabi/lib/thumb\libg.a(libc_a-categories.o)
 .comment       0x00000069       0x24 C:/devkitPro/devkitARM/bin/../lib/gcc/arm-none-eabi/14.1.0/../../../../arm-none-eabi/lib/thumb\libg.a(libc_a-wctomb_r.o)
 .comment       0x00000069       0x24 C:/devkitPro/devkitARM/bin/../lib/gcc/arm-none-eabi/14.1.0/../../../../arm-none-eabi/lib/thumb\libsysbase.a(libsysbase_libsysbase_a-_exit.o)
 .comment       0x00000069       0x24 C:/devkitPro/devkitARM/bin/../lib/gcc/arm-none-eabi/14.1.0/../../../../arm-none-eabi/lib/thumb\libsysbase.a(libsysbase_libsysbase_a-build_argv.o)
 .comment       0x00000069       0x24 C:/devkitPro/devkitARM/bin/../lib/gcc/arm-none-eabi/14.1.0/../../../../arm-none-eabi/lib/thumb\libsysbase.a(libsysbase_libsysbase_a-fstat.o)
 .comment       0x00000069       0x24 C:/devkitPro/devkitARM/bin/../lib/gcc/arm-none-eabi/14.1.0/../../../../arm-none-eabi/lib/thumb\libsysbase.a(libsysbase_libsysbase_a-getpid.o)
 .comment       0x00000069       0x24 C:/devkitPro/devkitARM/bin/../lib/gcc/arm-none-eabi/14.1.0/../../../../arm-none-eabi/lib/thumb\libsysbase.a(libsysbase_libsysbase_a-getreent.o)
 .comment       0x00000069       0x24 C:/devkitPro/devkitARM/bin/../lib/gcc/arm-none-eabi/14.1.0/../../../../arm-none-eabi/lib/thumb\libsysbase.a(libsysbase_libsysbase_a-handle_manager.o)
 .comment       0x00000069       0x24 C:/devkitPro/devkitARM/bin/../lib/gcc/arm-none-eabi/14.1.0/../../../../arm-none-eabi/lib/thumb\libsysbase.a(libsysbase_libsysbase_a-iosupport.o)
 .comment       0x00000069       0x24 C:/devkitPro/devkitARM/bin/../lib/gcc/arm-none-eabi/14.1.0/../../../../arm-none-eabi/lib/thumb\libsysbase.a(libsysbase_libsysbase_a-isatty.o)
 .comment       0x00000069       0x24 C:/devkitPro/devkitARM/bin/../lib/gcc/arm-none-eabi/14.1.0/../../../../arm-none-eabi/lib/thumb\libsysbase.a(libsysbase_libsysbase_a-kill.o)
 .comment       0x00000069       0x24 C:/devkitPro/devkitARM/bin/../lib/gcc/arm-none-eabi/14.1.0/../../../../arm-none-eabi/lib/thumb\libsysbase.a(libsysbase_libsysbase_a-lseek.o)
 .comment       0x00000069       0x24 C:/devkitPro/devkitARM/bin/../lib/gcc/arm-none-eabi/14.1.0/../../../../arm-none-eabi/lib/thumb\libsysbase.a(libsysbase_libsysbase_a-malloc_vars.o)
 .comment       0x00000069       0x24 C:/devkitPro/devkitARM/bin/../lib/gcc/arm-none-eabi/14.1.0/../../../../arm-none-eabi/lib/thumb\libsysbase.a(libsysbase_libsysbase_a-read.o)
 .comment       0x00000069       0x24 C:/devkitPro/devkitARM/bin/../lib/gcc/arm-none-eabi/14.1.0/../../../../arm-none-eabi/lib/thumb\libsysbase.a(libsysbase_libsysbase_a-sbrk.o)
 .comment       0x00000069       0x24 C:/devkitPro/devkitARM/bin/../lib/gcc/arm-none-eabi/14.1.0/../../../../arm-none-eabi/lib/thumb\libsysbase.a(libsysbase_libsysbase_a-syscall_support.o)
 .comment       0x00000069       0x24 C:/devkitPro/devkitARM/bin/../lib/gcc/arm-none-eabi/14.1.0/../../../../arm-none-eabi/lib/thumb\libsysbase.a(libsysbase_libsysbase_a-write.o)
 .comment       0x00000069       0x24 C:/devkitPro/devkitARM/bin/../lib/gcc/arm-none-eabi/14.1.0/thumb\libgcc.a(_muldi3.o)
 .comment       0x00000069       0x24 C:/devkitPro/devkitARM/bin/../lib/gcc/arm-none-eabi/14.1.0/thumb\libgcc.a(_udivmoddi4.o)
 .comment       0x00000069       0x24 C:/devkitPro/devkitARM/bin/../lib/gcc/arm-none-eabi/14.1.0/thumb/crtend.o

.ARM.attributes
                0x00000000       0x2d
 .ARM.attributes
                0x00000000       0x21 C:/devkitPro/devkitARM/bin/../lib/gcc/arm-none-eabi/14.1.0/../../../../arm-none-eabi/lib/thumb/ds_arm9_crt0.o
 .ARM.attributes
                0x00000021       0x1c C:/devkitPro/devkitARM/bin/../lib/gcc/arm-none-eabi/14.1.0/thumb/crti.o
 .ARM.attributes
                0x0000003d       0x2a C:/devkitPro/devkitARM/bin/../lib/gcc/arm-none-eabi/14.1.0/thumb/crtbegin.o
 .ARM.attributes
                0x00000067       0x1b ball.o
 .ARM.attributes
                0x00000082       0x1b dandelion.o
 .ARM.attributes
                0x0000009d       0x1b flappy_bird.o
 .ARM.attributes
                0x000000b8       0x1b moustache.o
 .ARM.attributes
                0x000000d3       0x1b nyan.o
 .ARM.attributes
                0x000000ee       0x1b penguin.o
 .ARM.attributes
                0x00000109       0x1b pirate.o
 .ARM.attributes
                0x00000124       0x1b pleading_face.o
 .ARM.attributes
                0x0000013f       0x1b puffle.o
 .ARM.attributes
                0x0000015a       0x1b rose.o
 .ARM.attributes
                0x00000175       0x1b top_hat.o
 .ARM.attributes
                0x00000190       0x27 arm9.o
 .ARM.attributes
                0x000001b7       0x2b C:/devkitPro/libnds/lib\libnds9.a(background.o)
 .ARM.attributes
                0x000001e2       0x2b C:/devkitPro/libnds/lib\libnds9.a(trig.o)
 .ARM.attributes
                0x0000020d       0x2b C:/devkitPro/libnds/lib\libnds9.a(touch.o)
 .ARM.attributes
                0x00000238       0x2b C:/devkitPro/libnds/lib\libnds9.a(sprite_alloc.o)
 .ARM.attributes
                0x00000263       0x2b C:/devkitPro/libnds/lib\libnds9.a(system.o)
 .ARM.attributes
                0x0000028e       0x2b C:/devkitPro/libnds/lib\libnds9.a(console.o)
 .ARM.attributes
                0x000002b9       0x2b C:/devkitPro/libnds/lib\libnds9.a(sprite.o)
 .ARM.attributes
                0x000002e4       0x2b C:/devkitPro/libnds/lib\libnds9.a(keys.o)
 .ARM.attributes
                0x0000030f       0x2b C:/devkitPro/libnds/lib\libnds9.a(initSystem.o)
 .ARM.attributes
                0x0000033a       0x2b C:/devkitPro/libnds/lib\libnds9.a(securearea.o)
 .ARM.attributes
                0x00000365       0x2b C:/devkitPro/libnds/lib\libnds9.a(interrupts.o)
 .ARM.attributes
                0x00000390       0x2b C:/devkitPro/libnds/lib\libnds9.a(libnds_exit.arm.o)
 .ARM.attributes
                0x000003bb       0x2b C:/devkitPro/libnds/lib\libnds9.a(fifosystem.o)
 .ARM.attributes
                0x000003e6       0x1b C:/devkitPro/libnds/lib\libnds9.a(dcache.o)
 .ARM.attributes
                0x00000401       0x21 C:/devkitPro/libnds/lib\libnds9.a(mpu_setup.o)
 .ARM.attributes
                0x00000422       0x21 C:/devkitPro/libnds/lib\libnds9.a(IntrWait.o)
 .ARM.attributes
                0x00000443       0x21 C:/devkitPro/libnds/lib\libnds9.a(cpu_clock.o)
 .ARM.attributes
                0x00000464       0x1b C:/devkitPro/libnds/lib\libnds9.a(interruptDispatcher.o)
 .ARM.attributes
                0x0000047f       0x1b C:/devkitPro/libnds/lib\libnds9.a(biosCalls.o)
 .ARM.attributes
                0x0000049a       0x21 C:/devkitPro/libnds/lib\libnds9.a(swiSoftReset.o)
 .ARM.attributes
                0x000004bb       0x14 C:/devkitPro/libnds/lib\libnds9.a(default_font.bin.o)
 .ARM.attributes
                0x000004cf       0x2b C:/devkitPro/libnds/lib\libnds9.a(video.o)
 .ARM.attributes
                0x000004fa       0x27 C:\devkitPro\libcamera/lib\libcamera9.a(cam9.o)
 .ARM.attributes
                0x00000521       0x27 C:\devkitPro\libcamera/lib\libcamera9.a(cam_dma.o)
 .ARM.attributes
                0x00000548       0x1c C:/devkitPro/devkitARM/bin/../lib/gcc/arm-none-eabi/14.1.0/thumb\libgcc.a(_divsi3.o)
 .ARM.attributes
                0x00000564       0x1c C:/devkitPro/devkitARM/bin/../lib/gcc/arm-none-eabi/14.1.0/thumb\libgcc.a(_dvmd_tls.o)
 .ARM.attributes
                0x00000580       0x2a C:/devkitPro/devkitARM/bin/../lib/gcc/arm-none-eabi/14.1.0/thumb\libgcc.a(unwind-arm.o)
 .ARM.attributes
                0x000005aa       0x1c C:/devkitPro/devkitARM/bin/../lib/gcc/arm-none-eabi/14.1.0/thumb\libgcc.a(libunwind.o)
 .ARM.attributes
                0x000005c6       0x2a C:/devkitPro/devkitARM/bin/../lib/gcc/arm-none-eabi/14.1.0/thumb\libgcc.a(pr-support.o)
 .ARM.attributes
                0x000005f0       0x2a C:/devkitPro/devkitARM/bin/../lib/gcc/arm-none-eabi/14.1.0/../../../../arm-none-eabi/lib/thumb\libg.a(libc_a-fwrite.o)
 .ARM.attributes
                0x0000061a       0x2a C:/devkitPro/devkitARM/bin/../lib/gcc/arm-none-eabi/14.1.0/../../../../arm-none-eabi/lib/thumb\libg.a(libc_a-fvwrite.o)
 .ARM.attributes
                0x00000644       0x2a C:/devkitPro/devkitARM/bin/../lib/gcc/arm-none-eabi/14.1.0/../../../../arm-none-eabi/lib/thumb\libg.a(libc_a-memchr-stub.o)
 .ARM.attributes
                0x0000066e       0x2a C:/devkitPro/devkitARM/bin/../lib/gcc/arm-none-eabi/14.1.0/../../../../arm-none-eabi/lib/thumb\libg.a(libc_a-siscanf.o)
 .ARM.attributes
                0x00000698       0x2a C:/devkitPro/devkitARM/bin/../lib/gcc/arm-none-eabi/14.1.0/../../../../arm-none-eabi/lib/thumb\libg.a(libc_a-stdio.o)
 .ARM.attributes
                0x000006c2       0x2a C:/devkitPro/devkitARM/bin/../lib/gcc/arm-none-eabi/14.1.0/../../../../arm-none-eabi/lib/thumb\libg.a(libc_a-abort.o)
 .ARM.attributes
                0x000006ec       0x2a C:/devkitPro/devkitARM/bin/../lib/gcc/arm-none-eabi/14.1.0/../../../../arm-none-eabi/lib/thumb\libg.a(libc_a-realloc.o)
 .ARM.attributes
                0x00000716       0x2a C:/devkitPro/devkitARM/bin/../lib/gcc/arm-none-eabi/14.1.0/../../../../arm-none-eabi/lib/thumb\libg.a(libc_a-findfp.o)
 .ARM.attributes
                0x00000740       0x2a C:/devkitPro/devkitARM/bin/../lib/gcc/arm-none-eabi/14.1.0/../../../../arm-none-eabi/lib/thumb\libg.a(libc_a-mallocr.o)
 .ARM.attributes
                0x0000076a       0x2a C:/devkitPro/devkitARM/bin/../lib/gcc/arm-none-eabi/14.1.0/../../../../arm-none-eabi/lib/thumb\libg.a(libc_a-freer.o)
 .ARM.attributes
                0x00000794       0x2a C:/devkitPro/devkitARM/bin/../lib/gcc/arm-none-eabi/14.1.0/../../../../arm-none-eabi/lib/thumb\libg.a(libc_a-setvbuf.o)
 .ARM.attributes
                0x000007be       0x2a C:/devkitPro/devkitARM/bin/../lib/gcc/arm-none-eabi/14.1.0/../../../../arm-none-eabi/lib/thumb\libg.a(libc_a-malloc.o)
 .ARM.attributes
                0x000007e8       0x2a C:/devkitPro/devkitARM/bin/../lib/gcc/arm-none-eabi/14.1.0/../../../../arm-none-eabi/lib/thumb\libg.a(libc_a-memcpy-stub.o)
 .ARM.attributes
                0x00000812       0x2a C:/devkitPro/devkitARM/bin/../lib/gcc/arm-none-eabi/14.1.0/../../../../arm-none-eabi/lib/thumb\libg.a(libc_a-memset.o)
 .ARM.attributes
                0x0000083c       0x2a C:/devkitPro/devkitARM/bin/../lib/gcc/arm-none-eabi/14.1.0/../../../../arm-none-eabi/lib/thumb\libg.a(libc_a-reallocr.o)
 .ARM.attributes
                0x00000866       0x2a C:/devkitPro/devkitARM/bin/../lib/gcc/arm-none-eabi/14.1.0/../../../../arm-none-eabi/lib/thumb\libg.a(libc_a-fwalk.o)
 .ARM.attributes
                0x00000890       0x2a C:/devkitPro/devkitARM/bin/../lib/gcc/arm-none-eabi/14.1.0/../../../../arm-none-eabi/lib/thumb\libg.a(libc_a-mlock.o)
 .ARM.attributes
                0x000008ba       0x2a C:/devkitPro/devkitARM/bin/../lib/gcc/arm-none-eabi/14.1.0/../../../../arm-none-eabi/lib/thumb\libg.a(libc_a-iprintf.o)
 .ARM.attributes
                0x000008e4       0x2a C:/devkitPro/devkitARM/bin/../lib/gcc/arm-none-eabi/14.1.0/../../../../arm-none-eabi/lib/thumb\libg.a(libc_a-init.o)
 .ARM.attributes
                0x0000090e       0x2a C:/devkitPro/devkitARM/bin/../lib/gcc/arm-none-eabi/14.1.0/../../../../arm-none-eabi/lib/thumb\libg.a(libc_a-wsetup.o)
 .ARM.attributes
                0x00000938       0x2a C:/devkitPro/devkitARM/bin/../lib/gcc/arm-none-eabi/14.1.0/../../../../arm-none-eabi/lib/thumb\libg.a(libc_a-fflush.o)
 .ARM.attributes
                0x00000962       0x2a C:/devkitPro/devkitARM/bin/../lib/gcc/arm-none-eabi/14.1.0/../../../../arm-none-eabi/lib/thumb\libg.a(libc_a-strlen-stub.o)
 .ARM.attributes
                0x0000098c       0x2a C:/devkitPro/devkitARM/bin/../lib/gcc/arm-none-eabi/14.1.0/../../../../arm-none-eabi/lib/thumb\libg.a(libc_a-memmove.o)
 .ARM.attributes
                0x000009b6       0x2a C:/devkitPro/devkitARM/bin/../lib/gcc/arm-none-eabi/14.1.0/../../../../arm-none-eabi/lib/thumb\libg.a(libc_a-signal.o)
 .ARM.attributes
                0x000009e0       0x2a C:/devkitPro/devkitARM/bin/../lib/gcc/arm-none-eabi/14.1.0/../../../../arm-none-eabi/lib/thumb\libg.a(libc_a-impure.o)
 .ARM.attributes
                0x00000a0a       0x2a C:/devkitPro/devkitARM/bin/../lib/gcc/arm-none-eabi/14.1.0/../../../../arm-none-eabi/lib/thumb\libg.a(libc_a-vfiprintf.o)
 .ARM.attributes
                0x00000a34       0x2a C:/devkitPro/devkitARM/bin/../lib/gcc/arm-none-eabi/14.1.0/../../../../arm-none-eabi/lib/thumb\libg.a(libc_a-malignr.o)
 .ARM.attributes
                0x00000a5e       0x2a C:/devkitPro/devkitARM/bin/../lib/gcc/arm-none-eabi/14.1.0/../../../../arm-none-eabi/lib/thumb\libg.a(libc_a-svfiscanf.o)
 .ARM.attributes