Archive member included to satisfy reference by file (symbol)

C:/devkitPro/libnds/lib\libnds9.a(background.o)
                              arm9.o (bgState)
C:/devkitPro/libnds/lib\libnds9.a(trig.o)
                              C:/devkitPro/libnds/lib\libnds9.a(background.o) (sinLerp)
C:/devkitPro/libnds/lib\libnds9.a(touch.o)
                              arm9.o (touchRead)
C:/devkitPro/libnds/lib\libnds9.a(sprite_alloc.o)
                              arm9.o (oamAllocateGfx)
C:/devkitPro/libnds/lib\libnds9.a(system.o)
                              arm9.o (enableSlot1)
C:/devkitPro/libnds/lib\libnds9.a(console.o)
                              arm9.o (consoleDemoInit)
C:/devkitPro/libnds/lib\libnds9.a(sprite.o)
                              arm9.o (oamInit)
C:/devkitPro/libnds/lib\libnds9.a(keys.o)
                              arm9.o (scanKeys)
C:/devkitPro/libnds/lib\libnds9.a(initSystem.o)
                              C:/devkitPro/devkitARM/bin/../lib/gcc/arm-none-eabi/14.1.0/../../../../arm-none-eabi/lib/thumb/ds_arm9_crt0.o (initSystem)
C:/devkitPro/libnds/lib\libnds9.a(securearea.o)
                              C:/devkitPro/devkitARM/bin/../lib/gcc/arm-none-eabi/14.1.0/../../../../arm-none-eabi/lib/thumb/ds_arm9_crt0.o (__secure_area__)
C:/devkitPro/libnds/lib\libnds9.a(interrupts.o)
                              C:/devkitPro/libnds/lib\libnds9.a(initSystem.o) (irqInit)
C:/devkitPro/libnds/lib\libnds9.a(libnds_exit.arm.o)
                              C:/devkitPro/devkitARM/bin/../lib/gcc/arm-none-eabi/14.1.0/../../../../arm-none-eabi/lib/thumb/ds_arm9_crt0.o (__libnds_exit)
C:/devkitPro/libnds/lib\libnds9.a(fifosystem.o)
                              C:/devkitPro/libnds/lib\libnds9.a(initSystem.o) (fifoSetValue32Handler)
C:/devkitPro/libnds/lib\libnds9.a(dcache.o)
                              C:/devkitPro/libnds/lib\libnds9.a(sprite.o) (DC_FlushRange)
C:/devkitPro/libnds/lib\libnds9.a(mpu_setup.o)
                              C:/devkitPro/devkitARM/bin/../lib/gcc/arm-none-eabi/14.1.0/../../../../arm-none-eabi/lib/thumb/ds_arm9_crt0.o (__libnds_mpu_setup)
C:/devkitPro/libnds/lib\libnds9.a(IntrWait.o)
                              arm9.o (swiWaitForVBlank)
C:/devkitPro/libnds/lib\libnds9.a(cpu_clock.o)
                              C:/devkitPro/libnds/lib\libnds9.a(initSystem.o) (setCpuClock)
C:/devkitPro/libnds/lib\libnds9.a(interruptDispatcher.o)
                              C:/devkitPro/libnds/lib\libnds9.a(interrupts.o) (IntrMain)
C:/devkitPro/libnds/lib\libnds9.a(biosCalls.o)
                              arm9.o (swiDelay)
C:/devkitPro/libnds/lib\libnds9.a(debugprint.o)
                              C:/devkitPro/libnds/lib\libnds9.a(console.o) (nocashWrite)
C:/devkitPro/libnds/lib\libnds9.a(swiSoftReset.o)
                              C:/devkitPro/libnds/lib\libnds9.a(fifosystem.o) (swiSoftReset)
C:/devkitPro/libnds/lib\libnds9.a(default_font.bin.o)
                              C:/devkitPro/libnds/lib\libnds9.a(console.o) (default_font_bin)
C:/devkitPro/libnds/lib\libnds9.a(video.o)
                              C:/devkitPro/libnds/lib\libnds9.a(initSystem.o) (vramDefault)
C:\devkitPro\libcamera/lib\libcamera9.a(cam9.o)
                              arm9.o (camInit)
C:\devkitPro\libcamera/lib\libcamera9.a(cam_dma.o)
                              C:\devkitPro\libcamera/lib\libcamera9.a(cam9.o) (camDMAStart)
C:/devkitPro/devkitARM/bin/../lib/gcc/arm-none-eabi/14.1.0/thumb\libgcc.a(_divsi3.o)
                              arm9.o (__aeabi_idivmod)
C:/devkitPro/devkitARM/bin/../lib/gcc/arm-none-eabi/14.1.0/thumb\libgcc.a(_dvmd_tls.o)
                              C:/devkitPro/devkitARM/bin/../lib/gcc/arm-none-eabi/14.1.0/thumb\libgcc.a(_divsi3.o) (__aeabi_idiv0)
C:/devkitPro/devkitARM/bin/../lib/gcc/arm-none-eabi/14.1.0/thumb\libgcc.a(_sync_none.o)
                              (__sync_synchronize_none)
C:/devkitPro/devkitARM/bin/../lib/gcc/arm-none-eabi/14.1.0/thumb\libgcc.a(unwind-arm.o)
                              arm9.o (__aeabi_unwind_cpp_pr1)
C:/devkitPro/devkitARM/bin/../lib/gcc/arm-none-eabi/14.1.0/thumb\libgcc.a(libunwind.o)
                              C:/devkitPro/devkitARM/bin/../lib/gcc/arm-none-eabi/14.1.0/thumb\libgcc.a(unwind-arm.o) (restore_core_regs)
C:/devkitPro/devkitARM/bin/../lib/gcc/arm-none-eabi/14.1.0/thumb\libgcc.a(pr-support.o)
                              C:/devkitPro/devkitARM/bin/../lib/gcc/arm-none-eabi/14.1.0/thumb\libgcc.a(unwind-arm.o) (__gnu_unwind_execute)
C:/devkitPro/devkitARM/bin/../lib/gcc/arm-none-eabi/14.1.0/../../../../arm-none-eabi/lib/thumb\libg.a(libc_a-fwrite.o)
                              C:\devkitPro\libcamera/lib\libcamera9.a(cam9.o) (fwrite)
C:/devkitPro/devkitARM/bin/../lib/gcc/arm-none-eabi/14.1.0/../../../../arm-none-eabi/lib/thumb\libg.a(libc_a-fvwrite.o)
                              C:/devkitPro/devkitARM/bin/../lib/gcc/arm-none-eabi/14.1.0/../../../../arm-none-eabi/lib/thumb\libg.a(libc_a-fwrite.o) (__sfvwrite_r)
[...]
Memory Configuration

Name             Origin             Length             Attributes
ewram            0x02000000         0x00380000
dtcm             0x02ff0000         0x00004000
vectors          0x01000000         0x00000100
itcm             0x01000100         0x00007f00
*default*        0x00000000         0xffffffff

Linker script and memory map

                0x00000000                        __sync_synchronize = __sync_synchronize_none
                0x02380000                        __ewram_end = (ORIGIN (ewram) + LENGTH (ewram))
                0x02380000                        __eheap_end = (ORIGIN (ewram) + LENGTH (ewram))
                0x02ff4000                        __dtcm_top = (ORIGIN (dtcm) + LENGTH (dtcm))
                0x02ff3ff8                        __irq_flags = (__dtcm_top - 0x8)
                0x02ff3ffc                        __irq_vector = (__dtcm_top - 0x4)
                0x02ff3f00                        __sp_svc = (__dtcm_top - 0x100)
                0x02ff3e00                        __sp_irq = (__sp_svc - 0x100)
                0x02ff3d00                        __sp_usr = (__sp_irq - 0x100)

.secure         0x02000000      0x800
 *(.secure)
 .secure        0x02000000      0x800 C:/devkitPro/libnds/lib\libnds9.a(securearea.o)
                0x02000000                __secure_area__

.crt0           0x02000800      0x300
                0x02000800                        __text_start = .
 *(.crt0)
 .crt0          0x02000800      0x300 C:/devkitPro/devkitARM/bin/../lib/gcc/arm-none-eabi/14.1.0/../../../../arm-none-eabi/lib/thumb/ds_arm9_crt0.o
                0x02000800                _start
                0x02000b00                        . = ALIGN (0x4)

.plt
 *(.plt)

.init           0x02000b00        0xc
 *(SORT_NONE(.init))
 .init          0x02000b00        0x4 C:/devkitPro/devkitARM/bin/../lib/gcc/arm-none-eabi/14.1.0/thumb/crti.o
                0x02000b00                _init
 .init          0x02000b04        0x8 C:/devkitPro/devkitARM/bin/../lib/gcc/arm-none-eabi/14.1.0/thumb/crtn.o

.text           0x02000b10     0xb1f8
 *(EXCLUDE_FILE(*.twl* *.vectors* *.itcm*) .text)
 .text          0x02000b10      0x1fc C:\devkitPro\libcamera/lib\libcamera9.a(cam9.o)
                0x02000b10                waitForARM7
                0x02000b38                camInit
                0x02000c74                camFetch
                0x02000cac                camStop
                0x02000cdc                camSwitch
 .text          0x02000d0c       0x50 C:\devkitPro\libcamera/lib\libcamera9.a(cam_dma.o)
                0x02000d0c                camDMAStart
 .text          0x02000d5c      0x150 C:/devkitPro/devkitARM/bin/../lib/gcc/arm-none-eabi/14.1.0/thumb\libgcc.a(_divsi3.o)
                0x02000d5c                __divsi3
                0x02000d5c                __aeabi_idiv
                0x02000e8c                __aeabi_idivmod
 .text          0x02000eac        0x4 C:/devkitPro/devkitARM/bin/../lib/gcc/arm-none-eabi/14.1.0/thumb\libgcc.a(_dvmd_tls.o)
                0x02000eac                __aeabi_idiv0
                0x02000eac                __aeabi_ldiv0
 .text          0x02000eb0      0x1d8 C:/devkitPro/devkitARM/bin/../lib/gcc/arm-none-eabi/14.1.0/thumb\libgcc.a(libunwind.o)
                0x02000eb0                __restore_core_regs
                0x02000eb0                restore_core_regs
                0x02000ecc                __gnu_Unwind_Restore_VFP
                0x02000ed4                __gnu_Unwind_Save_VFP
                0x02000edc                __gnu_Unwind_Restore_VFP_D
                0x02000ee4                __gnu_Unwind_Save_VFP_D
                0x02000eec                __gnu_Unwind_Restore_VFP_D_16_to_31
                0x02000ef4                __gnu_Unwind_Save_VFP_D_16_to_31
                0x02000efc                __gnu_Unwind_Restore_WMMXD
                0x02000f40                __gnu_Unwind_Save_WMMXD
                0x02000f84                __gnu_Unwind_Restore_WMMXC
                0x02000f98                __gnu_Unwind_Save_WMMXC
                0x02000fac                ___Unwind_RaiseException
                0x02000fac                _Unwind_RaiseException
                0x02000fd8                _Unwind_Resume
                0x02000fd8                ___Unwind_Resume
                0x02001004                _Unwind_Resume_or_Rethrow
                0x02001004                ___Unwind_Resume_or_Rethrow
                0x02001030                _Unwind_ForcedUnwind
                0x02001030                ___Unwind_ForcedUnwind
                0x0200105c                ___Unwind_Backtrace
                0x0200105c                _Unwind_Backtrace
 .text          0x02001088       0x14 C:/devkitPro/devkitARM/bin/../lib/gcc/arm-none-eabi/14.1.0/thumb\libgcc.a(_thumb1_case_uqi.o)
                0x02001088                __gnu_thumb1_case_uqi
 .text          0x0200109c       0x14 C:/devkitPro/devkitARM/bin/../lib/gcc/arm-none-eabi/14.1.0/thumb\libgcc.a(_thumb1_case_uhi.o)
                0x0200109c                __gnu_thumb1_case_uhi
 .text          0x020010b0      0x11c C:/devkitPro/devkitARM/bin/../lib/gcc/arm-none-eabi/14.1.0/thumb\libgcc.a(_udivsi3.o)
                0x020010b0                __aeabi_uidiv
                0x020010b0                __udivsi3
                0x020011ac                __aeabi_uidivmod
 .text          0x020011cc       0x3c C:/devkitPro/devkitARM/bin/../lib/gcc/arm-none-eabi/14.1.0/thumb\libgcc.a(_aeabi_uldivmod.o)
                0x020011cc                __aeabi_uldivmod
 .text          0x02001208       0x28 C:/devkitPro/devkitARM/bin/../lib/gcc/arm-none-eabi/14.1.0/thumb\libgcc.a(_clzdi2.o)
                0x02001208                __clzdi2
 .text          0x02001230       0x48 C:/devkitPro/devkitARM/bin/../lib/gcc/arm-none-eabi/14.1.0/thumb\libgcc.a(_clzsi2.o)
                0x02001230                __clzsi2
 *(EXCLUDE_FILE(*.twl* *.vectors* *.itcm*) .stub)
 *(EXCLUDE_FILE(*.twl* *.vectors* *.itcm*) .text.*)
 .text.__do_global_dtors_aux
                0x02001278       0x2c C:/devkitPro/devkitARM/bin/../lib/gcc/arm-none-eabi/14.1.0/thumb/crtbegin.o
 .text.frame_dummy
                0x020012a4       0x24 C:/devkitPro/devkitARM/bin/../lib/gcc/arm-none-eabi/14.1.0/thumb/crtbegin.o
 .text.startup  0x020012c8      0x620 arm9.o
                0x020012c8                main
 .text.checkIfText
                0x020018e8       0x5c C:/devkitPro/libnds/lib\libnds9.a(background.o)
                0x020018e8                checkIfText
 .text.bgUpdate
                0x02001944       0xf4 C:/devkitPro/libnds/lib\libnds9.a(background.o)
                0x02001944                bgUpdate
 .text.bgInit_call
                0x02001a38       0xc4 C:/devkitPro/libnds/lib\libnds9.a(background.o)
                0x02001a38                bgInit_call
 .text.bgInitSub_call
                0x02001afc       0xcc C:/devkitPro/libnds/lib\libnds9.a(background.o)
                0x02001afc                bgInitSub_call
 .text.sinLutLookup
                0x02001bc8       0x4c C:/devkitPro/libnds/lib\libnds9.a(trig.o)
                0x02001bc8                sinLutLookup
 .text.sinLerp  0x02001c14       0x40 C:/devkitPro/libnds/lib\libnds9.a(trig.o)
                0x02001c14                sinLerp
 .text.cosLerp  0x02001c54       0x4c C:/devkitPro/libnds/lib\libnds9.a(trig.o)
                0x02001c54                cosLerp
 .text.touchRead
                0x02001ca0       0x24 C:/devkitPro/libnds/lib\libnds9.a(touch.o)
                0x02001ca0                touchRead
 .text.oamAllocReset
                0x02001cc4       0x1c C:/devkitPro/libnds/lib\libnds9.a(sprite_alloc.o)
                0x02001cc4                oamAllocReset
 .text.oamAllocateGfx
                0x02001ce0      0x50c C:/devkitPro/libnds/lib\libnds9.a(sprite_alloc.o)
                0x02001ce0                oamAllocateGfx
 .text.systemValueHandler
                0x020021ec       0x48 C:/devkitPro/libnds/lib\libnds9.a(system.o)
                0x020021ec                systemValueHandler
 .text.systemMsgHandler
                0x02002234       0x60 C:/devkitPro/libnds/lib\libnds9.a(system.o)
                0x02002234                systemMsgHandler
 .text.powerOn  0x02002294       0x2c C:/devkitPro/libnds/lib\libnds9.a(system.o)
                0x02002294                powerOn
 .text.enableSlot1
                0x020022c0       0x1c C:/devkitPro/libnds/lib\libnds9.a(system.o)
                0x020022c0                enableSlot1
 .text.newRow   0x020022dc       0xa8 C:/devkitPro/libnds/lib\libnds9.a(console.o)
 .text.consolePrintChar
                0x02002384       0xe0 C:/devkitPro/libnds/lib\libnds9.a(console.o)
                0x02002384                consolePrintChar
 .text.con_write
                0x02002464      0x36c C:/devkitPro/libnds/lib\libnds9.a(console.o)
                0x02002464                con_write
 .text.consoleLoadFont
                0x020027d0      0x2a0 C:/devkitPro/libnds/lib\libnds9.a(console.o)
                0x020027d0                consoleLoadFont
 .text.consoleInit
                0x02002a70      0x18c C:/devkitPro/libnds/lib\libnds9.a(console.o)
                0x02002a70                consoleInit
 .text.consoleDemoInit
                0x02002bfc       0x40 C:/devkitPro/libnds/lib\libnds9.a(console.o)
                0x02002bfc                consoleDemoInit
 .text.oamInit  0x02002c3c      0x114 C:/devkitPro/libnds/lib\libnds9.a(sprite.o)
                0x02002c3c                oamInit
 .text.oamGetGfxPtr
                0x02002d50       0x38 C:/devkitPro/libnds/lib\libnds9.a(sprite.o)
                0x02002d50                oamGetGfxPtr
 .text.oamGfxPtrToOffset
                0x02002d88       0x34 C:/devkitPro/libnds/lib\libnds9.a(sprite.o)
                0x02002d88                oamGfxPtrToOffset
 .text.oamSet   0x02002dbc      0x104 C:/devkitPro/libnds/lib\libnds9.a(sprite.o)
                0x02002dbc                oamSet
 .text.oamUpdate
                0x02002ec0       0x60 C:/devkitPro/libnds/lib\libnds9.a(sprite.o)
                0x02002ec0                oamUpdate
 .text.scanKeys
                0x02002f20       0x8c C:/devkitPro/libnds/lib\libnds9.a(keys.o)
                0x02002f20                scanKeys
 .text.keysDown
                0x02002fac       0x14 C:/devkitPro/libnds/lib\libnds9.a(keys.o)
                0x02002fac                keysDown
 .text.__syscall_exit
                0x02002fc0        0x8 C:/devkitPro/libnds/lib\libnds9.a(initSystem.o)
                0x02002fc0                __syscall_exit
 .text.initSystem
                0x02002fc8      0x180 C:/devkitPro/libnds/lib\libnds9.a(initSystem.o)
                0x02002fc8                initSystem
 .text.irqDummy
                0x02003148        0x4 C:/devkitPro/libnds/lib\libnds9.a(interrupts.o)
                0x02003148                irqDummy
 .text.irqSet   0x0200314c       0x6c C:/devkitPro/libnds/lib\libnds9.a(interrupts.o)
                0x0200314c                irqSet
 .text.irqInit  0x020031b8       0x50 C:/devkitPro/libnds/lib\libnds9.a(interrupts.o)
                0x020031b8                irqInit
 .text.irqEnable
                0x02003208       0x64 C:/devkitPro/libnds/lib\libnds9.a(interrupts.o)
                0x02003208                irqEnable
 .text.systemErrorExit
                0x0200326c        0x4 C:/devkitPro/libnds/lib\libnds9.a(libnds_exit.arm.o)
                0x0200326c                systemErrorExit
 .text.__libnds_exit
                0x02003270       0x5c C:/devkitPro/libnds/lib\libnds9.a(libnds_exit.arm.o)
                0x02003270                __libnds_exit
 .text.fifo_queueBlock
                0x020032cc       0x44 C:/devkitPro/libnds/lib\libnds9.a(fifosystem.o)
 .text.fifo_waitBlock
                0x02003310       0x80 C:/devkitPro/libnds/lib\libnds9.a(fifosystem.o)
 .text.fifoInternalSend.part.0
                0x02003390       0xd4 C:/devkitPro/libnds/lib\libnds9.a(fifosystem.o)
 .text.fifoInternalSendInterrupt
                0x02003464       0xb0 C:/devkitPro/libnds/lib\libnds9.a(fifosystem.o)
 .text.fifoSetValue32Handler
                0x02003514       0xd4 C:/devkitPro/libnds/lib\libnds9.a(fifosystem.o)
                0x02003514                fifoSetValue32Handler
 .text.fifoSendValue32
                0x020035e8       0x4c C:/devkitPro/libnds/lib\libnds9.a(fifosystem.o)
                0x020035e8                fifoSendValue32
 .text.fifoGetValue32
                0x02003634       0x70 C:/devkitPro/libnds/lib\libnds9.a(fifosystem.o)
                0x02003634                fifoGetValue32
 .text.fifoGetDatamsg
                0x020036a4       0xf4 C:/devkitPro/libnds/lib\libnds9.a(fifosystem.o)
                0x020036a4                fifoGetDatamsg
 .text.fifoInternalRecvInterrupt
                0x02003798      0x37c C:/devkitPro/libnds/lib\libnds9.a(fifosystem.o)
 .text.fifoSetDatamsgHandler
                0x02003b14       0x9c C:/devkitPro/libnds/lib\libnds9.a(fifosystem.o)
                0x02003b14                fifoSetDatamsgHandler
 .text.fifoCheckValue32
                0x02003bb0       0x24 C:/devkitPro/libnds/lib\libnds9.a(fifosystem.o)
                0x02003bb0                fifoCheckValue32
 .text.fifoInit
                0x02003bd4      0x108 C:/devkitPro/libnds/lib\libnds9.a(fifosystem.o)
                0x02003bd4                fifoInit
 .text.DC_FlushRange
                0x02003cdc       0x24 C:/devkitPro/libnds/lib\libnds9.a(dcache.o)
                0x02003cdc                DC_FlushRange
 .text.__libnds_mpu_setup
                0x02003d00      0x174 C:/devkitPro/libnds/lib\libnds9.a(mpu_setup.o)
                0x02003d00                __libnds_mpu_setup
 .text.memUncached
                0x02003e74       0x20 C:/devkitPro/libnds/lib\libnds9.a(mpu_setup.o)
                0x02003e74                memUncached
 .text.swiWaitForVBlank
                0x02003e94        0x8 C:/devkitPro/libnds/lib\libnds9.a(IntrWait.o)
                0x02003e94                swiWaitForVBlank
 .text.swiIntrWait
                0x02003e9c       0x70 C:/devkitPro/libnds/lib\libnds9.a(IntrWait.o)
                0x02003e9c                swiIntrWait
 .text.setCpuClock
                0x02003f0c       0x50 C:/devkitPro/libnds/lib\libnds9.a(cpu_clock.o)
                0x02003f0c                setCpuClock
 .text.swiDelay
                0x02003f5c        0x4 C:/devkitPro/libnds/lib\libnds9.a(biosCalls.o)
                0x02003f5c                swiDelay
 .text.swiSoftReset
                0x02003f60       0x2c C:/devkitPro/libnds/lib\libnds9.a(swiSoftReset.o)
                0x02003f60                swiSoftReset
 .text.vramDefault
                0x02003f8c       0xd0 C:/devkitPro/libnds/lib\libnds9.a(video.o)
                0x02003f8c                vramDefault
 .text.selfrel_offset31
                0x0200405c       0x18 C:/devkitPro/devkitARM/bin/../lib/gcc/arm-none-eabi/14.1.0/thumb\libgcc.a(unwind-arm.o)
 .text.search_EIT_table
                0x02004074       0x74 C:/devkitPro/devkitARM/bin/../lib/gcc/arm-none-eabi/14.1.0/thumb\libgcc.a(unwind-arm.o)
 .text.__gnu_unwind_get_pr_addr
                0x020040e8       0x28 C:/devkitPro/devkitARM/bin/../lib/gcc/arm-none-eabi/14.1.0/thumb\libgcc.a(unwind-arm.o)
 .text.get_eit_entry
                0x02004110       0x98 C:/devkitPro/devkitARM/bin/../lib/gcc/arm-none-eabi/14.1.0/thumb\libgcc.a(unwind-arm.o)
 .text.restore_non_core_regs
                0x020041a8       0x60 C:/devkitPro/devkitARM/bin/../lib/gcc/arm-none-eabi/14.1.0/thumb\libgcc.a(unwind-arm.o)
 .text._Unwind_decode_typeinfo_ptr.constprop.0
                0x02004208        0xc C:/devkitPro/devkitARM/bin/../lib/gcc/arm-none-eabi/14.1.0/thumb\libgcc.a(unwind-arm.o)
 .text._Unwind_DebugHook
                0x02004214        0x4 C:/devkitPro/devkitARM/bin/../lib/gcc/arm-none-eabi/14.1.0/thumb\libgcc.a(unwind-arm.o)
 .text.unwind_phase2
                0x02004218       0x40 C:/devkitPro/devkitARM/bin/../lib/gcc/arm-none-eabi/14.1.0/thumb\libgcc.a(unwind-arm.o)
 .text.unwind_phase2_forced
                0x02004258       0xe8 C:/devkitPro/devkitARM/bin/../lib/gcc/arm-none-eabi/14.1.0/thumb\libgcc.a(unwind-arm.o)
 .text.__gnu_Unwind_RaiseException
                0x02004340       0x5c C:/devkitPro/devkitARM/bin/../lib/gcc/arm-none-eabi/14.1.0/thumb\libgcc.a(unwind-arm.o)
                0x02004340                __gnu_Unwind_RaiseException
 .text.__gnu_Unwind_ForcedUnwind
                0x0200439c       0x18 C:/devkitPro/devkitARM/bin/../lib/gcc/arm-none-eabi/14.1.0/thumb\libgcc.a(unwind-arm.o)
                0x0200439c                __gnu_Unwind_ForcedUnwind
 .text.__gnu_Unwind_Resume
                0x020043b4       0x4c C:/devkitPro/devkitARM/bin/../lib/gcc/arm-none-eabi/14.1.0/thumb\libgcc.a(unwind-arm.o)
                0x020043b4                __gnu_Unwind_Resume
 .text.__gnu_Unwind_Resume_or_Rethrow
                0x02004400       0x20 C:/devkitPro/devkitARM/bin/../lib/gcc/arm-none-eabi/14.1.0/thumb\libgcc.a(unwind-arm.o)
                0x02004400                __gnu_Unwind_Resume_or_Rethrow
 .text._Unwind_VRS_Get
                0x02004420       0x44 C:/devkitPro/devkitARM/bin/../lib/gcc/arm-none-eabi/14.1.0/thumb\libgcc.a(unwind-arm.o)
                0x02004420                _Unwind_VRS_Get
 .text._Unwind_GetGR
                0x02004464       0x1c C:/devkitPro/devkitARM/bin/../lib/gcc/arm-none-eabi/14.1.0/thumb\libgcc.a(unwind-arm.o)
 .text._Unwind_VRS_Set
                0x02004480       0x44 C:/devkitPro/devkitARM/bin/../lib/gcc/arm-none-eabi/14.1.0/thumb\libgcc.a(unwind-arm.o)
                0x02004480                _Unwind_VRS_Set
 .text._Unwind_SetGR
                0x020044c4       0x1c C:/devkitPro/devkitARM/bin/../lib/gcc/arm-none-eabi/14.1.0/thumb\libgcc.a(unwind-arm.o)
 .text.__gnu_Unwind_Backtrace
                0x020044e0       0x8c C:/devkitPro/devkitARM/bin/../lib/gcc/arm-none-eabi/14.1.0/thumb\libgcc.a(unwind-arm.o)
                0x020044e0                __gnu_Unwind_Backtrace
 .text.__gnu_unwind_pr_common
                0x0200456c      0x2cc C:/devkitPro/devkitARM/bin/../lib/gcc/arm-none-eabi/14.1.0/thumb\libgcc.a(unwind-arm.o)
 .text.__aeabi_unwind_cpp_pr0
                0x02004838       0x10 C:/devkitPro/devkitARM/bin/../lib/gcc/arm-none-eabi/14.1.0/thumb\libgcc.a(unwind-arm.o)
                0x02004838                __aeabi_unwind_cpp_pr0
 .text.__aeabi_unwind_cpp_pr1
                0x02004848       0x10 C:/devkitPro/devkitARM/bin/../lib/gcc/arm-none-eabi/14.1.0/thumb\libgcc.a(unwind-arm.o)
                0x02004848                __aeabi_unwind_cpp_pr1
 .text.__aeabi_unwind_cpp_pr2
                0x02004858       0x10 C:/devkitPro/devkitARM/bin/../lib/gcc/arm-none-eabi/14.1.0/thumb\libgcc.a(unwind-arm.o)
                0x02004858                __aeabi_unwind_cpp_pr2
 .text._Unwind_VRS_Pop
                0x02004868      0x2e4 C:/devkitPro/devkitARM/bin/../lib/gcc/arm-none-eabi/14.1.0/thumb\libgcc.a(unwind-arm.o)
                0x02004868                _Unwind_VRS_Pop
 .text.next_unwind_byte
                0x02004b4c       0x34 C:/devkitPro/devkitARM/bin/../lib/gcc/arm-none-eabi/14.1.0/thumb\libgcc.a(pr-support.o)
 .text.__gnu_unwind_execute
                0x02004b80      0x30c C:/devkitPro/devkitARM/bin/../lib/gcc/arm-none-eabi/14.1.0/thumb\libgcc.a(pr-support.o)
                0x02004b80                __gnu_unwind_execute
 .text._fwrite_r
                0x02004e8c       0xa4 C:/devkitPro/devkitARM/bin/../lib/gcc/arm-none-eabi/14.1.0/../../../../arm-none-eabi/lib/thumb\libg.a(libc_a-fwrite.o)
                0x02004e8c                _fwrite_r
 .text.fwrite   0x02004f30       0x24 C:/devkitPro/devkitARM/bin/../lib/gcc/arm-none-eabi/14.1.0/../../../../arm-none-eabi/lib/thumb\libg.a(libc_a-fwrite.o)
                0x02004f30                fwrite
 .text.__sfvwrite_r
                0x02004f54      0x304 C:/devkitPro/devkitARM/bin/../lib/gcc/arm-none-eabi/14.1.0/../../../../arm-none-eabi/lib/thumb\libg.a(libc_a-fvwrite.o)
                0x02004f54                __sfvwrite_r
 .text.memchr   0x02005258       0x80 C:/devkitPro/devkitARM/bin/../lib/gcc/arm-none-eabi/14.1.0/../../../../arm-none-eabi/lib/thumb\libg.a(libc_a-memchr-stub.o)
                0x02005258                memchr
 .text.siscanf  0x020052d8       0x50 C:/devkitPro/devkitARM/bin/../lib/gcc/arm-none-eabi/14.1.0/../../../../arm-none-eabi/lib/thumb\libg.a(libc_a-siscanf.o)
                0x020052d8                siscanf
 .text.__sread  0x02005328       0x34 C:/devkitPro/devkitARM/bin/../lib/gcc/arm-none-eabi/14.1.0/../../../../arm-none-eabi/lib/thumb\libg.a(libc_a-stdio.o)
                0x02005328                __sread
 .text.__seofread
                0x0200535c        0x4 C:/devkitPro/devkitARM/bin/../lib/gcc/arm-none-eabi/14.1.0/../../../../arm-none-eabi/lib/thumb\libg.a(libc_a-stdio.o)
                0x0200535c                __seofread
 .text.__swrite
                0x02005360       0x4c C:/devkitPro/devkitARM/bin/../lib/gcc/arm-none-eabi/14.1.0/../../../../arm-none-eabi/lib/thumb\libg.a(libc_a-stdio.o)
                0x02005360                __swrite
 .text.__sseek  0x020053ac       0x3c C:/devkitPro/devkitARM/bin/../lib/gcc/arm-none-eabi/14.1.0/../../../../arm-none-eabi/lib/thumb\libg.a(libc_a-stdio.o)
                0x020053ac                __sseek
 .text.__sclose
                0x020053e8       0x10 C:/devkitPro/devkitARM/bin/../lib/gcc/arm-none-eabi/14.1.0/../../../../arm-none-eabi/lib/thumb\libg.a(libc_a-stdio.o)
                0x020053e8                __sclose
 .text.abort    0x020053f8       0x10 C:/devkitPro/devkitARM/bin/../lib/gcc/arm-none-eabi/14.1.0/../../../../arm-none-eabi/lib/thumb\libg.a(libc_a-abort.o)
                0x020053f8                abort
 .text.realloc  0x02005408       0x18 C:/devkitPro/devkitARM/bin/../lib/gcc/arm-none-eabi/14.1.0/../../../../arm-none-eabi/lib/thumb\libg.a(libc_a-realloc.o)
                0x02005408                realloc
 .text.stdio_exit_handler
                0x02005420       0x20 C:/devkitPro/devkitARM/bin/../lib/gcc/arm-none-eabi/14.1.0/../../../../arm-none-eabi/lib/thumb\libg.a(libc_a-findfp.o)
 .text.cleanup_stdio
                0x02005440       0x40 C:/devkitPro/devkitARM/bin/../lib/gcc/arm-none-eabi/14.1.0/../../../../arm-none-eabi/lib/thumb\libg.a(libc_a-findfp.o)
 .text.global_stdio_init.part.0
                0x02005480      0x128 C:/devkitPro/devkitARM/bin/../lib/gcc/arm-none-eabi/14.1.0/../../../../arm-none-eabi/lib/thumb\libg.a(libc_a-findfp.o)
 .text.__sinit  0x020055a8       0x3c C:/devkitPro/devkitARM/bin/../lib/gcc/arm-none-eabi/14.1.0/../../../../arm-none-eabi/lib/thumb\libg.a(libc_a-findfp.o)
                0x020055a8                __sinit
 .text.__sfp_lock_acquire
                0x020055e4       0x14 C:/devkitPro/devkitARM/bin/../lib/gcc/arm-none-eabi/14.1.0/../../../../arm-none-eabi/lib/thumb\libg.a(libc_a-findfp.o)
                0x020055e4                __sfp_lock_acquire
 .text.__sfp_lock_release
                0x020055f8       0x14 C:/devkitPro/devkitARM/bin/../lib/gcc/arm-none-eabi/14.1.0/../../../../arm-none-eabi/lib/thumb\libg.a(libc_a-findfp.o)
                0x020055f8                __sfp_lock_release
 .text._malloc_r
                0x0200560c      0x588 C:/devkitPro/devkitARM/bin/../lib/gcc/arm-none-eabi/14.1.0/../../../../arm-none-eabi/lib/thumb\libg.a(libc_a-mallocr.o)
                0x0200560c                _malloc_r
 .text._malloc_trim_r
                0x02005b94       0xac C:/devkitPro/devkitARM/bin/../lib/gcc/arm-none-eabi/14.1.0/../../../../arm-none-eabi/lib/thumb\libg.a(libc_a-freer.o)
                0x02005b94                _malloc_trim_r
 .text._free_r  0x02005c40      0x1f4 C:/devkitPro/devkitARM/bin/../lib/gcc/arm-none-eabi/14.1.0/../../../../arm-none-eabi/lib/thumb\libg.a(libc_a-freer.o)
                0x02005c40                _free_r
 .text.setvbuf  0x02005e34      0x1ac C:/devkitPro/devkitARM/bin/../lib/gcc/arm-none-eabi/14.1.0/../../../../arm-none-eabi/lib/thumb\libg.a(libc_a-setvbuf.o)
                0x02005e34                setvbuf
 .text.malloc   0x02005fe0       0x28 C:/devkitPro/devkitARM/bin/../lib/gcc/arm-none-eabi/14.1.0/../../../../arm-none-eabi/lib/thumb\libg.a(libc_a-malloc.o)
                0x02005fe0                malloc
 .text.free     0x02006008       0x14 C:/devkitPro/devkitARM/bin/../lib/gcc/arm-none-eabi/14.1.0/../../../../arm-none-eabi/lib/thumb\libg.a(libc_a-malloc.o)
                0x02006008                free
 .text.memcpy   0x0200601c       0xb0 C:/devkitPro/devkitARM/bin/../lib/gcc/arm-none-eabi/14.1.0/../../../../arm-none-eabi/lib/thumb\libg.a(libc_a-memcpy-stub.o)
                0x0200601c                memcpy
 .text.memset   0x020060cc       0x98 C:/devkitPro/devkitARM/bin/../lib/gcc/arm-none-eabi/14.1.0/../../../../arm-none-eabi/lib/thumb\libg.a(libc_a-memset.o)
                0x020060cc                memset
 .text._realloc_r
                0x02006164      0x384 C:/devkitPro/devkitARM/bin/../lib/gcc/arm-none-eabi/14.1.0/../../../../arm-none-eabi/lib/thumb\libg.a(libc_a-reallocr.o)
                0x02006164                _realloc_r
 .text._fwalk_sglue
                0x020064e8       0x4c C:/devkitPro/devkitARM/bin/../lib/gcc/arm-none-eabi/14.1.0/../../../../arm-none-eabi/lib/thumb\libg.a(libc_a-fwalk.o)
                0x020064e8                _fwalk_sglue
 .text.__malloc_lock
                0x02006534       0x14 C:/devkitPro/devkitARM/bin/../lib/gcc/arm-none-eabi/14.1.0/../../../../arm-none-eabi/lib/thumb\libg.a(libc_a-mlock.o)
                0x02006534                __malloc_lock
 .text.__malloc_unlock
                0x02006548       0x14 C:/devkitPro/devkitARM/bin/../lib/gcc/arm-none-eabi/14.1.0/../../../../arm-none-eabi/lib/thumb\libg.a(libc_a-mlock.o)
                0x02006548                __malloc_unlock
 .text.iprintf  0x0200655c       0x24 C:/devkitPro/devkitARM/bin/../lib/gcc/arm-none-eabi/14.1.0/../../../../arm-none-eabi/lib/thumb\libg.a(libc_a-iprintf.o)
                0x0200655c                iprintf
 .text.__libc_init_array
                0x02006580       0x54 C:/devkitPro/devkitARM/bin/../lib/gcc/arm-none-eabi/14.1.0/../../../../arm-none-eabi/lib/thumb\libg.a(libc_a-init.o)
                0x02006580                __libc_init_array
 .text.__swsetup_r
                0x020065d4      0x100 C:/devkitPro/devkitARM/bin/../lib/gcc/arm-none-eabi/14.1.0/../../../../arm-none-eabi/lib/thumb\libg.a(libc_a-wsetup.o)
                0x020065d4                __swsetup_r
 .text.__sflush_r
                0x020066d4      0x194 C:/devkitPro/devkitARM/bin/../lib/gcc/arm-none-eabi/14.1.0/../../../../arm-none-eabi/lib/thumb\libg.a(libc_a-fflush.o)
                0x020066d4                __sflush_r
 .text._fflush_r
                0x02006868       0x70 C:/devkitPro/devkitARM/bin/../lib/gcc/arm-none-eabi/14.1.0/../../../../arm-none-eabi/lib/thumb\libg.a(libc_a-fflush.o)
                0x02006868                _fflush_r
 .text.strlen   0x020068d8       0x60 C:/devkitPro/devkitARM/bin/../lib/gcc/arm-none-eabi/14.1.0/../../../../arm-none-eabi/lib/thumb\libg.a(libc_a-strlen-stub.o)
                0x020068d8                strlen
 .text.memmove  0x02006938       0xcc C:/devkitPro/devkitARM/bin/../lib/gcc/arm-none-eabi/14.1.0/../../../../arm-none-eabi/lib/thumb\libg.a(libc_a-memmove.o)
                0x02006938                memmove
 .text._raise_r
                0x02006a04       0x60 C:/devkitPro/devkitARM/bin/../lib/gcc/arm-none-eabi/14.1.0/../../../../arm-none-eabi/lib/thumb\libg.a(libc_a-signal.o)
                0x02006a04                _raise_r
 .text.raise    0x02006a64       0x14 C:/devkitPro/devkitARM/bin/../lib/gcc/arm-none-eabi/14.1.0/../../../../arm-none-eabi/lib/thumb\libg.a(libc_a-signal.o)
                0x02006a64                raise
 .text.get_arg  0x02006a78      0x428 C:/devkitPro/devkitARM/bin/../lib/gcc/arm-none-eabi/14.1.0/../../../../arm-none-eabi/lib/thumb\libg.a(libc_a-vfiprintf.o)
 .text._vfiprintf_r
                0x02006ea0     0x170c C:/devkitPro/devkitARM/bin/../lib/gcc/arm-none-eabi/14.1.0/../../../../arm-none-eabi/lib/thumb\libg.a(libc_a-vfiprintf.o)
                0x02006ea0                _vfiprintf_r
 .text.__sbprintf
                0x020085ac       0x7c C:/devkitPro/devkitARM/bin/../lib/gcc/arm-none-eabi/14.1.0/../../../../arm-none-eabi/lib/thumb\libg.a(libc_a-vfiprintf.o)
 .text._memalign_r
                0x02008628      0x128 C:/devkitPro/devkitARM/bin/../lib/gcc/arm-none-eabi/14.1.0/../../../../arm-none-eabi/lib/thumb\libg.a(libc_a-malignr.o)
                0x02008628                _memalign_r
 .text.get_arg  0x02008750       0x3e C:/devkitPro/devkitARM/bin/../lib/gcc/arm-none-eabi/14.1.0/../../../../arm-none-eabi/lib/thumb\libg.a(libc_a-svfiscanf.o)
 .text._sungetc_r
                0x0200878e       0x7e C:/devkitPro/devkitARM/bin/../lib/gcc/arm-none-eabi/14.1.0/../../../../arm-none-eabi/lib/thumb\libg.a(libc_a-svfiscanf.o)
                0x0200878e                _sungetc_r
 .text.__ssrefill_r
                0x0200880c       0x42 C:/devkitPro/devkitARM/bin/../lib/gcc/arm-none-eabi/14.1.0/../../../../arm-none-eabi/lib/thumb\libg.a(libc_a-svfiscanf.o)
                0x0200880c                __ssrefill_r
 .text._sfread_r
                0x0200884e       0x88 C:/devkitPro/devkitARM/bin/../lib/gcc/arm-none-eabi/14.1.0/../../../../arm-none-eabi/lib/thumb\libg.a(libc_a-svfiscanf.o)
                0x0200884e                _sfread_r
 *fill*         0x020088d6        0x2 ff
 .text.__ssvfiscanf_r
                0x020088d8     0x1a78 C:/devkitPro/devkitARM/bin/../lib/gcc/arm-none-eabi/14.1.0/../../../../arm-none-eabi/lib/thumb\libg.a(libc_a-svfiscanf.o)
                0x020088d8                __ssvfiscanf_r
 .text._strtoul_l.isra.0
                0x0200a350      0x154 C:/devkitPro/devkitARM/bin/../lib/gcc/arm-none-eabi/14.1.0/../../../../arm-none-eabi/lib/thumb\libg.a(libc_a-strtoul.o)
 .text._strtoul_r
                0x0200a4a4       0x20 C:/devkitPro/devkitARM/bin/../lib/gcc/arm-none-eabi/14.1.0/../../../../arm-none-eabi/lib/thumb\libg.a(libc_a-strtoul.o)
                0x0200a4a4                _strtoul_r
 .text.__sprint_r
                0x0200a4c4       0x24 C:/devkitPro/devkitARM/bin/../lib/gcc/arm-none-eabi/14.1.0/../../../../arm-none-eabi/lib/thumb\libg.a(libc_a-sprint_r.o)
                0x0200a4c4                __sprint_r
 .text.iswspace
                0x0200a4e8       0x10 C:/devkitPro/devkitARM/bin/../lib/gcc/arm-none-eabi/14.1.0/../../../../arm-none-eabi/lib/thumb\libg.a(libc_a-iswspace.o)
                0x0200a4e8                iswspace
 .text.__sccl   0x0200a4f8       0xa0 C:/devkitPro/devkitARM/bin/../lib/gcc/arm-none-eabi/14.1.0/../../../../arm-none-eabi/lib/thumb\libg.a(libc_a-sccl.o)
                0x0200a4f8                __sccl
 .text._fclose_r
                0x0200a598       0xd4 C:/devkitPro/devkitARM/bin/../lib/gcc/arm-none-eabi/14.1.0/../../../../arm-none-eabi/lib/thumb\libg.a(libc_a-fclose.o)
                0x0200a598                _fclose_r
 .text._localeconv_r
                0x0200a66c       0x1c C:/devkitPro/devkitARM/bin/../lib/gcc/arm-none-eabi/14.1.0/../../../../arm-none-eabi/lib/thumb\libg.a(libc_a-localeconv.o)
                0x0200a66c                _localeconv_r
 .text.__smakebuf_r
                0x0200a688       0xdc C:/devkitPro/devkitARM/bin/../lib/gcc/arm-none-eabi/14.1.0/../../../../arm-none-eabi/lib/thumb\libg.a(libc_a-makebuf.o)
                0x0200a688                __smakebuf_r
 .text.__swhatbuf_r
                0x0200a764       0x5c C:/devkitPro/devkitARM/bin/../lib/gcc/arm-none-eabi/14.1.0/../../../../arm-none-eabi/lib/thumb\libg.a(libc_a-makebuf.o)
                0x0200a764                __swhatbuf_r
 .text._wcrtomb_r
                0x0200a7c0       0x84 C:/devkitPro/devkitARM/bin/../lib/gcc/arm-none-eabi/14.1.0/../../../../arm-none-eabi/lib/thumb\libg.a(libc_a-wcrtomb.o)
                0x0200a7c0                _wcrtomb_r
 .text._strtol_l.part.0
                0x0200a844      0x25c C:/devkitPro/devkitARM/bin/../lib/gcc/arm-none-eabi/14.1.0/../../../../arm-none-eabi/lib/thumb\libg.a(libc_a-strtol.o)
 .text._strtol_r
                0x0200aaa0       0x34 C:/devkitPro/devkitARM/bin/../lib/gcc/arm-none-eabi/14.1.0/../../../../arm-none-eabi/lib/thumb\libg.a(libc_a-strtol.o)
                0x0200aaa0                _strtol_r
 .text.__errno  0x0200aad4        0xc C:/devkitPro/devkitARM/bin/../lib/gcc/arm-none-eabi/14.1.0/../../../../arm-none-eabi/lib/thumb\libg.a(libc_a-errno.o)
                0x0200aad4                __errno
 .text.strncpy  0x0200aae0       0x68 C:/devkitPro/devkitARM/bin/../lib/gcc/arm-none-eabi/14.1.0/../../../../arm-none-eabi/lib/thumb\libg.a(libc_a-strncpy.o)
                0x0200aae0                strncpy
 .text._strtoull_l.isra.0
                0x0200ab48      0x1bc C:/devkitPro/devkitARM/bin/../lib/gcc/arm-none-eabi/14.1.0/../../../../arm-none-eabi/lib/thumb\libg.a(libc_a-strtoull.o)
 .text._strtoull_r
                0x0200ad04       0x20 C:/devkitPro/devkitARM/bin/../lib/gcc/arm-none-eabi/14.1.0/../../../../arm-none-eabi/lib/thumb\libg.a(libc_a-strtoull.o)
                0x0200ad04                _strtoull_r
 .text._wcsrtombs_r
                0x0200ad24       0x1c C:/devkitPro/devkitARM/bin/../lib/gcc/arm-none-eabi/14.1.0/../../../../arm-none-eabi/lib/thumb\libg.a(libc_a-wcsrtombs.o)
                0x0200ad24                _wcsrtombs_r
 .text._mbrtowc_r
                0x0200ad40       0x90 C:/devkitPro/devkitARM/bin/../lib/gcc/arm-none-eabi/14.1.0/../../../../arm-none-eabi/lib/thumb\libg.a(libc_a-mbrtowc.o)
                0x0200ad40                _mbrtowc_r
 .text.__submore
                0x0200add0       0x88 C:/devkitPro/devkitARM/bin/../lib/gcc/arm-none-eabi/14.1.0/../../../../arm-none-eabi/lib/thumb\libg.a(libc_a-ungetc.o)
                0x0200add0                __submore
 .text.iswspace_l
                0x0200ae58       0x28 C:/devkitPro/devkitARM/bin/../lib/gcc/arm-none-eabi/14.1.0/../../../../arm-none-eabi/lib/thumb\libg.a(libc_a-iswspace_l.o)
                0x0200ae58                iswspace_l
 .text._strtoll_l.isra.0
                0x0200ae80      0x30c C:/devkitPro/devkitARM/bin/../lib/gcc/arm-none-eabi/14.1.0/../../../../arm-none-eabi/lib/thumb\libg.a(libc_a-strtoll.o)
 .text._strtoll_r
                0x0200b18c       0x20 C:/devkitPro/devkitARM/bin/../lib/gcc/arm-none-eabi/14.1.0/../../../../arm-none-eabi/lib/thumb\libg.a(libc_a-strtoll.o)
                0x0200b18c                _strtoll_r
 .text.__locale_mb_cur_max
                0x0200b1ac       0x20 C:/devkitPro/devkitARM/bin/../lib/gcc/arm-none-eabi/14.1.0/../../../../arm-none-eabi/lib/thumb\libg.a(libc_a-locale.o)
                0x0200b1ac                __locale_mb_cur_max
 .text._wcsnrtombs_l
                0x0200b1cc      0x10c C:/devkitPro/devkitARM/bin/../lib/gcc/arm-none-eabi/14.1.0/../../../../arm-none-eabi/lib/thumb\libg.a(libc_a-wcsnrtombs.o)
                0x0200b1cc                _wcsnrtombs_l
 .text._wcsnrtombs_r
                0x0200b2d8       0x40 C:/devkitPro/devkitARM/bin/../lib/gcc/arm-none-eabi/14.1.0/../../../../arm-none-eabi/lib/thumb\libg.a(libc_a-wcsnrtombs.o)
                0x0200b2d8                _wcsnrtombs_r
 .text.__utf8_mbtowc
                0x0200b318      0x234 C:/devkitPro/devkitARM/bin/../lib/gcc/arm-none-eabi/14.1.0/../../../../arm-none-eabi/lib/thumb\libg.a(libc_a-mbtowc_r.o)
                0x0200b318                __utf8_mbtowc
 .text.category
                0x0200b54c       0x58 C:/devkitPro/devkitARM/bin/../lib/gcc/arm-none-eabi/14.1.0/../../../../arm-none-eabi/lib/thumb\libg.a(libc_a-categories.o)
                0x0200b54c                category
 .text.__utf8_wctomb
                0x0200b5a4       0xb4 C:/devkitPro/devkitARM/bin/../lib/gcc/arm-none-eabi/14.1.0/../../../../arm-none-eabi/lib/thumb\libg.a(libc_a-wctomb_r.o)
                0x0200b5a4                __utf8_wctomb
 .text._exit    0x0200b658       0x14 C:/devkitPro/devkitARM/bin/../lib/gcc/arm-none-eabi/14.1.0/../../../../arm-none-eabi/lib/thumb\libsysbase.a(libsysbase_libsysbase_a-_exit.o)
                0x0200b658                _exit
 .text.build_argv
                0x0200b66c       0x54 C:/devkitPro/devkitARM/bin/../lib/gcc/arm-none-eabi/14.1.0/../../../../arm-none-eabi/lib/thumb\libsysbase.a(libsysbase_libsysbase_a-build_argv.o)
                0x0200b66c                build_argv
 .text._fstat_r
                0x0200b6c0       0x58 C:/devkitPro/devkitARM/bin/../lib/gcc/arm-none-eabi/14.1.0/../../../../arm-none-eabi/lib/thumb\libsysbase.a(libsysbase_libsysbase_a-fstat.o)
                0x0200b6c0                _fstat_r
 .text._getpid_r
                0x0200b718        0xc C:/devkitPro/devkitARM/bin/../lib/gcc/arm-none-eabi/14.1.0/../../../../arm-none-eabi/lib/thumb\libsysbase.a(libsysbase_libsysbase_a-getpid.o)
                0x0200b718                _getpid_r
 .text.__getreent
                0x0200b724       0x20 C:/devkitPro/devkitARM/bin/../lib/gcc/arm-none-eabi/14.1.0/../../../../arm-none-eabi/lib/thumb\libsysbase.a(libsysbase_libsysbase_a-getreent.o)
                0x0200b724                __getreent
 .text.__get_handle
                0x0200b744       0x34 C:/devkitPro/devkitARM/bin/../lib/gcc/arm-none-eabi/14.1.0/../../../../arm-none-eabi/lib/thumb\libsysbase.a(libsysbase_libsysbase_a-handle_manager.o)
                0x0200b744                __get_handle
 .text._close_r
                0x0200b778       0xb8 C:/devkitPro/devkitARM/bin/../lib/gcc/arm-none-eabi/14.1.0/../../../../arm-none-eabi/lib/thumb\libsysbase.a(libsysbase_libsysbase_a-handle_manager.o)
                0x0200b778                _close_r
 .text.null_write
                0x0200b830        0x4 C:/devkitPro/devkitARM/bin/../lib/gcc/arm-none-eabi/14.1.0/../../../../arm-none-eabi/lib/thumb\libsysbase.a(libsysbase_libsysbase_a-iosupport.o)
 .text._isatty_r
                0x0200b834        0x4 C:/devkitPro/devkitARM/bin/../lib/gcc/arm-none-eabi/14.1.0/../../../../arm-none-eabi/lib/thumb\libsysbase.a(libsysbase_libsysbase_a-isatty.o)
                0x0200b834                _isatty_r
 .text._kill_r  0x0200b838        0xc C:/devkitPro/devkitARM/bin/../lib/gcc/arm-none-eabi/14.1.0/../../../../arm-none-eabi/lib/thumb\libsysbase.a(libsysbase_libsysbase_a-kill.o)
                0x0200b838                _kill_r
 .text._lseek_r
                0x0200b844       0x60 C:/devkitPro/devkitARM/bin/../lib/gcc/arm-none-eabi/14.1.0/../../../../arm-none-eabi/lib/thumb\libsysbase.a(libsysbase_libsysbase_a-lseek.o)
                0x0200b844                _lseek_r
 .text._read_r  0x0200b8a4       0x58 C:/devkitPro/devkitARM/bin/../lib/gcc/arm-none-eabi/14.1.0/../../../../arm-none-eabi/lib/thumb\libsysbase.a(libsysbase_libsysbase_a-read.o)
                0x0200b8a4                _read_r
 .text._sbrk_r  0x0200b8fc       0x54 C:/devkitPro/devkitARM/bin/../lib/gcc/arm-none-eabi/14.1.0/../../../../arm-none-eabi/lib/thumb\libsysbase.a(libsysbase_libsysbase_a-sbrk.o)
                0x0200b8fc                _sbrk_r
 .text.__libc_lock_acquire
                0x0200b950       0x18 C:/devkitPro/devkitARM/bin/../lib/gcc/arm-none-eabi/14.1.0/../../../../arm-none-eabi/lib/thumb\libsysbase.a(libsysbase_libsysbase_a-syscall_support.o)
                0x0200b950                __libc_lock_acquire
 .text.__libc_lock_release
                0x0200b968       0x18 C:/devkitPro/devkitARM/bin/../lib/gcc/arm-none-eabi/14.1.0/../../../../arm-none-eabi/lib/thumb\libsysbase.a(libsysbase_libsysbase_a-syscall_support.o)
                0x0200b968                __libc_lock_release
 .text.__libc_lock_acquire_recursive
                0x0200b980       0x18 C:/devkitPro/devkitARM/bin/../lib/gcc/arm-none-eabi/14.1.0/../../../../arm-none-eabi/lib/thumb\libsysbase.a(libsysbase_libsysbase_a-syscall_support.o)
                0x0200b980                __libc_lock_acquire_recursive
 .text.__libc_lock_release_recursive
                0x0200b998       0x18 C:/devkitPro/devkitARM/bin/../lib/gcc/arm-none-eabi/14.1.0/../../../../arm-none-eabi/lib/thumb\libsysbase.a(libsysbase_libsysbase_a-syscall_support.o)
                0x0200b998                __libc_lock_release_recursive
 .text._write_r
                0x0200b9b0       0x58 C:/devkitPro/devkitARM/bin/../lib/gcc/arm-none-eabi/14.1.0/../../../../arm-none-eabi/lib/thumb\libsysbase.a(libsysbase_libsysbase_a-write.o)
                0x0200b9b0                _write_r
 .text.__muldi3
                0x0200ba08       0x64 C:/devkitPro/devkitARM/bin/../lib/gcc/arm-none-eabi/14.1.0/thumb\libgcc.a(_muldi3.o)
                0x0200ba08                __muldi3
                0x0200ba08                __aeabi_lmul
 .text.__udivmoddi4
                0x0200ba6c      0x19c C:/devkitPro/devkitARM/bin/../lib/gcc/arm-none-eabi/14.1.0/thumb\libgcc.a(_udivmoddi4.o)
                0x0200ba6c                __udivmoddi4
 .text.__udivmoddi4.__stub
                0x0200bc08       0xf0 linker stubs
 *(EXCLUDE_FILE(*.twl*) .gnu.warning)
 *(EXCLUDE_FILE(*.twl*) .gnu.linkonce.t*)
 *(.glue_7)
 .glue_7        0x0200bd08        0x0 linker stubs
 *(.glue_7t)
 .glue_7t       0x0200bd08        0x0 linker stubs
                0x0200bd08                        . = ALIGN (0x4)

.vfp11_veneer   0x0200bd08        0x0
 .vfp11_veneer  0x0200bd08        0x0 linker stubs

.v4_bx          0x0200bd08        0x0
 .v4_bx         0x0200bd08        0x0 linker stubs

.iplt           0x0200bd08        0x0
 .iplt          0x0200bd08        0x0 C:/devkitPro/devkitARM/bin/../lib/gcc/arm-none-eabi/14.1.0/../../../../arm-none-eabi/lib/thumb/ds_arm9_crt0.o

.fini           0x0200bd08        0xc
 *(.fini)
 .fini          0x0200bd08        0x4 C:/devkitPro/devkitARM/bin/../lib/gcc/arm-none-eabi/14.1.0/thumb/crti.o
                0x0200bd08                _fini
 .fini          0x0200bd0c        0x8 C:/devkitPro/devkitARM/bin/../lib/gcc/arm-none-eabi/14.1.0/thumb/crtn.o
                0x0200bd14                        __text_end = .

.rodata         0x0200bd14     0x7b84
 *(EXCLUDE_FILE(*.twl*) .rodata)
 .rodata        0x0200bd14      0x600 ball.o
                0x0200bd14                ballTiles
                0x0200c114                ballPal
 .rodata        0x0200c314      0x600 dandelion.o
                0x0200c314                dandelionTiles
                0x0200c714                dandelionPal
 .rodata        0x0200c914      0x600 penguin.o
                0x0200c914                penguinTiles
                0x0200cd14                penguinPal
 .rodata        0x0200cf14      0x600 puffle.o
                0x0200cf14                puffleTiles
                0x0200d314                pufflePal
 .rodata        0x0200d514      0x600 rose.o
                0x0200d514                roseTiles
                0x0200d914                rosePal
 .rodata        0x0200db14       0x18 arm9.o
 *all.rodata*(*)
 *(EXCLUDE_FILE(*.twl*) .roda)
 *(EXCLUDE_FILE(*.twl*) .rodata.*)
 .rodata.str1.4
                0x0200db2c      0x150 arm9.o
                                 0x9b (size before relaxing)
 .rodata.SIN_LUT
                0x0200dc7c      0x102 C:/devkitPro/libnds/lib\libnds9.a(trig.o)
                0x0200dc7c                SIN_LUT
 .rodata.con_write.str1.4
                0x0200dd7e       0x30 C:/devkitPro/libnds/lib\libnds9.a(console.o)
 *fill*         0x0200dd7e        0x2 ff
 .rodata.con_write
                0x0200dd80       0xd4 C:/devkitPro/libnds/lib\libnds9.a(console.o)
 .rodata.str1.4
                0x0200de54       0x14 C:/devkitPro/libnds/lib\libnds9.a(console.o)
 .rodata.dotab_stdout
                0x0200de54       0x70 C:/devkitPro/libnds/lib\libnds9.a(console.o)
 .rodata.default_font_bin
                0x0200dec4     0x2000 C:/devkitPro/libnds/lib\libnds9.a(default_font.bin.o)
                0x0200dec4                default_font_bin
                0x0200fec4                default_font_bin_end
 .rodata.str1.4
                0x0200fec4       0x20 C:\devkitPro\libcamera/lib\libcamera9.a(cam9.o)
 .rodata._Unwind_VRS_Pop
                0x0200fec4       0x18 C:/devkitPro/devkitARM/bin/../lib/gcc/arm-none-eabi/14.1.0/thumb\libgcc.a(unwind-arm.o)
 .rodata.__gnu_unwind_execute
                0x0200fedc       0x14 C:/devkitPro/devkitARM/bin/../lib/gcc/arm-none-eabi/14.1.0/thumb\libgcc.a(pr-support.o)
 .rodata._vfiprintf_r.str1.1
                0x0200fef0       0x29 C:/devkitPro/devkitARM/bin/../lib/gcc/arm-none-eabi/14.1.0/../../../../arm-none-eabi/lib/thumb\libg.a(libc_a-vfiprintf.o)
 *fill*         0x0200ff19        0x3 ff
 .rodata.zeroes.0
                0x0200ff1c       0x10 C:/devkitPro/devkitARM/bin/../lib/gcc/arm-none-eabi/14.1.0/../../../../arm-none-eabi/lib/thumb\libg.a(libc_a-vfiprintf.o)
 .rodata.blanks.1
                0x0200ff2c       0x10 C:/devkitPro/devkitARM/bin/../lib/gcc/arm-none-eabi/14.1.0/../../../../arm-none-eabi/lib/thumb\libg.a(libc_a-vfiprintf.o)
 .rodata.basefix.0
                0x0200ff3c       0x22 C:/devkitPro/devkitARM/bin/../lib/gcc/arm-none-eabi/14.1.0/../../../../arm-none-eabi/lib/thumb\libg.a(libc_a-svfiscanf.o)
 *fill*         0x0200ff5e        0x2 ff
 .rodata._ctype_
                0x0200ff60      0x101 C:/devkitPro/devkitARM/bin/../lib/gcc/arm-none-eabi/14.1.0/../../../../arm-none-eabi/lib/thumb\libg.a(libc_a-ctype_.o)
                0x0200ff60                _ctype_
 *fill*         0x02010061        0x3 ff
 .rodata.__action_table
                0x02010064       0x6c C:/devkitPro/devkitARM/bin/../lib/gcc/arm-none-eabi/14.1.0/../../../../arm-none-eabi/lib/thumb\libg.a(libc_a-svfiprintf.o)
                0x02010064                __action_table
 .rodata.__state_table
                0x020100d0       0x6c C:/devkitPro/devkitARM/bin/../lib/gcc/arm-none-eabi/14.1.0/../../../../arm-none-eabi/lib/thumb\libg.a(libc_a-svfiprintf.o)
                0x020100d0                __state_table
 .rodata.__chclass
                0x0201013c      0x100 C:/devkitPro/devkitARM/bin/../lib/gcc/arm-none-eabi/14.1.0/../../../../arm-none-eabi/lib/thumb\libg.a(libc_a-svfiprintf.o)
                0x0201013c                __chclass
 .rodata._mbrtowc_r.str1.4
                0x0201023c        0x1 C:/devkitPro/devkitARM/bin/../lib/gcc/arm-none-eabi/14.1.0/../../../../arm-none-eabi/lib/thumb\libg.a(libc_a-mbrtowc.o)
 .rodata.str1.4
                0x0201023c       0x4c C:/devkitPro/devkitARM/bin/../lib/gcc/arm-none-eabi/14.1.0/../../../../arm-none-eabi/lib/thumb\libg.a(libc_a-locale.o)
 .rodata.categories
                0x0201023c     0x35dc C:/devkitPro/devkitARM/bin/../lib/gcc/arm-none-eabi/14.1.0/../../../../arm-none-eabi/lib/thumb\libg.a(libc_a-categories.o)
 .rodata.AddDevice.str1.4
                0x02013818        0x8 C:/devkitPro/devkitARM/bin/../lib/gcc/arm-none-eabi/14.1.0/../../../../arm-none-eabi/lib/thumb\libsysbase.a(libsysbase_libsysbase_a-iosupport.o)
 .rodata.dotab_stdnull
                0x02013818       0x80 C:/devkitPro/devkitARM/bin/../lib/gcc/arm-none-eabi/14.1.0/../../../../arm-none-eabi/lib/thumb\libsysbase.a(libsysbase_libsysbase_a-iosupport.o)
                0x02013818                dotab_stdnull
 *(EXCLUDE_FILE(*.twl*) .gnu.linkonce.r*)
                0x02013898                        . = ALIGN (0x4)

.ARM.extab      0x02013898       0x48
 *(.ARM.extab* .gnu.linkonce.armextab.*)
 .ARM.extab.text.startup
                0x02013898        0xc arm9.o
 .ARM.extab.text.unwind_phase2_forced
                0x020138a4        0xc C:/devkitPro/devkitARM/bin/../lib/gcc/arm-none-eabi/14.1.0/thumb\libgcc.a(unwind-arm.o)
 .ARM.extab.text.__gnu_Unwind_Backtrace
                0x020138b0        0xc C:/devkitPro/devkitARM/bin/../lib/gcc/arm-none-eabi/14.1.0/thumb\libgcc.a(unwind-arm.o)
 .ARM.extab.text.__gnu_unwind_pr_common
                0x020138bc        0xc C:/devkitPro/devkitARM/bin/../lib/gcc/arm-none-eabi/14.1.0/thumb\libgcc.a(unwind-arm.o)
 .ARM.extab.text._Unwind_VRS_Pop
                0x020138c8        0xc C:/devkitPro/devkitARM/bin/../lib/gcc/arm-none-eabi/14.1.0/thumb\libgcc.a(unwind-arm.o)
 .ARM.extab.text.__gnu_unwind_execute
                0x020138d4        0xc C:/devkitPro/devkitARM/bin/../lib/gcc/arm-none-eabi/14.1.0/thumb\libgcc.a(pr-support.o)
                0x020138e0                        __exidx_start = .

ARM.exidx       0x020138e0       0x98
 *(.ARM.exidx* .gnu.linkonce.armexidx.*)
 .ARM.exidx.text.startup
                0x020138e0       0x10 arm9.o
                                  0x8 (size before relaxing)
 .ARM.exidx.text.selfrel_offset31
                0x020138f0        0x0 C:/devkitPro/devkitARM/bin/../lib/gcc/arm-none-eabi/14.1.0/thumb\libgcc.a(unwind-arm.o)
                                  0x8 (size before relaxing)
 .ARM.exidx.text.search_EIT_table
                0x020138f0        0x0 C:/devkitPro/devkitARM/bin/../lib/gcc/arm-none-eabi/14.1.0/thumb\libgcc.a(unwind-arm.o)
                                  0x8 (size before relaxing)
 .ARM.exidx.text.__gnu_unwind_get_pr_addr
                0x020138f0        0x0 C:/devkitPro/devkitARM/bin/../lib/gcc/arm-none-eabi/14.1.0/thumb\libgcc.a(unwind-arm.o)
                                  0x8 (size before relaxing)
 .ARM.exidx.text.get_eit_entry
                0x020138f0        0x8 C:/devkitPro/devkitARM/bin/../lib/gcc/arm-none-eabi/14.1.0/thumb\libgcc.a(unwind-arm.o)
 .ARM.exidx.text.restore_non_core_regs
                0x020138f8        0x8 C:/devkitPro/devkitARM/bin/../lib/gcc/arm-none-eabi/14.1.0/thumb\libgcc.a(unwind-arm.o)
 .ARM.exidx.text._Unwind_decode_typeinfo_ptr.constprop.0
                0x02013900        0x8 C:/devkitPro/devkitARM/bin/../lib/gcc/arm-none-eabi/14.1.0/thumb\libgcc.a(unwind-arm.o)
 .ARM.exidx.text._Unwind_DebugHook
                0x02013908        0x0 C:/devkitPro/devkitARM/bin/../lib/gcc/arm-none-eabi/14.1.0/thumb\libgcc.a(unwind-arm.o)
                                  0x8 (size before relaxing)
 .ARM.exidx.text.unwind_phase2
                0x02013908        0x8 C:/devkitPro/devkitARM/bin/../lib/gcc/arm-none-eabi/14.1.0/thumb\libgcc.a(unwind-arm.o)
 .ARM.exidx.text.unwind_phase2_forced
                0x02013910        0x8 C:/devkitPro/devkitARM/bin/../lib/gcc/arm-none-eabi/14.1.0/thumb\libgcc.a(unwind-arm.o)
 .ARM.exidx.text.__gnu_Unwind_RaiseException
                0x02013918        0x8 C:/devkitPro/devkitARM/bin/../lib/gcc/arm-none-eabi/14.1.0/thumb\libgcc.a(unwind-arm.o)
 .ARM.exidx.text.__gnu_Unwind_ForcedUnwind
                0x02013920        0x8 C:/devkitPro/devkitARM/bin/../lib/gcc/arm-none-eabi/14.1.0/thumb\libgcc.a(unwind-arm.o)
 .ARM.exidx.text.__gnu_Unwind_Resume
                0x02013928        0x8 C:/devkitPro/devkitARM/bin/../lib/gcc/arm-none-eabi/14.1.0/thumb\libgcc.a(unwind-arm.o)
 .ARM.exidx.text.__gnu_Unwind_Resume_or_Rethrow
                0x02013930        0x8 C:/devkitPro/devkitARM/bin/../lib/gcc/arm-none-eabi/14.1.0/thumb\libgcc.a(unwind-arm.o)
 .ARM.exidx.text._Unwind_VRS_Get
                0x02013938        0x8 C:/devkitPro/devkitARM/bin/../lib/gcc/arm-none-eabi/14.1.0/thumb\libgcc.a(unwind-arm.o)
 .ARM.exidx.text._Unwind_GetGR
                0x02013940        0x0 C:/devkitPro/devkitARM/bin/../lib/gcc/arm-none-eabi/14.1.0/thumb\libgcc.a(unwind-arm.o)
                                  0x8 (size before relaxing)
 .ARM.exidx.text._Unwind_VRS_Set
                0x02013940        0x0 C:/devkitPro/devkitARM/bin/../lib/gcc/arm-none-eabi/14.1.0/thumb\libgcc.a(unwind-arm.o)
                                  0x8 (size before relaxing)
 .ARM.exidx.text._Unwind_SetGR
                0x02013940        0x0 C:/devkitPro/devkitARM/bin/../lib/gcc/arm-none-eabi/14.1.0/thumb\libgcc.a(unwind-arm.o)
                                  0x8 (size before relaxing)
 .ARM.exidx.text.__gnu_Unwind_Backtrace
                0x02013940        0x8 C:/devkitPro/devkitARM/bin/../lib/gcc/arm-none-eabi/14.1.0/thumb\libgcc.a(unwind-arm.o)
 .ARM.exidx.text.__gnu_unwind_pr_common
                0x02013948        0x8 C:/devkitPro/devkitARM/bin/../lib/gcc/arm-none-eabi/14.1.0/thumb\libgcc.a(unwind-arm.o)
 .ARM.exidx.text.__aeabi_unwind_cpp_pr0
                0x02013950        0x8 C:/devkitPro/devkitARM/bin/../lib/gcc/arm-none-eabi/14.1.0/thumb\libgcc.a(unwind-arm.o)
 .ARM.exidx.text.__aeabi_unwind_cpp_pr1
                0x02013958        0x0 C:/devkitPro/devkitARM/bin/../lib/gcc/arm-none-eabi/14.1.0/thumb\libgcc.a(unwind-arm.o)
                                  0x8 (size before relaxing)
 .ARM.exidx.text.__aeabi_unwind_cpp_pr2
                0x02013958        0x0 C:/devkitPro/devkitARM/bin/../lib/gcc/arm-none-eabi/14.1.0/thumb\libgcc.a(unwind-arm.o)
                                  0x8 (size before relaxing)
 .ARM.exidx.text._Unwind_VRS_Pop
                0x02013958        0x8 C:/devkitPro/devkitARM/bin/../lib/gcc/arm-none-eabi/14.1.0/thumb\libgcc.a(unwind-arm.o)
 .ARM.exidx.text.next_unwind_byte
                0x02013960        0x8 C:/devkitPro/devkitARM/bin/../lib/gcc/arm-none-eabi/14.1.0/thumb\libgcc.a(pr-support.o)
 .ARM.exidx.text.__gnu_unwind_execute
                0x02013968       0x10 C:/devkitPro/devkitARM/bin/../lib/gcc/arm-none-eabi/14.1.0/thumb\libgcc.a(pr-support.o)
                                  0x8 (size before relaxing)
                0x02013978                        __exidx_end = .
                0x02013978                        . = ALIGN (0x4)
                0x02013978                        PROVIDE (__preinit_array_start = .)

.preinit_array
 *(.preinit_array)
                0x02013978                        PROVIDE (__preinit_array_end = .)
                0x02013978                        PROVIDE (__init_array_start = .)

.init_array     0x02013978        0x4
 *(SORT_BY_NAME(.init_array.*))
 *(.init_array)
 .init_array    0x02013978        0x4 C:/devkitPro/devkitARM/bin/../lib/gcc/arm-none-eabi/14.1.0/thumb/crtbegin.o
                0x0201397c                        PROVIDE (__init_array_end = .)
                [!provide]                        PROVIDE (__fini_array_start = .)

.fini_array     0x0201397c        0x4
 *(.fini_array)
 .fini_array    0x0201397c        0x4 C:/devkitPro/devkitARM/bin/../lib/gcc/arm-none-eabi/14.1.0/thumb/crtbegin.o
 *(SORT_BY_NAME(.fini_array.*))
                [!provide]                        PROVIDE (__fini_array_end = .)

.ctors          0x02013980        0x0
 *crtbegin.o(.ctors)
 *(EXCLUDE_FILE(*crtend.o) .ctors)
 *(SORT_BY_NAME(.ctors.*))
 *(.ctors)
                0x02013980                        . = ALIGN (0x4)

.dtors          0x02013980        0x0
 *crtbegin.o(.dtors)
 *(EXCLUDE_FILE(*crtend.o) .dtors)
 *(SORT_BY_NAME(.dtors.*))
 *(.dtors)
                0x02013980                        . = ALIGN (0x4)

.eh_frame       0x02013980        0x4
 *(.eh_frame)
 .eh_frame      0x02013980        0x0 C:/devkitPro/devkitARM/bin/../lib/gcc/arm-none-eabi/14.1.0/thumb/crtbegin.o
 .eh_frame      0x02013980        0x4 C:/devkitPro/devkitARM/bin/../lib/gcc/arm-none-eabi/14.1.0/thumb/crtend.o
                0x02013984                        . = ALIGN (0x4)

.rel.dyn        0x02013984        0x0
 .rel.iplt      0x02013984        0x0 C:/devkitPro/devkitARM/bin/../lib/gcc/arm-none-eabi/14.1.0/../../../../arm-none-eabi/lib/thumb/ds_arm9_crt0.o

.gcc_except_table
                0x02013984        0x0
 *(.gcc_except_table)
                0x02013984                        . = ALIGN (0x4)

.jcr
 *(.jcr)

.got
 *(.got.plt)
 *(.got)
 *(.rel.got)

.ewram          0x02013984        0x0
                0x02013984                        __ewram_start = ABSOLUTE (.)
 *(.ewram)
 *ewram.*(.text)
                0x02013984                        . = ALIGN (0x4)

.data           0x02013984     0x187c
                0x02013984                        __data_start = ABSOLUTE (.)
 *(EXCLUDE_FILE(*.twl*) .data)
 .data          0x02013984       0x28 C:/devkitPro/libnds/lib\libnds9.a(mpu_setup.o)
 *(EXCLUDE_FILE(*.twl*) .data.*)
 .data.bgControl
                0x020139ac       0x20 C:/devkitPro/libnds/lib\libnds9.a(background.o)
                0x020139ac                bgControl
 .data.bgScrollTable
                0x020139cc       0x20 C:/devkitPro/libnds/lib\libnds9.a(background.o)
                0x020139cc                bgScrollTable
 .data.bgTransform
                0x020139ec       0x20 C:/devkitPro/libnds/lib\libnds9.a(background.o)
                0x020139ec                bgTransform
 .data.currentConsole
                0x02013a0c        0x4 C:/devkitPro/libnds/lib\libnds9.a(console.o)
                0x02013a0c                currentConsole
 .data.defaultConsole
                0x02013a10       0x5c C:/devkitPro/libnds/lib\libnds9.a(console.o)
                0x02013a10                defaultConsole
 .data.firstConsoleInit.0
                0x02013a6c        0x1 C:/devkitPro/libnds/lib\libnds9.a(console.o)
 *fill*         0x02013a6d        0x3 ff
 .data.oamMain  0x02013a70       0x18 C:/devkitPro/libnds/lib\libnds9.a(sprite.o)
                0x02013a70                oamMain
 .data.count    0x02013a88        0x1 C:/devkitPro/libnds/lib\libnds9.a(keys.o)
 .data.delay    0x02013a89        0x1 C:/devkitPro/libnds/lib\libnds9.a(keys.o)
 .data.repeat   0x02013a8a        0x1 C:/devkitPro/libnds/lib\libnds9.a(keys.o)
 *fill*         0x02013a8b        0x1 ff
 .data.fifo_buffer_free
                0x02013a8c        0x4 C:/devkitPro/libnds/lib\libnds9.a(fifosystem.o)
                0x02013a8c                fifo_buffer_free
 .data.fifo_freewords
                0x02013a90        0x4 C:/devkitPro/libnds/lib\libnds9.a(fifosystem.o)
                0x02013a90                fifo_freewords
 .data.fifo_receive_queue
                0x02013a94        0x4 C:/devkitPro/libnds/lib\libnds9.a(fifosystem.o)
                0x02013a94                fifo_receive_queue
 .data.fifo_send_queue
                0x02013a98        0x4 C:/devkitPro/libnds/lib\libnds9.a(fifosystem.o)
                0x02013a98                fifo_send_queue
 .data.__sglue  0x02013a9c        0xc C:/devkitPro/devkitARM/bin/../lib/gcc/arm-none-eabi/14.1.0/../../../../arm-none-eabi/lib/thumb\libg.a(libc_a-findfp.o)
                0x02013a9c                __sglue
 .data.__malloc_sbrk_base
                0x02013aa8        0x4 C:/devkitPro/devkitARM/bin/../lib/gcc/arm-none-eabi/14.1.0/../../../../arm-none-eabi/lib/thumb\libg.a(libc_a-mallocr.o)
                0x02013aa8                __malloc_sbrk_base
 .data.__malloc_trim_threshold
                0x02013aac        0x4 C:/devkitPro/devkitARM/bin/../lib/gcc/arm-none-eabi/14.1.0/../../../../arm-none-eabi/lib/thumb\libg.a(libc_a-mallocr.o)
                0x02013aac                __malloc_trim_threshold
 *fill*         0x02013ab0        0x0 ff
 .data.__malloc_av_
                0x02013ab0      0x408 C:/devkitPro/devkitARM/bin/../lib/gcc/arm-none-eabi/14.1.0/../../../../arm-none-eabi/lib/thumb\libg.a(libc_a-mallocr.o)
                0x02013ab0                __malloc_av_
 .data._impure_ptr
                0x02013eb8        0x4 C:/devkitPro/devkitARM/bin/../lib/gcc/arm-none-eabi/14.1.0/../../../../arm-none-eabi/lib/thumb\libg.a(libc_a-impure.o)
                0x02013eb8                _impure_ptr
 *fill*         0x02013ebc        0x4 ff
 .data._impure_data
                0x02013ec0      0x120 C:/devkitPro/devkitARM/bin/../lib/gcc/arm-none-eabi/14.1.0/../../../../arm-none-eabi/lib/thumb\libg.a(libc_a-impure.o)
                0x02013ec0                _impure_data
 .data.__global_locale
                0x02013fe0      0x16c C:/devkitPro/devkitARM/bin/../lib/gcc/arm-none-eabi/14.1.0/../../../../arm-none-eabi/lib/thumb\libg.a(libc_a-locale.o)
                0x02013fe0                __global_locale
 *fill*         0x0201414c        0x4 ff
 .data.handles  0x02014150     0x1000 C:/devkitPro/devkitARM/bin/../lib/gcc/arm-none-eabi/14.1.0/../../../../arm-none-eabi/lib/thumb\libsysbase.a(libsysbase_libsysbase_a-handle_manager.o)
 .data.__stderr_handle
                0x02015150        0xc C:/devkitPro/devkitARM/bin/../lib/gcc/arm-none-eabi/14.1.0/../../../../arm-none-eabi/lib/thumb\libsysbase.a(libsysbase_libsysbase_a-handle_manager.o)
 .data.__stdout_handle
                0x0201515c        0xc C:/devkitPro/devkitARM/bin/../lib/gcc/arm-none-eabi/14.1.0/../../../../arm-none-eabi/lib/thumb\libsysbase.a(libsysbase_libsysbase_a-handle_manager.o)
 .data.__stdin_handle
                0x02015168        0xc C:/devkitPro/devkitARM/bin/../lib/gcc/arm-none-eabi/14.1.0/../../../../arm-none-eabi/lib/thumb\libsysbase.a(libsysbase_libsysbase_a-handle_manager.o)
 .data.devoptab_list
                0x02015174       0x8c C:/devkitPro/devkitARM/bin/../lib/gcc/arm-none-eabi/14.1.0/../../../../arm-none-eabi/lib/thumb\libsysbase.a(libsysbase_libsysbase_a-iosupport.o)
                0x02015174                devoptab_list
 *(EXCLUDE_FILE(*.twl*) .gnu.linkonce.d*)
                0x02015200                        . = ALIGN (0x4)
                0x02015200                        __data_end = ABSOLUTE (.)
                0x02015200                        __bss_vma = .

.igot.plt       0x02015200        0x0
 .igot.plt      0x02015200        0x0 C:/devkitPro/devkitARM/bin/../lib/gcc/arm-none-eabi/14.1.0/../../../../arm-none-eabi/lib/thumb/ds_arm9_crt0.o

.dtcm           0x02ff0000        0x0 load address 0x02015200
                0x02015200                        __dtcm_lma = LOADADDR (.dtcm)
                0x02ff0000                        __dtcm_start = ABSOLUTE (.)
 *(.dtcm)
 *(.dtcm.*)
                0x02ff0000                        . = ALIGN (0x4)
                0x02ff0000                        __dtcm_end = ABSOLUTE (.)

.itcm           0x01000100      0x194 load address 0x02015200
                0x02015200                        __itcm_lma = LOADADDR (.itcm)
                0x01000100                        __itcm_start = ABSOLUTE (.)
 *(.itcm)
 .itcm          0x01000100       0xc8 C:/devkitPro/libnds/lib\libnds9.a(interrupts.o)
                0x01000100                irqTable
 .itcm          0x010001c8       0xcc C:/devkitPro/libnds/lib\libnds9.a(interruptDispatcher.o)
                0x010001c8                IntrMain
 *.itcm*(.text .stub .text.*)
                0x01000294                        . = ALIGN (0x4)
                0x01000294                        __itcm_end = ABSOLUTE (.)

.vectors        0x01000000        0x0 load address 0x02015394
                0x02015394                        __vectors_lma = LOADADDR (.vectors)
                0x01000000                        __vectors_start = ABSOLUTE (.)
 *(.vectors .vectors.*)
                0x01000000                        . = ALIGN (0x4)
                0x01000000                        __vectors_end = ABSOLUTE (.)

.sbss           0x02ff0000        0x0
                0x02ff0000                        __sbss_start = ABSOLUTE (.)
                0x02ff0000                        __sbss_start__ = ABSOLUTE (.)
 *(.sbss)
                0x02ff0000                        . = ALIGN (0x4)
                0x02ff0000                        __sbss_end = ABSOLUTE (.)

.bss            0x02015200     0x15e4
                0x02015200                        __bss_start = ABSOLUTE (.)
                0x02015200                        __bss_start__ = ABSOLUTE (.)
 *(EXCLUDE_FILE(*.twl*) .dynbss)
 *(EXCLUDE_FILE(*.twl*) .gnu.linkonce.b*)
 *(EXCLUDE_FILE(*.twl*) .bss*)
 .bss.completed.1
                0x02015200        0x1 C:/devkitPro/devkitARM/bin/../lib/gcc/arm-none-eabi/14.1.0/thumb/crtbegin.o
 *fill*         0x02015201        0x3 
 .bss.object.0  0x02015204       0x18 C:/devkitPro/devkitARM/bin/../lib/gcc/arm-none-eabi/14.1.0/thumb/crtbegin.o
 *fill*         0x0201521c        0x4 
 .bss           0x02015220      0x400 arm9.o
                0x02015220                OAMCopy
 .bss.bgIsTextLut
                0x02015620        0x8 C:/devkitPro/libnds/lib\libnds9.a(background.o)
                0x02015620                bgIsTextLut
 .bss.bgState   0x02015628      0x140 C:/devkitPro/libnds/lib\libnds9.a(background.o)
                0x02015628                bgState
 .bss.SDcallback
                0x02015768        0x4 C:/devkitPro/libnds/lib\libnds9.a(system.o)
 .bss.currentCopy
                0x0201576c       0x5c C:/devkitPro/libnds/lib\libnds9.a(console.o)
                0x0201576c                currentCopy
 .bss.OamMemory
                0x020157c8      0x400 C:/devkitPro/libnds/lib\libnds9.a(sprite.o)
                0x020157c8                OamMemory
 .bss.keys      0x02015bc8        0x2 C:/devkitPro/libnds/lib\libnds9.a(keys.o)
 .bss.keysold   0x02015bca        0x2 C:/devkitPro/libnds/lib\libnds9.a(keys.o)
 .bss.keysrepeat
                0x02015bcc        0x2 C:/devkitPro/libnds/lib\libnds9.a(keys.o)
 .bss.__dsimode
                0x02015bce        0x1 C:/devkitPro/libnds/lib\libnds9.a(initSystem.o)
                0x02015bce                __dsimode
 *fill*         0x02015bcf        0x1 
 .bss.punixTime
                0x02015bd0        0x4 C:/devkitPro/libnds/lib\libnds9.a(initSystem.o)
                0x02015bd0                punixTime
 .bss.fifo_address_data
                0x02015bd4       0x40 C:/devkitPro/libnds/lib\libnds9.a(fifosystem.o)
                0x02015bd4                fifo_address_data
 .bss.fifo_address_func
                0x02015c14       0x40 C:/devkitPro/libnds/lib\libnds9.a(fifosystem.o)
                0x02015c14                fifo_address_func
 .bss.fifo_address_queue
                0x02015c54       0x40 C:/devkitPro/libnds/lib\libnds9.a(fifosystem.o)
                0x02015c54                fifo_address_queue
 .bss.fifo_buffer
                0x02015c94      0x800 C:/devkitPro/libnds/lib\libnds9.a(fifosystem.o)
                0x02015c94                fifo_buffer
 .bss.fifo_data_queue
                0x02016494       0x40 C:/devkitPro/libnds/lib\libnds9.a(fifosystem.o)
                0x02016494                fifo_data_queue
 .bss.fifo_datamsg_data
                0x020164d4       0x40 C:/devkitPro/libnds/lib\libnds9.a(fifosystem.o)
                0x020164d4                fifo_datamsg_data
 .bss.fifo_datamsg_func
                0x02016514       0x40 C:/devkitPro/libnds/lib\libnds9.a(fifosystem.o)
                0x02016514                fifo_datamsg_func
 .bss.fifo_value32_data
                0x02016554       0x40 C:/devkitPro/libnds/lib\libnds9.a(fifosystem.o)
                0x02016554                fifo_value32_data
 .bss.fifo_value32_func
                0x02016594       0x40 C:/devkitPro/libnds/lib\libnds9.a(fifosystem.o)
                0x02016594                fifo_value32_func
 .bss.fifo_value32_queue
                0x020165d4       0x40 C:/devkitPro/libnds/lib\libnds9.a(fifosystem.o)
                0x020165d4                fifo_value32_queue
 .bss.processing
                0x02016614        0x4 C:/devkitPro/libnds/lib\libnds9.a(fifosystem.o)
                0x02016614                processing
 .bss           0x02016618        0x4 C:\devkitPro\libcamera/lib\libcamera9.a(cam9.o)
                0x02016618                CAM_FIFO_CHANNEL
 .bss.__sfp_recursive_mutex
                0x0201661c        0xc C:/devkitPro/devkitARM/bin/../lib/gcc/arm-none-eabi/14.1.0/../../../../arm-none-eabi/lib/thumb\libg.a(libc_a-findfp.o)
 .bss.__sf      0x02016628      0x168 C:/devkitPro/devkitARM/bin/../lib/gcc/arm-none-eabi/14.1.0/../../../../arm-none-eabi/lib/thumb\libg.a(libc_a-findfp.o)
                0x02016628                __sf
 .bss.__stdio_exit_handler
                0x02016790        0x4 C:/devkitPro/devkitARM/bin/../lib/gcc/arm-none-eabi/14.1.0/../../../../arm-none-eabi/lib/thumb\libg.a(libc_a-findfp.o)
                0x02016790                __stdio_exit_handler
 .bss.__malloc_current_mallinfo
                0x02016794       0x28 C:/devkitPro/devkitARM/bin/../lib/gcc/arm-none-eabi/14.1.0/../../../../arm-none-eabi/lib/thumb\libg.a(libc_a-mallocr.o)
                0x02016794                __malloc_current_mallinfo
 .bss.__malloc_max_total_mem
                0x020167bc        0x4 C:/devkitPro/devkitARM/bin/../lib/gcc/arm-none-eabi/14.1.0/../../../../arm-none-eabi/lib/thumb\libg.a(libc_a-mallocr.o)
                0x020167bc                __malloc_max_total_mem
 .bss.__malloc_max_sbrked_mem
                0x020167c0        0x4 C:/devkitPro/devkitARM/bin/../lib/gcc/arm-none-eabi/14.1.0/../../../../arm-none-eabi/lib/thumb\libg.a(libc_a-mallocr.o)
                0x020167c0                __malloc_max_sbrked_mem
 .bss.__malloc_top_pad
                0x020167c4        0x4 C:/devkitPro/devkitARM/bin/../lib/gcc/arm-none-eabi/14.1.0/../../../../arm-none-eabi/lib/thumb\libg.a(libc_a-mallocr.o)
                0x020167c4                __malloc_top_pad
 .bss.__malloc_recursive_mutex
                0x020167c8        0xc C:/devkitPro/devkitARM/bin/../lib/gcc/arm-none-eabi/14.1.0/../../../../arm-none-eabi/lib/thumb\libg.a(libc_a-mlock.o)
 .bss.__hndl_lock
                0x020167d4        0x4 C:/devkitPro/devkitARM/bin/../lib/gcc/arm-none-eabi/14.1.0/../../../../arm-none-eabi/lib/thumb\libsysbase.a(libsysbase_libsysbase_a-handle_manager.o)
 .bss.fake_heap_start
                0x020167d8        0x4 C:/devkitPro/devkitARM/bin/../lib/gcc/arm-none-eabi/14.1.0/../../../../arm-none-eabi/lib/thumb\libsysbase.a(libsysbase_libsysbase_a-malloc_vars.o)
                0x020167d8                fake_heap_start
 .bss.fake_heap_end
                0x020167dc        0x4 C:/devkitPro/devkitARM/bin/../lib/gcc/arm-none-eabi/14.1.0/../../../../arm-none-eabi/lib/thumb\libsysbase.a(libsysbase_libsysbase_a-malloc_vars.o)
                0x020167dc                fake_heap_end
 .bss.heap_start.0
                0x020167e0        0x4 C:/devkitPro/devkitARM/bin/../lib/gcc/arm-none-eabi/14.1.0/../../../../arm-none-eabi/lib/thumb\libsysbase.a(libsysbase_libsysbase_a-sbrk.o)
 *(EXCLUDE_FILE(*.twl*) COMMON)
                0x020167e4                        . = ALIGN (0x4)
                0x020167e4                        __bss_end__ = ABSOLUTE (.)
                0x020167e4                        __end__ = ABSOLUTE (.)

.twl            0x020167e4        0x0 load address 0x02400000
                0x02400000                        __arm9i_lma__ = LOADADDR (.twl)
                0x020167e4                        __arm9i_start__ = ABSOLUTE (.)
 *(.twl)
 *.twl*(.text .stub .text.* .gnu.linkonce.t.*)
 *.twl*(.rodata)
 *.twl*(.roda)
 *.twl*(.rodata.*)
 *.twl*(.data)
 *.twl*(.data.*)
 *.twl*(.gnu.linkonce.d*)
                0x020167e4                        __arm9i_end__ = ABSOLUTE (.)

.twl_bss        0x020167e4        0x0
                0x020167e4                        __twl_bss_start__ = ABSOLUTE (.)
 *(.twl_bss)
 *.twl*(.dynbss)
 *.twl*(.gnu.linkonce.b*)
 *.twl*(.bss*)
 *.twl*(COMMON)
                0x020167e4                        . = ALIGN (0x4)
                0x020167e4                        __twl_bss_end__ = ABSOLUTE (.)
                0x020167e4                        __twl_end__ = ABSOLUTE (.)

.stab
 *(.stab)

.stabstr
 *(.stabstr)

.stab.excl
 *(.stab.excl)

.stab.exclstr
 *(.stab.exclstr)

.stab.index
 *(.stab.index)

.stab.indexstr
 *(.stab.indexstr)

.comment        0x00000000       0x69
 *(.comment)
 .comment       0x00000000       0x69 C:/devkitPro/devkitARM/bin/../lib/gcc/arm-none-eabi/14.1.0/thumb/crtbegin.o
                                 0x24 (size before relaxing)
 .comment       0x00000069       0x24 arm9.o
 .comment       0x00000069       0x24 C:/devkitPro/libnds/lib\libnds9.a(background.o)
 .comment       0x00000069       0x24 C:/devkitPro/libnds/lib\libnds9.a(trig.o)
 .comment       0x00000069       0x24 C:/devkitPro/libnds/lib\libnds9.a(touch.o)
 .comment       0x00000069       0x24 C:/devkitPro/libnds/lib\libnds9.a(sprite_alloc.o)
 .comment       0x00000069       0x24 C:/devkitPro/libnds/lib\libnds9.a(system.o)
 .comment       0x00000069       0x24 C:/devkitPro/libnds/lib\libnds9.a(console.o)
 .comment       0x00000069       0x24 C:/devkitPro/libnds/lib\libnds9.a(sprite.o)
 .comment       0x00000069       0x24 C:/devkitPro/libnds/lib\libnds9.a(keys.o)
 .comment       0x00000069       0x24 C:/devkitPro/libnds/lib\libnds9.a(initSystem.o)
 .comment       0x00000069       0x24 C:/devkitPro/libnds/lib\libnds9.a(securearea.o)
 .comment       0x00000069       0x24 C:/devkitPro/libnds/lib\libnds9.a(interrupts.o)
 .comment       0x00000069       0x24 C:/devkitPro/libnds/lib\libnds9.a(libnds_exit.arm.o)
 .comment       0x00000069       0x24 C:/devkitPro/libnds/lib\libnds9.a(fifosystem.o)
 .comment       0x00000069       0x24 C:/devkitPro/libnds/lib\libnds9.a(video.o)
 .comment       0x00000069       0x24 C:\devkitPro\libcamera/lib\libcamera9.a(cam9.o)
 .comment       0x00000069       0x24 C:\devkitPro\libcamera/lib\libcamera9.a(cam_dma.o)
 .comment       0x00000069       0x24 C:/devkitPro/devkitARM/bin/../lib/gcc/arm-none-eabi/14.1.0/thumb\libgcc.a(unwind-arm.o)
 .comment       0x00000069       0x24 C:/devkitPro/devkitARM/bin/../lib/gcc/arm-none-eabi/14.1.0/thumb\libgcc.a(pr-support.o)
 .comment       0x00000069       0x24 C:/devkitPro/devkitARM/bin/../lib/gcc/arm-none-eabi/14.1.0/../../../../arm-none-eabi/lib/thumb\libg.a(libc_a-fwrite.o)
 .comment       0x00000069       0x24 C:/devkitPro/devkitARM/bin/../lib/gcc/arm-none-eabi/14.1.0/../../../../arm-none-eabi/lib/thumb\libg.a(libc_a-fvwrite.o)
 .comment       0x00000069       0x24 C:/devkitPro/devkitARM/bin/../lib/gcc/arm-none-eabi/14.1.0/../../../../arm-none-eabi/lib/thumb\libg.a(libc_a-memchr-stub.o)
 .comment       0x00000069       0x24 C:/devkitPro/devkitARM/bin/../lib/gcc/arm-none-eabi/14.1.0/../../../../arm-none-eabi/lib/thumb\libg.a(libc_a-siscanf.o)
 .comment       0x00000069       0x24 C:/devkitPro/devkitARM/bin/../lib/gcc/arm-none-eabi/14.1.0/../../../../arm-none-eabi/lib/thumb\libg.a(libc_a-stdio.o)
 .comment       0x00000069       0x24 C:/devkitPro/devkitARM/bin/../lib/gcc/arm-none-eabi/14.1.0/../../../../arm-none-eabi/lib/thumb\libg.a(libc_a-abort.o)
 .comment       0x00000069       0x24 C:/devkitPro/devkitARM/bin/../lib/gcc/arm-none-eabi/14.1.0/../../../../arm-none-eabi/lib/thumb\libg.a(libc_a-realloc.o)
 .comment       0x00000069       0x24 C:/devkitPro/devkitARM/bin/../lib/gcc/arm-none-eabi/14.1.0/../../../../arm-none-eabi/lib/thumb\libg.a(libc_a-findfp.o)
 .comment       0x00000069       0x24 C:/devkitPro/devkitARM/bin/../lib/gcc/arm-none-eabi/14.1.0/../../../../arm-none-eabi/lib/thumb\libg.a(libc_a-mallocr.o)
 .comment       0x00000069       0x24 C:/devkitPro/devkitARM/bin/../lib/gcc/arm-none-eabi/14.1.0/../../../../arm-none-eabi/lib/thumb\libg.a(libc_a-freer.o)
 .comment       0x00000069       0x24 C:/devkitPro/devkitARM/bin/../lib/gcc/arm-none-eabi/14.1.0/../../../../arm-none-eabi/lib/thumb\libg.a(libc_a-setvbuf.o)
 .comment       0x00000069       0x24 C:/devkitPro/devkitARM/bin/../lib/gcc/arm-none-eabi/14.1.0/../../../../arm-none-eabi/lib/thumb\libg.a(libc_a-malloc.o)
 .comment       0x00000069       0x24 C:/devkitPro/devkitARM/bin/../lib/gcc/arm-none-eabi/14.1.0/../../../../arm-none-eabi/lib/thumb\libg.a(libc_a-memcpy-stub.o)
 .comment       0x00000069       0x24 C:/devkitPro/devkitARM/bin/../lib/gcc/arm-none-eabi/14.1.0/../../../../arm-none-eabi/lib/thumb\libg.a(libc_a-memset.o)
 .comment       0x00000069       0x24 C:/devkitPro/devkitARM/bin/../lib/gcc/arm-none-eabi/14.1.0/../../../../arm-none-eabi/lib/thumb\libg.a(libc_a-reallocr.o)
 .comment       0x00000069       0x24 C:/devkitPro/devkitARM/bin/../lib/gcc/arm-none-eabi/14.1.0/../../../../arm-none-eabi/lib/thumb\libg.a(libc_a-fwalk.o)
 .comment       0x00000069       0x24 C:/devkitPro/devkitARM/bin/../lib/gcc/arm-none-eabi/14.1.0/../../../../arm-none-eabi/lib/thumb\libg.a(libc_a-mlock.o)
 .comment       0x00000069       0x24 C:/devkitPro/devkitARM/bin/../lib/gcc/arm-none-eabi/14.1.0/../../../../arm-none-eabi/lib/thumb\libg.a(libc_a-iprintf.o)
 .comment       0x00000069       0x24 C:/devkitPro/devkitARM/bin/../lib/gcc/arm-none-eabi/14.1.0/../../../../arm-none-eabi/lib/thumb\libg.a(libc_a-init.o)
 .comment       0x00000069       0x24 C:/devkitPro/devkitARM/bin/../lib/gcc/arm-none-eabi/14.1.0/../../../../arm-none-eabi/lib/thumb\libg.a(libc_a-wsetup.o)
 .comment       0x00000069       0x24 C:/devkitPro/devkitARM/bin/../lib/gcc/arm-none-eabi/14.1.0/../../../../arm-none-eabi/lib/thumb\libg.a(libc_a-fflush.o)
 .comment       0x00000069       0x24 C:/devkitPro/devkitARM/bin/../lib/gcc/arm-none-eabi/14.1.0/../../../../arm-none-eabi/lib/thumb\libg.a(libc_a-strlen-stub.o)
 .comment       0x00000069       0x24 C:/devkitPro/devkitARM/bin/../lib/gcc/arm-none-eabi/14.1.0/../../../../arm-none-eabi/lib/thumb\libg.a(libc_a-memmove.o)
 .comment       0x00000069       0x24 C:/devkitPro/devkitARM/bin/../lib/gcc/arm-none-eabi/14.1.0/../../../../arm-none-eabi/lib/thumb\libg.a(libc_a-signal.o)
 .comment       0x00000069       0x24 C:/devkitPro/devkitARM/bin/../lib/gcc/arm-none-eabi/14.1.0/../../../../arm-none-eabi/lib/thumb\libg.a(libc_a-impure.o)
 .comment       0x00000069       0x24 C:/devkitPro/devkitARM/bin/../lib/gcc/arm-none-eabi/14.1.0/../../../../arm-none-eabi/lib/thumb\libg.a(libc_a-vfiprintf.o)
 .comment       0x00000069       0x24 C:/devkitPro/devkitARM/bin/../lib/gcc/arm-none-eabi/14.1.0/../../../../arm-none-eabi/lib/thumb\libg.a(libc_a-malignr.o)
 .comment       0x00000069       0x24 C:/devkitPro/devkitARM/bin/../lib/gcc/arm-none-eabi/14.1.0/../../../../arm-none-eabi/lib/thumb\libg.a(libc_a-svfiscanf.o)
 .comment       0x00000069       0x24 C:/devkitPro/devkitARM/bin/../lib/gcc/arm-none-eabi/14.1.0/../../../../arm-none-eabi/lib/thumb\libg.a(libc_a-strtoul.o)
 .comment       0x00000069       0x24 C:/devkitPro/devkitARM/bin/../lib/gcc/arm-none-eabi/14.1.0/../../../../arm-none-eabi/lib/thumb\libg.a(libc_a-sprint_r.o)
 .comment       0x00000069       0x24 C:/devkitPro/devkitARM/bin/../lib/gcc/arm-none-eabi/14.1.0/../../../../arm-none-eabi/lib/thumb\libg.a(libc_a-iswspace.o)
 .comment       0x00000069       0x24 C:/devkitPro/devkitARM/bin/../lib/gcc/arm-none-eabi/14.1.0/../../../../arm-none-eabi/lib/thumb\libg.a(libc_a-sccl.o)
 .comment       0x00000069       0x24 C:/devkitPro/devkitARM/bin/../lib/gcc/arm-none-eabi/14.1.0/../../../../arm-none-eabi/lib/thumb\libg.a(libc_a-fclose.o)
 .comment       0x00000069       0x24 C:/devkitPro/devkitARM/bin/../lib/gcc/arm-none-eabi/14.1.0/../../../../arm-none-eabi/lib/thumb\libg.a(libc_a-localeconv.o)
 .comment       0x00000069       0x24 C:/devkitPro/devkitARM/bin/../lib/gcc/arm-none-eabi/14.1.0/../../../../arm-none-eabi/lib/thumb\libg.a(libc_a-makebuf.o)
 .comment       0x00000069       0x24 C:/devkitPro/devkitARM/bin/../lib/gcc/arm-none-eabi/14.1.0/../../../../arm-none-eabi/lib/thumb\libg.a(libc_a-wcrtomb.o)
 .comment       0x00000069       0x24 C:/devkitPro/devkitARM/bin/../lib/gcc/arm-none-eabi/14.1.0/../../../../arm-none-eabi/lib/thumb\libg.a(libc_a-strtol.o)
 .comment       0x00000069       0x24 C:/devkitPro/devkitARM/bin/../lib/gcc/arm-none-eabi/14.1.0/../../../../arm-none-eabi/lib/thumb\libg.a(libc_a-errno.o)
 .comment       0x00000069       0x24 C:/devkitPro/devkitARM/bin/../lib/gcc/arm-none-eabi/14.1.0/../../../../arm-none-eabi/lib/thumb\libg.a(libc_a-ctype_.o)
 .comment       0x00000069       0x24 C:/devkitPro/devkitARM/bin/../lib/gcc/arm-none-eabi/14.1.0/../../../../arm-none-eabi/lib/thumb\libg.a(libc_a-strncpy.o)
 .comment       0x00000069       0x24 C:/devkitPro/devkitARM/bin/../lib/gcc/arm-none-eabi/14.1.0/../../../../arm-none-eabi/lib/thumb\libg.a(libc_a-strtoull.o)
 .comment       0x00000069       0x24 C:/devkitPro/devkitARM/bin/../lib/gcc/arm-none-eabi/14.1.0/../../../../arm-none-eabi/lib/thumb\libg.a(libc_a-wcsrtombs.o)
 .comment       0x00000069       0x24 C:/devkitPro/devkitARM/bin/../lib/gcc/arm-none-eabi/14.1.0/../../../../arm-none-eabi/lib/thumb\libg.a(libc_a-svfiprintf.o)
 .comment       0x00000069       0x24 C:/devkitPro/devkitARM/bin/../lib/gcc/arm-none-eabi/14.1.0/../../../../arm-none-eabi/lib/thumb\libg.a(libc_a-mbrtowc.o)
 .comment       0x00000069       0x24 C:/devkitPro/devkitARM/bin/../lib/gcc/arm-none-eabi/14.1.0/../../../../arm-none-eabi/lib/thumb\libg.a(libc_a-ungetc.o)
 .comment       0x00000069       0x24 C:/devkitPro/devkitARM/bin/../lib/gcc/arm-none-eabi/14.1.0/../../../../arm-none-eabi/lib/thumb\libg.a(libc_a-iswspace_l.o)
 .comment       0x00000069       0x24 C:/devkitPro/devkitARM/bin/../lib/gcc/arm-none-eabi/14.1.0/../../../../arm-none-eabi/lib/thumb\libg.a(libc_a-strtoll.o)
 .comment       0x00000069       0x24 C:/devkitPro/devkitARM/bin/../lib/gcc/arm-none-eabi/14.1.0/../../../../arm-none-eabi/lib/thumb\libg.a(libc_a-locale.o)
 .comment       0x00000069       0x24 C:/devkitPro/devkitARM/bin/../lib/gcc/arm-none-eabi/14.1.0/../../../../arm-none-eabi/lib/thumb\libg.a(libc_a-wcsnrtombs.o)
 .comment       0x00000069       0x24 C:/devkitPro/devkitARM/bin/../lib/gcc/arm-none-eabi/14.1.0/../../../../arm-none-eabi/lib/thumb\libg.a(libc_a-mbtowc_r.o)
 .comment       0x00000069       0x24 C:/devkitPro/devkitARM/bin/../lib/gcc/arm-none-eabi/14.1.0/../../../../arm-none-eabi/lib/thumb\libg.a(libc_a-categories.o)
 .comment       0x00000069       0x24 C:/devkitPro/devkitARM/bin/../lib/gcc/arm-none-eabi/14.1.0/../../../../arm-none-eabi/lib/thumb\libg.a(libc_a-wctomb_r.o)
 .comment       0x00000069       0x24 C:/devkitPro/devkitARM/bin/../lib/gcc/arm-none-eabi/14.1.0/../../../../arm-none-eabi/lib/thumb\libsysbase.a(libsysbase_libsysbase_a-_exit.o)
 .comment       0x00000069       0x24 C:/devkitPro/devkitARM/bin/../lib/gcc/arm-none-eabi/14.1.0/../../../../arm-none-eabi/lib/thumb\libsysbase.a(libsysbase_libsysbase_a-build_argv.o)
 .comment       0x00000069       0x24 C:/devkitPro/devkitARM/bin/../lib/gcc/arm-none-eabi/14.1.0/../../../../arm-none-eabi/lib/thumb\libsysbase.a(libsysbase_libsysbase_a-fstat.o)
 .comment       0x00000069       0x24 C:/devkitPro/devkitARM/bin/../lib/gcc/arm-none-eabi/14.1.0/../../../../arm-none-eabi/lib/thumb\libsysbase.a(libsysbase_libsysbase_a-getpid.o)
 .comment       0x00000069       0x24 C:/devkitPro/devkitARM/bin/../lib/gcc/arm-none-eabi/14.1.0/../../../../arm-none-eabi/lib/thumb\libsysbase.a(libsysbase_libsysbase_a-getreent.o)
 .comment       0x00000069       0x24 C:/devkitPro/devkitARM/bin/../lib/gcc/arm-none-eabi/14.1.0/../../../../arm-none-eabi/lib/thumb\libsysbase.a(libsysbase_libsysbase_a-handle_manager.o)
 .comment       0x00000069       0x24 C:/devkitPro/devkitARM/bin/../lib/gcc/arm-none-eabi/14.1.0/../../../../arm-none-eabi/lib/thumb\libsysbase.a(libsysbase_libsysbase_a-iosupport.o)
 .comment       0x00000069       0x24 C:/devkitPro/devkitARM/bin/../lib/gcc/arm-none-eabi/14.1.0/../../../../arm-none-eabi/lib/thumb\libsysbase.a(libsysbase_libsysbase_a-isatty.o)
 .comment       0x00000069       0x24 C:/devkitPro/devkitARM/bin/../lib/gcc/arm-none-eabi/14.1.0/../../../../arm-none-eabi/lib/thumb\libsysbase.a(libsysbase_libsysbase_a-kill.o)
 .comment       0x00000069       0x24 C:/devkitPro/devkitARM/bin/../lib/gcc/arm-none-eabi/14.1.0/../../../../arm-none-eabi/lib/thumb\libsysbase.a(libsysbase_libsysbase_a-lseek.o)
 .comment       0x00000069       0x24 C:/devkitPro/devkitARM/bin/../lib/gcc/arm-none-eabi/14.1.0/../../../../arm-none-eabi/lib/thumb\libsysbase.a(libsysbase_libsysbase_a-malloc_vars.o)
 .comment       0x00000069       0x24 C:/devkitPro/devkitARM/bin/../lib/gcc/arm-none-eabi/14.1.0/../../../../arm-none-eabi/lib/thumb\libsysbase.a(libsysbase_libsysbase_a-read.o)
 .comment       0x00000069       0x24 C:/devkitPro/devkitARM/bin/../lib/gcc/arm-none-eabi/14.1.0/../../../../arm-none-eabi/lib/thumb\libsysbase.a(libsysbase_libsysbase_a-sbrk.o)
 .comment       0x00000069       0x24 C:/devkitPro/devkitARM/bin/../lib/gcc/arm-none-eabi/14.1.0/../../../../arm-none-eabi/lib/thumb\libsysbase.a(libsysbase_libsysbase_a-syscall_support.o)
 .comment       0x00000069       0x24 C:/devkitPro/devkitARM/bin/../lib/gcc/arm-none-eabi/14.1.0/../../../../arm-none-eabi/lib/thumb\libsysbase.a(libsysbase_libsysbase_a-write.o)
 .comment       0x00000069       0x24 C:/devkitPro/devkitARM/bin/../lib/gcc/arm-none-eabi/14.1.0/thumb\libgcc.a(_muldi3.o)
 .comment       0x00000069       0x24 C:/devkitPro/devkitARM/bin/../lib/gcc/arm-none-eabi/14.1.0/thumb\libgcc.a(_udivmoddi4.o)
 .comment       0x00000069       0x24 C:/devkitPro/devkitARM/bin/../lib/gcc/arm-none-eabi/14.1.0/thumb/crtend.o

.ARM.attributes
                0x00000000       0x2d
 .ARM.attributes
                0x00000000       0x21 C:/devkitPro/devkitARM/bin/../lib/gcc/arm-none-eabi/14.1.0/../../../../arm-none-eabi/lib/thumb/ds_arm9_crt0.o
 .ARM.attributes
                0x00000021       0x1c C:/devkitPro/devkitARM/bin/../lib/gcc/arm-none-eabi/14.1.0/thumb/crti.o
 .ARM.attributes
                0x0000003d       0x2a C:/devkitPro/devkitARM/bin/../lib/gcc/arm-none-eabi/14.1.0/thumb/crtbegin.o
 .ARM.attributes
                0x00000067       0x1b ball.o
 .ARM.attributes
                0x00000082       0x1b dandelion.o
 .ARM.attributes
                0x0000009d       0x1b penguin.o
 .ARM.attributes
                0x000000b8       0x1b puffle.o
 .ARM.attributes
                0x000000d3       0x1b rose.o
 .ARM.attributes
                0x000000ee       0x27 arm9.o
 .ARM.attributes
                0x00000115       0x2b C:/devkitPro/libnds/lib\libnds9.a(background.o)
 .ARM.attributes
                0x00000140       0x2b C:/devkitPro/libnds/lib\libnds9.a(trig.o)
 .ARM.attributes
                0x0000016b       0x2b C:/devkitPro/libnds/lib\libnds9.a(touch.o)
 .ARM.attributes
                0x00000196       0x2b C:/devkitPro/libnds/lib\libnds9.a(sprite_alloc.o)
 .ARM.attributes
                0x000001c1       0x2b C:/devkitPro/libnds/lib\libnds9.a(system.o)
 .ARM.attributes
                0x000001ec       0x2b C:/devkitPro/libnds/lib\libnds9.a(console.o)
 .ARM.attributes
                0x00000217       0x2b C:/devkitPro/libnds/lib\libnds9.a(sprite.o)
 .ARM.attributes
                0x00000242       0x2b C:/devkitPro/libnds/lib\libnds9.a(keys.o)
 .ARM.attributes
                0x0000026d       0x2b C:/devkitPro/libnds/lib\libnds9.a(initSystem.o)
 .ARM.attributes
                0x00000298       0x2b C:/devkitPro/libnds/lib\libnds9.a(securearea.o)
 .ARM.attributes
                0x000002c3       0x2b C:/devkitPro/libnds/lib\libnds9.a(interrupts.o)
 .ARM.attributes
                0x000002ee       0x2b C:/devkitPro/libnds/lib\libnds9.a(libnds_exit.arm.o)
 .ARM.attributes
                0x00000319       0x2b C:/devkitPro/libnds/lib\libnds9.a(fifosystem.o)
 .ARM.attributes
                0x00000344       0x1b C:/devkitPro/libnds/lib\libnds9.a(dcache.o)
 .ARM.attributes
                0x0000035f       0x21 C:/devkitPro/libnds/lib\libnds9.a(mpu_setup.o)
 .ARM.attributes
                0x00000380       0x21 C:/devkitPro/libnds/lib\libnds9.a(IntrWait.o)
 .ARM.attributes
                0x000003a1       0x21 C:/devkitPro/libnds/lib\libnds9.a(cpu_clock.o)
 .ARM.attributes
                0x000003c2       0x1b C:/devkitPro/libnds/lib\libnds9.a(interruptDispatcher.o)
 .ARM.attributes
                0x000003dd       0x1b C:/devkitPro/libnds/lib\libnds9.a(biosCalls.o)
 .ARM.attributes
                0x000003f8       0x21 C:/devkitPro/libnds/lib\libnds9.a(swiSoftReset.o)
 .ARM.attributes
                0x00000419       0x14 C:/devkitPro/libnds/lib\libnds9.a(default_font.bin.o)
 .ARM.attributes
                0x0000042d       0x2b C:/devkitPro/libnds/lib\libnds9.a(video.o)
 .ARM.attributes
                0x00000458       0x27 C:\devkitPro\libcamera/lib\libcamera9.a(cam9.o)
 .ARM.attributes
                0x0000047f       0x27 C:\devkitPro\libcamera/lib\libcamera9.a(cam_dma.o)
 .ARM.attributes
                0x000004a6       0x1c C:/devkitPro/devkitARM/bin/../lib/gcc/arm-none-eabi/14.1.0/thumb\libgcc.a(_divsi3.o)
 .ARM.attributes
                0x000004c2       0x1c C:/devkitPro/devkitARM/bin/../lib/gcc/arm-none-eabi/14.1.0/thumb\libgcc.a(_dvmd_tls.o)
 .ARM.attributes
                0x000004de       0x2a C:/devkitPro/devkitARM/bin/../lib/gcc/arm-none-eabi/14.1.0/thumb\libgcc.a(unwind-arm.o)
 .ARM.attributes
                0x00000508       0x1c C:/devkitPro/devkitARM/bin/../lib/gcc/arm-none-eabi/14.1.0/thumb\libgcc.a(libunwind.o)
 .ARM.attributes
                0x00000524       0x2a C:/devkitPro/devkitARM/bin/../lib/gcc/arm-none-eabi/14.1.0/thumb\libgcc.a(pr-support.o)
 .ARM.attributes
                0x0000054e       0x2a C:/devkitPro/devkitARM/bin/../lib/gcc/arm-none-eabi/14.1.0/../../../../arm-none-eabi/lib/thumb\libg.a(libc_a-fwrite.o)
 .ARM.attributes
                0x00000578       0x2a C:/devkitPro/devkitARM/bin/../lib/gcc/arm-none-eabi/14.1.0/../../../../arm-none-eabi/lib/thumb\libg.a(libc_a-fvwrite.o)
 .ARM.attributes
                0x000005a2       0x2a C:/devkitPro/devkitARM/bin/../lib/gcc/arm-none-eabi/14.1.0/../../../../arm-none-eabi/lib/thumb\libg.a(libc_a-memchr-stub.o)
 .ARM.attributes
                0x000005cc       0x2a C:/devkitPro/devkitARM/bin/../lib/gcc/arm-none-eabi/14.1.0/../../../../arm-none-eabi/lib/thumb\libg.a(libc_a-siscanf.o)
 .ARM.attributes
                0x000005f6       0x2a C:/devkitPro/devkitARM/bin/../lib/gcc/arm-none-eabi/14.1.0/../../../../arm-none-eabi/lib/thumb\libg.a(libc_a-stdio.o)
 .ARM.attributes
                0x00000620       0x2a C:/devkitPro/devkitARM/bin/../lib/gcc/arm-none-eabi/14.1.0/../../../../arm-none-eabi/lib/thumb\libg.a(libc_a-abort.o)
 .ARM.attributes
                0x0000064a       0x2a C:/devkitPro/devkitARM/bin/../lib/gcc/arm-none-eabi/14.1.0/../../../../arm-none-eabi/lib/thumb\libg.a(libc_a-realloc.o)
 .ARM.attributes
                0x00000674       0x2a C:/devkitPro/devkitARM/bin/../lib/gcc/arm-none-eabi/14.1.0/../../../../arm-none-eabi/lib/thumb\libg.a(libc_a-findfp.o)
 .ARM.attributes
                0x0000069e       0x2a C:/devkitPro/devkitARM/bin/../lib/gcc/arm-none-eabi/14.1.0/../../../../arm-none-eabi/lib/thumb\libg.a(libc_a-mallocr.o)
 .ARM.attributes
                0x000006c8       0x2a C:/devkitPro/devkitARM/bin/../lib/gcc/arm-none-eabi/14.1.0/../../../../arm-none-eabi/lib/thumb\libg.a(libc_a-freer.o)
 .ARM.attributes
                0x000006f2       0x2a C:/devkitPro/devkitARM/bin/../lib/gcc/arm-none-eabi/14.1.0/../../../../arm-none-eabi/lib/thumb\libg.a(libc_a-setvbuf.o)
 .ARM.attributes
                0x0000071c       0x2a C:/devkitPro/devkitARM/bin/../lib/gcc/arm-none-eabi/14.1.0/../../../../arm-none-eabi/lib/thumb\libg.a(libc_a-malloc.o)
 .ARM.attributes
                0x00000746       0x2a C:/devkitPro/devkitARM/bin/../lib/gcc/arm-none-eabi/14.1.0/../../../../arm-none-eabi/lib/thumb\libg.a(libc_a-memcpy-stub.o)
 .ARM.attributes
                0x00000770       0x2a C:/devkitPro/devkitARM/bin/../lib/gcc/arm-none-eabi/14.1.0/../../../../arm-none-eabi/lib/thumb\libg.a(libc_a-memset.o)
 .ARM.attributes
                0x0000079a       0x2a C:/devkitPro/devkitARM/bin/../lib/gcc/arm-none-eabi/14.1.0/../../../../arm-none-eabi/lib/thumb\libg.a(libc_a-reallocr.o)
 .ARM.attributes
                0x000007c4       0x2a C:/devkitPro/devkitARM/bin/../lib/gcc/arm-none-eabi/14.1.0/../../../../arm-none-eabi/lib/thumb\libg.a(libc_a-fwalk.o)
 .ARM.attributes
                0x000007ee       0x2a C:/devkitPro/devkitARM/bin/../lib/gcc/arm-none-eabi/14.1.0/../../../../arm-none-eabi/lib/thumb\libg.a(libc_a-mlock.o)
 .ARM.attributes
                0x00000818       0x2a C:/devkitPro/devkitARM/bin/../lib/gcc/arm-none-eabi/14.1.0/../../../../arm-none-eabi/lib/thumb\libg.a(libc_a-iprintf.o)
 .ARM.attributes
                0x00000842       0x2a C:/devkitPro/devkitARM/bin/../lib/gcc/arm-none-eabi/14.1.0/../../../../arm-none-eabi/lib/thumb\libg.a(libc_a-init.o)
 .ARM.attributes
                0x0000086c       0x2a C:/devkitPro/devkitARM/bin/../lib/gcc/arm-none-eabi/14.1.0/../../../../arm-none-eabi/lib/thumb\libg.a(libc_a-wsetup.o)
 .ARM.attributes
                0x00000896       0x2a C:/devkitPro/devkitARM/bin/../lib/gcc/arm-none-eabi/14.1.0/../../../../arm-none-eabi/lib/thumb\libg.a(libc_a-fflush.o)
 .ARM.attributes
                0x000008c0       0x2a C:/devkitPro/devkitARM/bin/../lib/gcc/arm-none-eabi/14.1.0/../../../../arm-none-eabi/lib/thumb\libg.a(libc_a-strlen-stub.o)
 .ARM.attributes
                0x000008ea       0x2a C:/devkitPro/devkitARM/bin/../lib/gcc/arm-none-eabi/14.1.0/../../../../arm-none-eabi/lib/thumb\libg.a(libc_a-memmove.o)
 .ARM.attributes
                0x00000914       0x2a C:/devkitPro/devkitARM/bin/../lib/gcc/arm-none-eabi/14.1.0/../../../../arm-none-eabi/lib/thumb\libg.a(libc_a-signal.o)
 .ARM.attributes
                0x0000093e       0x2a C:/devkitPro/devkitARM/bin/../lib/gcc/arm-none-eabi/14.1.0/../../../../arm-none-eabi/lib/thumb\libg.a(libc_a-impure.o)
 .ARM.attributes
                0x00000968       0x2a C:/devkitPro/devkitARM/bin/../lib/gcc/arm-none-eabi/14.1.0/../../../../arm-none-eabi/lib/thumb\libg.a(libc_a-vfiprintf.o)
 .ARM.attributes
                0x00000992       0x2a C:/devkitPro/devkitARM/bin/../lib/gcc/arm-none-eabi/14.1.0/../../../../arm-none-eabi/lib/thumb\libg.a(libc_a-malignr.o)
 .ARM.attributes
                0x000009bc       0x2a C:/devkitPro/devkitARM/bin/../lib/gcc/arm-none-eabi/14.1.0/../../../../arm-none-eabi/lib/thumb\libg.a(libc_a-svfiscanf.o)
 .ARM.attributes
                0x000009e6       0x2a C:/devkitPro/devkitARM/bin/../lib/gcc/arm-none-eabi/14.1.0/../../../../arm-none-eabi/lib/thumb\libg.a(libc_a-strtoul.o)
 .ARM.attributes
                0x00000a10       0x2a C:/devkitPro/devkitARM/bin/../lib/gcc/arm-none-eabi/14.1.0/../../../../arm-none-eabi/lib/thumb\libg.a(libc_a-sprint_r.o)
 .ARM.attributes
                0x00000a3a       0x2a C:/devkitPro/devkitARM/bin/../lib/gcc/arm-none-eabi/14.1.0/../../../../arm-none-eabi/lib/thumb\libg.a(libc_a-iswspace.o)
 .ARM.attributes
                0x00000a64       0x2a C:/devkitPro/devkitARM/bin/../lib/gcc/arm-none-eabi/14.1.0/../../../../arm-none-eabi/lib/thumb\libg.a(libc_a-sccl.o)
 .ARM.attributes
                0x00000a8e       0x2a C:/devkitPro/devkitARM/bin/../lib/gcc/arm-none-eabi/14.1.0/../../../../arm-none-eabi/lib/thumb\libg.a(libc_a-fclose.o)
 .ARM.attributes
                0x00000ab8       0x2a C:/devkitPro/devkitARM/bin/../lib/gcc/arm-none-eabi/14.1.0/../../../../arm-none-eabi/lib/thumb\libg.a(libc_a-localeconv.o)
 .ARM.attributes
                0x00000ae2       0x2a C:/devkitPro/devkitARM/bin/../lib/gcc/arm-none-eabi/14.1.0/../../../../arm-none-eabi/lib/thumb\libg.a(libc_a-makebuf.o)
 .ARM.attributes
                0x00000b0c       0x2a C:/devkitPro/devkitARM/bin/../lib/gcc/arm-none-eabi/14.1.0/../../../../arm-none-eabi/lib/thumb\libg.a(libc_a-wcrtomb.o)
 .ARM.attributes
                0x00000b36       0x2a C:/devkitPro/devkitARM/bin/../lib/gcc/arm-none-eabi/14.1.0/../../../../arm-none-eabi/lib/thumb\libg.a(libc_a-strtol.o)